<html>
<body>
<pre>
<h1>µVision Build Log</h1>
<h2>Tool Versions:</h2>
IDE-Version: ¦ÌVision V5.38.0.0
Copyright (C) 2022 ARM Ltd and ARM Germany GmbH. All rights reserved.
License Information: 1 8613015757858, 1, LIC=CZLZX-HNWIQ-HLRCL-06U8X-AQN6S-V00Y3
 
Tool Versions:
Toolchain:       MDK-ARM Plus  Version: 5.14.0.0
Toolchain Path:  F:\Keil_v5\ARM\ARMCC\Bin
C Compiler:      Armcc.exe V5.05 update 1 (build 106)
Assembler:       Armasm.exe V5.05 update 1 (build 106)
Linker/Locator:  ArmLink.exe V5.05 update 1 (build 106)
Library Manager: ArmAr.exe V5.05 update 1 (build 106)
Hex Converter:   FromElf.exe V5.05 update 1 (build 106)
CPU DLL:         SARMCM3.DLL V5.14.0.0
Dialog DLL:      DCM.DLL V1.13.1.0
Target DLL:      CMSIS_AGDI.dll V1.21.0.0
Dialog DLL:      TCM.DLL V1.14.4.0
 
<h2>Project:</h2>
G:\keil-project\72-sl2823¶ÁÐ´Æ÷NFC\Project\RVMDK£¨uv5£©\BH-F103.uvprojx
Project File Date:  09/20/2023

<h2>Output:</h2>
*** Using Compiler 'V5.05 update 1 (build 106)', folder: 'F:\Keil_v5\ARM\ARMCC\Bin'
Build target 'Led'
assembling startup_stm32f10x_hd.s...
compiling stm32f10x_dbgmcu.c...
compiling misc.c...
compiling stm32f10x_crc.c...
compiling system_stm32f10x.c...
compiling stm32f10x_dac.c...
compiling stm32f10x_bkp.c...
compiling stm32f10x_cec.c...
compiling stm32f10x_dma.c...
compiling stm32f10x_exti.c...
compiling stm32f10x_adc.c...
compiling stm32f10x_can.c...
compiling stm32f10x_iwdg.c...
compiling stm32f10x_gpio.c...
compiling stm32f10x_fsmc.c...
compiling stm32f10x_flash.c...
compiling stm32f10x_i2c.c...
compiling stm32f10x_pwr.c...
compiling stm32f10x_rtc.c...
compiling stm32f10x_rcc.c...
compiling stm32f10x_sdio.c...
compiling stm32f10x_spi.c...
compiling stm32f10x_tim.c...
compiling stm32f10x_wwdg.c...
compiling stm32f10x_it.c...
compiling stm32f10x_usart.c...
compiling bsp_led.c...
compiling bsp_SysTick.c...
compiling bsp_usart.c...
compiling main.c...
compiling sl2x23_if.c...
compiling sl2x23_iic.c...
compiling sl2x23_spi.c...
compiling Rfid_interface.c...
compiling sl2x23.c...
compiling lpcd.c...
compiling iso14443b.c...
compiling iso14443_4.c...
compiling mifare.c...
compiling iso14443a.c...
linking...
Program Size: Code=24556 RO-data=416 RW-data=112 ZI-data=1232  
FromELF: creating hex file...
"..\..\Output\Á÷Ë®µÆ.axf" - 0 Error(s), 0 Warning(s).

<h2>Software Packages used:</h2>

Package Vendor: Keil
                http://www.keil.com/pack/Keil.STM32F1xx_DFP.2.2.0.pack
                Keil.STM32F1xx_DFP.2.2.0
                STMicroelectronics STM32F1 Series Device Support, Drivers and Examples

<h2>Collection of Component include folders:</h2>
  F:/Keil_v5/ARM/PACK/Keil/STM32F1xx_DFP/2.2.0/Device/Include

<h2>Collection of Component Files used:</h2>
Build Time Elapsed:  00:00:03
</pre>
</body>
</html>
