<html>
<body>
<pre>
<h1>礦ision Build Log</h1>
<h2>Tool Versions:</h2>
IDE-Version: μVision V5.14.0.0
Copyright (C) 2015 ARM Ltd and ARM Germany GmbH. All rights reserved.
License Information: 1 8613015757858, 1, LIC=CZLZX-HNWIQ-HLRCL-06U8X-AQN6S-V00Y3
 
Tool Versions:
Toolchain:       MDK-ARM Standard  Version: 5.14.0.0
Toolchain Path:  F:\Keil_v5\ARM\ARMCC\Bin
C Compiler:      Armcc.exe V5.05 update 1 (build 106)
Assembler:       Armasm.exe V5.05 update 1 (build 106)
Linker/Locator:  ArmLink.exe V5.05 update 1 (build 106)
Library Manager: ArmAr.exe V5.05 update 1 (build 106)
Hex Converter:   FromElf.exe V5.05 update 1 (build 106)
CPU DLL:         SARMCM3.DLL V5.14.0.0
Dialog DLL:      DCM.DLL V1.13.1.0
Target DLL:      CMSIS_AGDI.dll V1.21.0.0
Dialog DLL:      TCM.DLL V1.14.4.0
 
<h2>Project:</h2>
D:\fireClass\野火模块产品\传感器\光_AP3216C\配套资料\2-STM32系列配套程序\F103_霸道开发板_V2\3.AP3216C全功能例程_(硬件I2C)\Project\Fire_F103ZE.uvprojx
Project File Date:  08/03/2023

<h2>Output:</h2>
Build target 'I2C'
assembling startup_stm32f103xe.s...
compiling system_stm32f1xx.c...
compiling stm32f1xx_hal.c...
compiling stm32f1xx_hal_adc.c...
compiling stm32f1xx_hal_adc_ex.c...
compiling stm32f1xx_hal_can.c...
compiling stm32f1xx_hal_cec.c...
compiling stm32f1xx_hal_cortex.c...
compiling stm32f1xx_hal_crc.c...
compiling stm32f1xx_hal_dac.c...
compiling stm32f1xx_hal_dac_ex.c...
compiling stm32f1xx_hal_dma.c...
compiling stm32f1xx_hal_eth.c...
compiling stm32f1xx_hal_flash.c...
compiling stm32f1xx_hal_flash_ex.c...
compiling stm32f1xx_hal_gpio.c...
compiling stm32f1xx_hal_gpio_ex.c...
compiling stm32f1xx_hal_hcd.c...
compiling stm32f1xx_hal_i2c.c...
compiling stm32f1xx_hal_i2s.c...
compiling stm32f1xx_hal_irda.c...
compiling stm32f1xx_hal_iwdg.c...
compiling stm32f1xx_hal_mmc.c...
compiling stm32f1xx_hal_nand.c...
compiling stm32f1xx_hal_nor.c...
compiling stm32f1xx_hal_pccard.c...
compiling stm32f1xx_hal_pcd.c...
compiling stm32f1xx_hal_pcd_ex.c...
compiling stm32f1xx_hal_pwr.c...
compiling stm32f1xx_hal_rcc.c...
compiling stm32f1xx_hal_rcc_ex.c...
compiling stm32f1xx_hal_rtc.c...
compiling stm32f1xx_hal_rtc_ex.c...
compiling stm32f1xx_hal_sd.c...
compiling stm32f1xx_hal_smartcard.c...
compiling stm32f1xx_hal_spi.c...
compiling stm32f1xx_hal_sram.c...
compiling stm32f1xx_hal_tim.c...
compiling stm32f1xx_hal_tim_ex.c...
compiling stm32f1xx_hal_uart.c...
compiling stm32f1xx_hal_usart.c...
compiling stm32f1xx_hal_wwdg.c...
compiling stm32f1xx_ll_fsmc.c...
compiling stm32f1xx_ll_sdmmc.c...
compiling stm32f1xx_ll_usb.c...
compiling main.c...
compiling stm32f1xx_it.c...
compiling bsp_led.c...
compiling bsp_debug_usart.c...
compiling ap3216c.c...
compiling bsp_i2c.c...
linking...
Program Size: Code=13780 RO-data=360 RW-data=44 ZI-data=1172  
FromELF: creating hex file...
"..\Output\Fire_F103ZE.axf" - 0 Error(s), 0 Warning(s).

<h2>Collection of Component include folders:</h2>
  D:\fireClass\野火模块产品\传感器\光_AP3216C\配套资料\2-STM32系列配套程序\F103_霸道开发板_V2\3.AP3216C全功能例程_(硬件I2C)\Project\RTE
  F:\Keil_v5\ARM\PACK\Keil\STM32F1xx_DFP\2.2.0

<h2>Collection of Component Files used:</h2>
</pre>
</body>
</html>
