Component: ARM Compiler 5.05 update 1 (build 106) Tool: armlink [4d0efa]

==============================================================================

Section Cross References

    startup_stm32f10x_hd.o(RESET) refers to startup_stm32f10x_hd.o(STACK) for __initial_sp
    startup_stm32f10x_hd.o(RESET) refers to startup_stm32f10x_hd.o(.text) for Reset_Handler
    startup_stm32f10x_hd.o(RESET) refers to stm32f10x_it.o(.text) for NMI_Handler
    startup_stm32f10x_hd.o(.text) refers to system_stm32f10x.o(.text) for SystemInit
    startup_stm32f10x_hd.o(.text) refers to entry.o(.ARM.Collect$$$$00000000) for __main
    system_stm32f10x.o(.text) refers to system_stm32f10x.o(.data) for SystemCoreClock
    stm32f10x_adc.o(.text) refers to stm32f10x_rcc.o(.text) for RCC_APB2PeriphResetCmd
    stm32f10x_bkp.o(.text) refers to stm32f10x_rcc.o(.text) for RCC_BackupResetCmd
    stm32f10x_can.o(.text) refers to stm32f10x_rcc.o(.text) for RCC_APB1PeriphResetCmd
    stm32f10x_cec.o(.text) refers to stm32f10x_rcc.o(.text) for RCC_APB1PeriphResetCmd
    stm32f10x_dac.o(.text) refers to stm32f10x_rcc.o(.text) for RCC_APB1PeriphResetCmd
    stm32f10x_gpio.o(.text) refers to stm32f10x_rcc.o(.text) for RCC_APB2PeriphResetCmd
    stm32f10x_i2c.o(.text) refers to stm32f10x_rcc.o(.text) for RCC_APB1PeriphResetCmd
    stm32f10x_pwr.o(.text) refers to stm32f10x_rcc.o(.text) for RCC_APB1PeriphResetCmd
    stm32f10x_rcc.o(.text) refers to stm32f10x_rcc.o(.data) for APBAHBPrescTable
    stm32f10x_spi.o(.text) refers to stm32f10x_rcc.o(.text) for RCC_APB2PeriphResetCmd
    stm32f10x_tim.o(.text) refers to stm32f10x_rcc.o(.text) for RCC_APB2PeriphResetCmd
    stm32f10x_usart.o(.text) refers to stm32f10x_rcc.o(.text) for RCC_APB2PeriphResetCmd
    stm32f10x_wwdg.o(.text) refers to stm32f10x_rcc.o(.text) for RCC_APB1PeriphResetCmd
    main.o(.text) refers to bsp_usart.o(.text) for USART_Config
    main.o(.text) refers to bsp_systick.o(.text) for SysTick_Init
    main.o(.text) refers to bsp_gsm_usart.o(.text) for GSM_USART_Config
    main.o(.text) refers to printf3.o(i.__0printf$3) for __2printf
    main.o(.text) refers to bsp_gsm_gprs.o(.text) for gsm_cmd
    main.o(.text) refers to memseta.o(.text) for __aeabi_memclr
    main.o(.text) refers to main.o(.conststring) for .conststring
    main.o(.text) refers to main.o(.constdata) for num
    main.o(.text) refers to bsp_gsm_gprs.o(.bss) for address
    main.o(.text) refers to main.o(.bss) for str
    main.o(.text) refers to bsp_gsm_gprs.o(.data) for currentAddIndex
    stm32f10x_it.o(.text) refers to bsp_systick.o(.text) for TimingDelay_Decrement
    stm32f10x_it.o(.text) refers to stm32f10x_usart.o(.text) for USART_GetITStatus
    stm32f10x_it.o(.text) refers to printf3.o(i.__0printf$3) for __2printf
    stm32f10x_it.o(.text) refers to bsp_gsm_usart.o(.text) for bsp_GSM_USART_IRQHandler
    stm32f10x_it.o(.text) refers to bsp_sdio_sdcard.o(.text) for SD_ProcessIRQSrc
    bsp_usart.o(.text) refers to misc.o(.text) for NVIC_PriorityGroupConfig
    bsp_usart.o(.text) refers to stm32f10x_rcc.o(.text) for RCC_APB2PeriphClockCmd
    bsp_usart.o(.text) refers to stm32f10x_gpio.o(.text) for GPIO_Init
    bsp_usart.o(.text) refers to stm32f10x_usart.o(.text) for USART_Init
    bsp_key.o(.text) refers to stm32f10x_rcc.o(.text) for RCC_APB2PeriphClockCmd
    bsp_key.o(.text) refers to stm32f10x_gpio.o(.text) for GPIO_Init
    bsp_sdio_sdcard.o(.text) refers to stm32f10x_sdio.o(.text) for SDIO_ClockCmd
    bsp_sdio_sdcard.o(.text) refers to stm32f10x_rcc.o(.text) for RCC_AHBPeriphClockCmd
    bsp_sdio_sdcard.o(.text) refers to stm32f10x_gpio.o(.text) for GPIO_Init
    bsp_sdio_sdcard.o(.text) refers to misc.o(.text) for NVIC_PriorityGroupConfig
    bsp_sdio_sdcard.o(.text) refers to stm32f10x_dma.o(.text) for DMA_GetFlagStatus
    bsp_sdio_sdcard.o(.text) refers to bsp_sdio_sdcard.o(.bss) for SDIO_CmdInitStructure
    bsp_sdio_sdcard.o(.text) refers to bsp_sdio_sdcard.o(.data) for RCA
    bsp_sdio_sdcard.o(.text) refers to uldiv.o(.text) for __aeabi_uldivmod
    bsp_systick.o(.text) refers to system_stm32f10x.o(.data) for SystemCoreClock
    bsp_systick.o(.text) refers to bsp_systick.o(.data) for TimingDelay
    bsp_gsm_gprs.o(.text) refers to bsp_gsm_usart.o(.text) for get_rebuff
    bsp_gsm_gprs.o(.text) refers to bsp_systick.o(.text) for Delay_ms
    bsp_gsm_gprs.o(.text) refers to strstr.o(.text) for strstr
    bsp_gsm_gprs.o(.text) refers to core_cm3.o(.emb_text) for __REVSH
    bsp_gsm_gprs.o(.text) refers to cc936.o(.text) for ff_convert
    bsp_gsm_gprs.o(.text) refers to printf3.o(i.__0sprintf$3) for __2sprintf
    bsp_gsm_gprs.o(.text) refers to strcpy.o(.text) for strcpy
    bsp_gsm_gprs.o(.text) refers to strtok.o(.text) for strtok
    bsp_gsm_gprs.o(.text) refers to atoi.o(.text) for atoi
    bsp_gsm_gprs.o(.text) refers to strtoul.o(.text) for strtoul
    bsp_gsm_gprs.o(.text) refers to memseta.o(.text) for __aeabi_memclr4
[...]
    printfb.o(i.__0vprintf$bare) refers to bsp_usart.o(.text) for fputc
    printfb.o(i.__0vprintf$bare) refers to stdout.o(.data) for __stdout
    printfb.o(i.__0vsnprintf$bare) refers to printfb.o(i._printf_core) for _printf_core
    printfb.o(i.__0vsnprintf$bare) refers to printfb.o(i._snputc) for _snputc
    printfb.o(i.__0vsprintf$bare) refers to printfb.o(i._printf_core) for _printf_core
    printfb.o(i.__0vsprintf$bare) refers to printfb.o(i._sputc) for _sputc
    printf0.o(i.__0fprintf$0) refers to printf0.o(i._printf_core) for _printf_core
    printf0.o(i.__0fprintf$0) refers to bsp_usart.o(.text) for fputc
    printf0.o(i.__0printf$0) refers to printf0.o(i._printf_core) for _printf_core
    printf0.o(i.__0printf$0) refers to bsp_usart.o(.text) for fputc
    printf0.o(i.__0printf$0) refers to stdout.o(.data) for __stdout
    printf0.o(i.__0snprintf$0) refers to printf0.o(i._printf_core) for _printf_core
    printf0.o(i.__0snprintf$0) refers to printf0.o(i._snputc) for _snputc
    printf0.o(i.__0sprintf$0) refers to printf0.o(i._printf_core) for _printf_core
    printf0.o(i.__0sprintf$0) refers to printf0.o(i._sputc) for _sputc
    printf0.o(i.__0vfprintf$0) refers to printf0.o(i._printf_core) for _printf_core
    printf0.o(i.__0vfprintf$0) refers to bsp_usart.o(.text) for fputc
    printf0.o(i.__0vprintf$0) refers to printf0.o(i._printf_core) for _printf_core
    printf0.o(i.__0vprintf$0) refers to bsp_usart.o(.text) for fputc
    printf0.o(i.__0vprintf$0) refers to stdout.o(.data) for __stdout
    printf0.o(i.__0vsnprintf$0) refers to printf0.o(i._printf_core) for _printf_core
    printf0.o(i.__0vsnprintf$0) refers to printf0.o(i._snputc) for _snputc
    printf0.o(i.__0vsprintf$0) refers to printf0.o(i._printf_core) for _printf_core
    printf0.o(i.__0vsprintf$0) refers to printf0.o(i._sputc) for _sputc
    printf1.o(i.__0fprintf$1) refers to printf1.o(i._printf_core) for _printf_core
    printf1.o(i.__0fprintf$1) refers to bsp_usart.o(.text) for fputc
    printf1.o(i.__0printf$1) refers to printf1.o(i._printf_core) for _printf_core
    printf1.o(i.__0printf$1) refers to bsp_usart.o(.text) for fputc
    printf1.o(i.__0printf$1) refers to stdout.o(.data) for __stdout
    printf1.o(i.__0snprintf$1) refers to printf1.o(i._printf_core) for _printf_core
    printf1.o(i.__0snprintf$1) refers to printf1.o(i._snputc) for _snputc
    printf1.o(i.__0sprintf$1) refers to printf1.o(i._printf_core) for _printf_core
    printf1.o(i.__0sprintf$1) refers to printf1.o(i._sputc) for _sputc
    printf1.o(i.__0vfprintf$1) refers to printf1.o(i._printf_core) for _printf_core
    printf1.o(i.__0vfprintf$1) refers to bsp_usart.o(.text) for fputc
    printf1.o(i.__0vprintf$1) refers to printf1.o(i._printf_core) for _printf_core
    printf1.o(i.__0vprintf$1) refers to bsp_usart.o(.text) for fputc
    printf1.o(i.__0vprintf$1) refers to stdout.o(.data) for __stdout
    printf1.o(i.__0vsnprintf$1) refers to printf1.o(i._printf_core) for _printf_core
    printf1.o(i.__0vsnprintf$1) refers to printf1.o(i._snputc) for _snputc
    printf1.o(i.__0vsprintf$1) refers to printf1.o(i._printf_core) for _printf_core
    printf1.o(i.__0vsprintf$1) refers to printf1.o(i._sputc) for _sputc
    printf1.o(i._printf_core) refers to uidiv.o(.text) for __aeabi_uidivmod
    printf2.o(i.__0fprintf$2) refers to printf2.o(i._printf_core) for _printf_core
    printf2.o(i.__0fprintf$2) refers to bsp_usart.o(.text) for fputc
    printf2.o(i.__0printf$2) refers to printf2.o(i._printf_core) for _printf_core
    printf2.o(i.__0printf$2) refers to bsp_usart.o(.text) for fputc
    printf2.o(i.__0printf$2) refers to stdout.o(.data) for __stdout
    printf2.o(i.__0snprintf$2) refers to printf2.o(i._printf_core) for _printf_core
    printf2.o(i.__0snprintf$2) refers to printf2.o(i._snputc) for _snputc
    printf2.o(i.__0sprintf$2) refers to printf2.o(i._printf_core) for _printf_core
    printf2.o(i.__0sprintf$2) refers to printf2.o(i._sputc) for _sputc
    printf2.o(i.__0vfprintf$2) refers to printf2.o(i._printf_core) for _printf_core
    printf2.o(i.__0vfprintf$2) refers to bsp_usart.o(.text) for fputc
    printf2.o(i.__0vprintf$2) refers to printf2.o(i._printf_core) for _printf_core
    printf2.o(i.__0vprintf$2) refers to bsp_usart.o(.text) for fputc
    printf2.o(i.__0vprintf$2) refers to stdout.o(.data) for __stdout
    printf2.o(i.__0vsnprintf$2) refers to printf2.o(i._printf_core) for _printf_core
    printf2.o(i.__0vsnprintf$2) refers to printf2.o(i._snputc) for _snputc
    printf2.o(i.__0vsprintf$2) refers to printf2.o(i._printf_core) for _printf_core
    printf2.o(i.__0vsprintf$2) refers to printf2.o(i._sputc) for _sputc
    printf3.o(i.__0fprintf$3) refers to printf3.o(i._printf_core) for _printf_core
    printf3.o(i.__0fprintf$3) refers to bsp_usart.o(.text) for fputc
    printf3.o(i.__0printf$3) refers to printf3.o(i._printf_core) for _printf_core
    printf3.o(i.__0printf$3) refers to bsp_usart.o(.text) for fputc
    printf3.o(i.__0printf$3) refers to stdout.o(.data) for __stdout
    printf3.o(i.__0snprintf$3) refers to printf3.o(i._printf_core) for _printf_core
    printf3.o(i.__0snprintf$3) refers to printf3.o(i._snputc) for _snputc
    printf3.o(i.__0sprintf$3) refers to printf3.o(i._printf_core) for _printf_core
    printf3.o(i.__0sprintf$3) refers to printf3.o(i._sputc) for _sputc
    printf3.o(i.__0vfprintf$3) refers to printf3.o(i._printf_core) for _printf_core
    printf3.o(i.__0vfprintf$3) refers to bsp_usart.o(.text) for fputc
    printf3.o(i.__0vprintf$3) refers to printf3.o(i._printf_core) for _printf_core
    printf3.o(i.__0vprintf$3) refers to bsp_usart.o(.text) for fputc
    printf3.o(i.__0vprintf$3) refers to stdout.o(.data) for __stdout
    printf3.o(i.__0vsnprintf$3) refers to printf3.o(i._printf_core) for _printf_core
    printf3.o(i.__0vsnprintf$3) refers to printf3.o(i._snputc) for _snputc
    printf3.o(i.__0vsprintf$3) refers to printf3.o(i._printf_core) for _printf_core
    printf3.o(i.__0vsprintf$3) refers to printf3.o(i._sputc) for _sputc
    printf3.o(i._printf_core) refers to uidiv.o(.text) for __aeabi_uidivmod
    printf4.o(i.__0fprintf$4) refers to printf4.o(i._printf_core) for _printf_core
    printf4.o(i.__0fprintf$4) refers to bsp_usart.o(.text) for fputc
    printf4.o(i.__0printf$4) refers to printf4.o(i._printf_core) for _printf_core
    printf4.o(i.__0printf$4) refers to bsp_usart.o(.text) for fputc
    printf4.o(i.__0printf$4) refers to stdout.o(.data) for __stdout
    printf4.o(i.__0snprintf$4) refers to printf4.o(i._printf_core) for _printf_core
    printf4.o(i.__0snprintf$4) refers to printf4.o(i._snputc) for _snputc
    printf4.o(i.__0sprintf$4) refers to printf4.o(i._printf_core) for _printf_core
    printf4.o(i.__0sprintf$4) refers to printf4.o(i._sputc) for _sputc
    printf4.o(i.__0vfprintf$4) refers to printf4.o(i._printf_core) for _printf_core
    printf4.o(i.__0vfprintf$4) refers to bsp_usart.o(.text) for fputc
    printf4.o(i.__0vprintf$4) refers to printf4.o(i._printf_core) for _printf_core
    printf4.o(i.__0vprintf$4) refers to bsp_usart.o(.text) for fputc
    printf4.o(i.__0vprintf$4) refers to stdout.o(.data) for __stdout
    printf4.o(i.__0vsnprintf$4) refers to printf4.o(i._printf_core) for _printf_core
    printf4.o(i.__0vsnprintf$4) refers to printf4.o(i._snputc) for _snputc
    printf4.o(i.__0vsprintf$4) refers to printf4.o(i._printf_core) for _printf_core
    printf4.o(i.__0vsprintf$4) refers to printf4.o(i._sputc) for _sputc
    printf4.o(i._printf_core) refers to uldiv.o(.text) for __aeabi_uldivmod
    printf5.o(i.__0fprintf$5) refers to printf5.o(i._printf_core) for _printf_core
    printf5.o(i.__0fprintf$5) refers to bsp_usart.o(.text) for fputc
    printf5.o(i.__0printf$5) refers to printf5.o(i._printf_core) for _printf_core
    printf5.o(i.__0printf$5) refers to bsp_usart.o(.text) for fputc
    printf5.o(i.__0printf$5) refers to stdout.o(.data) for __stdout
    printf5.o(i.__0snprintf$5) refers to printf5.o(i._printf_core) for _printf_core
    printf5.o(i.__0snprintf$5) refers to printf5.o(i._snputc) for _snputc
    printf5.o(i.__0sprintf$5) refers to printf5.o(i._printf_core) for _printf_core
    printf5.o(i.__0sprintf$5) refers to printf5.o(i._sputc) for _sputc
    printf5.o(i.__0vfprintf$5) refers to printf5.o(i._printf_core) for _printf_core
    printf5.o(i.__0vfprintf$5) refers to bsp_usart.o(.text) for fputc
    printf5.o(i.__0vprintf$5) refers to printf5.o(i._printf_core) for _printf_core
    printf5.o(i.__0vprintf$5) refers to bsp_usart.o(.text) for fputc
    printf5.o(i.__0vprintf$5) refers to stdout.o(.data) for __stdout
    printf5.o(i.__0vsnprintf$5) refers to printf5.o(i._printf_core) for _printf_core
    printf5.o(i.__0vsnprintf$5) refers to printf5.o(i._snputc) for _snputc
    printf5.o(i.__0vsprintf$5) refers to printf5.o(i._printf_core) for _printf_core
    printf5.o(i.__0vsprintf$5) refers to printf5.o(i._sputc) for _sputc
    printf5.o(i._printf_core) refers to uldiv.o(.text) for __aeabi_uldivmod
    printf6.o(i.__0fprintf$6) refers to printf6.o(i._printf_core) for _printf_core
    printf6.o(i.__0fprintf$6) refers to bsp_usart.o(.text) for fputc
    printf6.o(i.__0printf$6) refers to printf6.o(i._printf_core) for _printf_core
    printf6.o(i.__0printf$6) refers to bsp_usart.o(.text) for fputc
    printf6.o(i.__0printf$6) refers to stdout.o(.data) for __stdout
    printf6.o(i.__0snprintf$6) refers to printf6.o(i._printf_core) for _printf_core
    printf6.o(i.__0snprintf$6) refers to printf6.o(i._snputc) for _snputc
    printf6.o(i.__0sprintf$6) refers to printf6.o(i._printf_core) for _printf_core
    printf6.o(i.__0sprintf$6) refers to printf6.o(i._sputc) for _sputc
    printf6.o(i.__0vfprintf$6) refers to printf6.o(i._printf_core) for _printf_core
    printf6.o(i.__0vfprintf$6) refers to bsp_usart.o(.text) for fputc
    printf6.o(i.__0vprintf$6) refers to printf6.o(i._printf_core) for _printf_core
    printf6.o(i.__0vprintf$6) refers to bsp_usart.o(.text) for fputc
    printf6.o(i.__0vprintf$6) refers to stdout.o(.data) for __stdout
    printf6.o(i.__0vsnprintf$6) refers to printf6.o(i._printf_core) for _printf_core
    printf6.o(i.__0vsnprintf$6) refers to printf6.o(i._snputc) for _snputc
    printf6.o(i.__0vsprintf$6) refers to printf6.o(i._printf_core) for _printf_core
    printf6.o(i.__0vsprintf$6) refers to printf6.o(i._sputc) for _sputc
    printf6.o(i._printf_core) refers to printf6.o(i._printf_pre_padding) for _printf_pre_padding
    printf6.o(i._printf_core) refers to uidiv.o(.text) for __aeabi_uidivmod
    printf6.o(i._printf_core) refers to printf6.o(i._printf_post_padding) for _printf_post_padding
    printf7.o(i.__0fprintf$7) refers to printf7.o(i._printf_core) for _printf_core
    printf7.o(i.__0fprintf$7) refers to bsp_usart.o(.text) for fputc
    printf7.o(i.__0printf$7) refers to printf7.o(i._printf_core) for _printf_core
    printf7.o(i.__0printf$7) refers to bsp_usart.o(.text) for fputc
    printf7.o(i.__0printf$7) refers to stdout.o(.data) for __stdout
    printf7.o(i.__0snprintf$7) refers to printf7.o(i._printf_core) for _printf_core
    printf7.o(i.__0snprintf$7) refers to printf7.o(i._snputc) for _snputc
    printf7.o(i.__0sprintf$7) refers to printf7.o(i._printf_core) for _printf_core
    printf7.o(i.__0sprintf$7) refers to printf7.o(i._sputc) for _sputc
    printf7.o(i.__0vfprintf$7) refers to printf7.o(i._printf_core) for _printf_core
    printf7.o(i.__0vfprintf$7) refers to bsp_usart.o(.text) for fputc
    printf7.o(i.__0vprintf$7) refers to printf7.o(i._printf_core) for _printf_core
    printf7.o(i.__0vprintf$7) refers to bsp_usart.o(.text) for fputc
    printf7.o(i.__0vprintf$7) refers to stdout.o(.data) for __stdout
    printf7.o(i.__0vsnprintf$7) refers to printf7.o(i._printf_core) for _printf_core
    printf7.o(i.__0vsnprintf$7) refers to printf7.o(i._snputc) for _snputc
    printf7.o(i.__0vsprintf$7) refers to printf7.o(i._printf_core) for _printf_core
    printf7.o(i.__0vsprintf$7) refers to printf7.o(i._sputc) for _sputc
    printf7.o(i._printf_core) refers to printf7.o(i._printf_pre_padding) for _printf_pre_padding
    printf7.o(i._printf_core) refers to uldiv.o(.text) for __aeabi_uldivmod
    printf7.o(i._printf_core) refers to printf7.o(i._printf_post_padding) for _printf_post_padding
    printf8.o(i.__0fprintf$8) refers to printf8.o(i._printf_core) for _printf_core
    printf8.o(i.__0fprintf$8) refers to bsp_usart.o(.text) for fputc
    printf8.o(i.__0printf$8) refers to printf8.o(i._printf_core) for _printf_core
    printf8.o(i.__0printf$8) refers to bsp_usart.o(.text) for fputc
    printf8.o(i.__0printf$8) refers to stdout.o(.data) for __stdout
    printf8.o(i.__0snprintf$8) refers to printf8.o(i._printf_core) for _printf_core
    printf8.o(i.__0snprintf$8) refers to printf8.o(i._snputc) for _snputc
    printf8.o(i.__0sprintf$8) refers to printf8.o(i._printf_core) for _printf_core
    printf8.o(i.__0sprintf$8) refers to printf8.o(i._sputc) for _sputc
    printf8.o(i.__0vfprintf$8) refers to printf8.o(i._printf_core) for _printf_core
    printf8.o(i.__0vfprintf$8) refers to bsp_usart.o(.text) for fputc
    printf8.o(i.__0vprintf$8) refers to printf8.o(i._printf_core) for _printf_core
    printf8.o(i.__0vprintf$8) refers to bsp_usart.o(.text) for fputc
    printf8.o(i.__0vprintf$8) refers to stdout.o(.data) for __stdout
    printf8.o(i.__0vsnprintf$8) refers to printf8.o(i._printf_core) for _printf_core
    printf8.o(i.__0vsnprintf$8) refers to printf8.o(i._snputc) for _snputc
    printf8.o(i.__0vsprintf$8) refers to printf8.o(i._printf_core) for _printf_core
    printf8.o(i.__0vsprintf$8) refers to printf8.o(i._sputc) for _sputc
    printf8.o(i._printf_core) refers to printf8.o(i._printf_pre_padding) for _printf_pre_padding
    printf8.o(i._printf_core) refers to uldiv.o(.text) for __aeabi_uldivmod
    printf8.o(i._printf_core) refers to printf8.o(i._printf_post_padding) for _printf_post_padding
    printfa.o(i.__0fprintf) refers (Special) to iusefp.o(.text) for __I$use$fp
    printfa.o(i.__0fprintf) refers to printfa.o(i._printf_core) for _printf_core
    printfa.o(i.__0fprintf) refers to bsp_usart.o(.text) for fputc
    printfa.o(i.__0printf) refers (Special) to iusefp.o(.text) for __I$use$fp
    printfa.o(i.__0printf) refers to printfa.o(i._printf_core) for _printf_core
    printfa.o(i.__0printf) refers to bsp_usart.o(.text) for fputc
    printfa.o(i.__0printf) refers to stdout.o(.data) for __stdout
    printfa.o(i.__0snprintf) refers (Special) to iusefp.o(.text) for __I$use$fp
    printfa.o(i.__0snprintf) refers to printfa.o(i._printf_core) for _printf_core
    printfa.o(i.__0snprintf) refers to printfa.o(i._snputc) for _snputc
    printfa.o(i.__0sprintf) refers (Special) to iusefp.o(.text) for __I$use$fp
    printfa.o(i.__0sprintf) refers to printfa.o(i._printf_core) for _printf_core
    printfa.o(i.__0sprintf) refers to printfa.o(i._sputc) for _sputc
    printfa.o(i.__0vfprintf) refers (Special) to iusefp.o(.text) for __I$use$fp
    printfa.o(i.__0vfprintf) refers to printfa.o(i._printf_core) for _printf_core
    printfa.o(i.__0vfprintf) refers to bsp_usart.o(.text) for fputc
    printfa.o(i.__0vprintf) refers (Special) to iusefp.o(.text) for __I$use$fp
    printfa.o(i.__0vprintf) refers to printfa.o(i._printf_core) for _printf_core
    printfa.o(i.__0vprintf) refers to bsp_usart.o(.text) for fputc
    printfa.o(i.__0vprintf) refers to stdout.o(.data) for __stdout
    printfa.o(i.__0vsnprintf) refers (Special) to iusefp.o(.text) for __I$use$fp
    printfa.o(i.__0vsnprintf) refers to printfa.o(i._printf_core) for _printf_core
    printfa.o(i.__0vsnprintf) refers to printfa.o(i._snputc) for _snputc
    printfa.o(i.__0vsprintf) refers (Special) to iusefp.o(.text) for __I$use$fp
    printfa.o(i.__0vsprintf) refers to printfa.o(i._printf_core) for _printf_core
    printfa.o(i.__0vsprintf) refers to printfa.o(i._sputc) for _sputc
    printfa.o(i._fp_digits) refers (Special) to iusefp.o(.text) for __I$use$fp
    printfa.o(i._fp_digits) refers to dmul.o(.text) for __aeabi_dmul
    printfa.o(i._fp_digits) refers to ddiv.o(.text) for __aeabi_ddiv
    printfa.o(i._fp_digits) refers to cdrcmple.o(.text) for __aeabi_cdrcmple
    printfa.o(i._fp_digits) refers to dadd.o(.text) for __aeabi_dadd
    printfa.o(i._fp_digits) refers to dfixul.o(.text) for __aeabi_d2ulz
    printfa.o(i._fp_digits) refers to uldiv.o(.text) for __aeabi_uldivmod
    printfa.o(i._printf_core) refers (Special) to iusefp.o(.text) for __I$use$fp
    printfa.o(i._printf_core) refers to printfa.o(i._printf_pre_padding) for _printf_pre_padding
    printfa.o(i._printf_core) refers to uldiv.o(.text) for __aeabi_uldivmod
    printfa.o(i._printf_core) refers to printfa.o(i._printf_post_padding) for _printf_post_padding
    printfa.o(i._printf_core) refers to printfa.o(i._fp_digits) for _fp_digits
    printfa.o(i._printf_core) refers to uidiv.o(.text) for __aeabi_uidivmod
    printfa.o(i._printf_post_padding) refers (Special) to iusefp.o(.text) for __I$use$fp
    printfa.o(i._printf_pre_padding) refers (Special) to iusefp.o(.text) for __I$use$fp
    printfa.o(i._snputc) refers (Special) to iusefp.o(.text) for __I$use$fp
    printfa.o(i._sputc) refers (Special) to iusefp.o(.text) for __I$use$fp
    strtoul.o(.text) refers to errno.o(i.__aeabi_errno_addr) for __aeabi_errno_addr
    strtoul.o(.text) refers to ctype_o.o(.text) for __rt_ctype_table
    strtoul.o(.text) refers to _strtoul.o(.text) for _strtoul
    atoi.o(.text) refers to errno.o(i.__aeabi_errno_addr) for __aeabi_errno_addr
    atoi.o(.text) refers to strtol.o(.text) for strtol
    entry2.o(.ARM.Collect$$$$00000001) refers to entry2.o(.ARM.Collect$$$$00002712) for __lit__00000000
    entry2.o(.ARM.Collect$$$$00002712) refers to startup_stm32f10x_hd.o(STACK) for __initial_sp
    entry2.o(__vectab_stack_and_reset_area) refers to startup_stm32f10x_hd.o(STACK) for __initial_sp
    entry2.o(__vectab_stack_and_reset_area) refers to entry.o(.ARM.Collect$$$$00000000) for __main
    entry5.o(.ARM.Collect$$$$00000004) refers to init.o(.text) for __scatterload
    entry9a.o(.ARM.Collect$$$$0000000B) refers to main.o(.text) for main
    entry9b.o(.ARM.Collect$$$$0000000C) refers to main.o(.text) for main
    ctype_o.o(.text) refers to ctype_o.o(.constdata) for .constdata
    ctype_o.o(.constdata) refers to ctype_o.o(.constdata) for __ctype_table
    isalnum_o.o(.text) refers to ctype_o.o(.text) for __rt_ctype_table
    isalpha_o.o(.text) refers to ctype_o.o(.text) for __rt_ctype_table
    isblank_o.o(.text) refers to ctype_o.o(.constdata) for __ctype_table
    iscntrl_o.o(.text) refers to ctype_o.o(.text) for __rt_ctype_table
    isdigit_o.o(.text) refers to ctype_o.o(.text) for __rt_ctype_table
    isgraph_o.o(.text) refers to ctype_o.o(.text) for __rt_ctype_table
    islower_o.o(.text) refers to ctype_o.o(.text) for __rt_ctype_table
    isprint_o.o(.text) refers to ctype_o.o(.text) for __rt_ctype_table
    ispunct_o.o(.text) refers to ctype_o.o(.text) for __rt_ctype_table
    isspace_o.o(.text) refers to ctype_o.o(.text) for __rt_ctype_table
    isupper_o.o(.text) refers to ctype_o.o(.text) for __rt_ctype_table
    isxdigit_o.o(.text) refers to ctype_o.o(.text) for __rt_ctype_table
    errno.o(i.__aeabi_errno_addr) refers to errno.o(.data) for .data
    errno.o(i.__read_errno) refers to errno.o(.data) for .data
    errno.o(i.__set_errno) refers to errno.o(.data) for .data
    _strtoul.o(.text) refers to _chval.o(.text) for _chval
    _strtoul.o(.text) refers to errno.o(i.__aeabi_errno_addr) for __aeabi_errno_addr
    strtol.o(.text) refers to ctype_o.o(.text) for __rt_ctype_table
    strtol.o(.text) refers to _strtoul.o(.text) for _strtoul
    strtol.o(.text) refers to errno.o(i.__aeabi_errno_addr) for __aeabi_errno_addr
    dadd.o(.text) refers to llshl.o(.text) for __aeabi_llsl
    dadd.o(.text) refers to llsshr.o(.text) for __aeabi_lasr
    dadd.o(.text) refers to depilogue.o(.text) for _double_epilogue
    dmul.o(.text) refers to depilogue.o(.text) for _double_epilogue
    ddiv.o(.text) refers to depilogue.o(.text) for _double_round
    dfixul.o(.text) refers to llushr.o(.text) for __aeabi_llsr
    dfixul.o(.text) refers to llshl.o(.text) for __aeabi_llsl
    init.o(.text) refers to entry5.o(.ARM.Collect$$$$00000004) for __main_after_scatterload
    depilogue.o(.text) refers to llshl.o(.text) for __aeabi_llsl
    depilogue.o(.text) refers to llushr.o(.text) for __aeabi_llsr


==============================================================================

Removing Unused input sections from the image.

    Removing startup_stm32f10x_hd.o(HEAP), (512 bytes).
    Removing stm32f10x_adc.o(.text), (1102 bytes).
    Removing stm32f10x_bkp.o(.text), (196 bytes).
    Removing stm32f10x_can.o(.text), (2544 bytes).
    Removing stm32f10x_cec.o(.text), (288 bytes).
    Removing stm32f10x_crc.o(.text), (72 bytes).
    Removing stm32f10x_dac.o(.text), (396 bytes).
    Removing stm32f10x_dbgmcu.o(.text), (48 bytes).
    Removing stm32f10x_exti.o(.text), (284 bytes).
    Removing stm32f10x_flash.o(.text), (1468 bytes).
    Removing stm32f10x_fsmc.o(.text), (1548 bytes).
    Removing stm32f10x_i2c.o(.text), (1028 bytes).
    Removing stm32f10x_iwdg.o(.text), (64 bytes).
    Removing stm32f10x_pwr.o(.text), (204 bytes).
    Removing stm32f10x_rtc.o(.text), (328 bytes).
    Removing stm32f10x_spi.o(.text), (780 bytes).
    Removing stm32f10x_tim.o(.text), (3610 bytes).
    Removing stm32f10x_wwdg.o(.text), (136 bytes).
    Removing bsp_key.o(.text), (112 bytes).
    Removing bsp_gsm_gprs.o(.constdata), (286 bytes).
    Removing bsp_sdfs_app.o(.text), (732 bytes).
    Removing bsp_sdfs_app.o(.bss), (3240 bytes).
    Removing bsp_sdfs_app.o(.data), (1040 bytes).
    Removing diskio.o(.text), (222 bytes).
    Removing ff.o(.text), (7592 bytes).
    Removing ff.o(.constdata), (13 bytes).
    Removing ff.o(.data), (6 bytes).
    Removing dadd.o(.text), (334 bytes).
    Removing dmul.o(.text), (228 bytes).
    Removing ddiv.o(.text), (222 bytes).
    Removing dfixul.o(.text), (48 bytes).
    Removing cdrcmple.o(.text), (48 bytes).
    Removing depilogue.o(.text), (186 bytes).

33 unused section(s) (total 28917 bytes) removed from the image.

==============================================================================

Image Symbol Table

    Local Symbols

    Symbol Name                              Value     Ov Type        Size  Object(Section)

    ../clib/microlib/ctype/ctype.c           0x00000000   Number         0  isalnum_o.o ABSOLUTE
    ../clib/microlib/ctype/ctype.c           0x00000000   Number         0  isgraph_o.o ABSOLUTE
    ../clib/microlib/ctype/ctype.c           0x00000000   Number         0  islower_o.o ABSOLUTE
    ../clib/microlib/ctype/ctype.c           0x00000000   Number         0  isprint_o.o ABSOLUTE
    ../clib/microlib/ctype/ctype.c           0x00000000   Number         0  ctype_o.o ABSOLUTE
    ../clib/microlib/ctype/ctype.c           0x00000000   Number         0  ispunct_o.o ABSOLUTE
    ../clib/microlib/ctype/ctype.c           0x00000000   Number         0  isupper_o.o ABSOLUTE
    ../clib/microlib/ctype/ctype.c           0x00000000   Number         0  isxdigit_o.o ABSOLUTE
    ../clib/microlib/ctype/ctype.c           0x00000000   Number         0  isspace_o.o ABSOLUTE
    ../clib/microlib/ctype/ctype.c           0x00000000   Number         0  isalpha_o.o ABSOLUTE
    ../clib/microlib/ctype/ctype.c           0x00000000   Number         0  isblank_o.o ABSOLUTE
    ../clib/microlib/ctype/ctype.c           0x00000000   Number         0  iscntrl_o.o ABSOLUTE
    ../clib/microlib/ctype/ctype.c           0x00000000   Number         0  isdigit_o.o ABSOLUTE
    ../clib/microlib/division.c              0x00000000   Number         0  uldiv.o ABSOLUTE
    ../clib/microlib/division.c              0x00000000   Number         0  uidiv.o ABSOLUTE
    ../clib/microlib/errno.c                 0x00000000   Number         0  errno.o ABSOLUTE
    ../clib/microlib/init/entry.s            0x00000000   Number         0  entry8b.o ABSOLUTE
    ../clib/microlib/init/entry.s            0x00000000   Number         0  entry8a.o ABSOLUTE
    ../clib/microlib/init/entry.s            0x00000000   Number         0  entry9b.o ABSOLUTE
    ../clib/microlib/init/entry.s            0x00000000   Number         0  entry7a.o ABSOLUTE
    ../clib/microlib/init/entry.s            0x00000000   Number         0  entry5.o ABSOLUTE
    ../clib/microlib/init/entry.s            0x00000000   Number         0  entry2.o ABSOLUTE
    ../clib/microlib/init/entry.s            0x00000000   Number         0  entry9a.o ABSOLUTE
    ../clib/microlib/init/entry.s            0x00000000   Number         0  entry7b.o ABSOLUTE
    ../clib/microlib/init/entry.s            0x00000000   Number         0  entry10b.o ABSOLUTE
    ../clib/microlib/init/entry.s            0x00000000   Number         0  entry11b.o ABSOLUTE
    ../clib/microlib/init/entry.s            0x00000000   Number         0  entry.o ABSOLUTE
    ../clib/microlib/init/entry.s            0x00000000   Number         0  entry11a.o ABSOLUTE
    ../clib/microlib/init/entry.s            0x00000000   Number         0  entry10a.o ABSOLUTE
    ../clib/microlib/longlong.c              0x00000000   Number         0  llsshr.o ABSOLUTE
    ../clib/microlib/longlong.c              0x00000000   Number         0  llushr.o ABSOLUTE
    ../clib/microlib/longlong.c              0x00000000   Number         0  llshl.o ABSOLUTE
    ../clib/microlib/printf/printf.c         0x00000000   Number         0  printf5.o ABSOLUTE
    ../clib/microlib/printf/printf.c         0x00000000   Number         0  printf4.o ABSOLUTE
    ../clib/microlib/printf/printf.c         0x00000000   Number         0  printf3.o ABSOLUTE
    ../clib/microlib/printf/printf.c         0x00000000   Number         0  printf2.o ABSOLUTE
    ../clib/microlib/printf/printf.c         0x00000000   Number         0  printf1.o ABSOLUTE
    ../clib/microlib/printf/printf.c         0x00000000   Number         0  printf0.o ABSOLUTE
    ../clib/microlib/printf/printf.c         0x00000000   Number         0  printfa.o ABSOLUTE
    ../clib/microlib/printf/printf.c         0x00000000   Number         0  printf8.o ABSOLUTE
    ../clib/microlib/printf/printf.c         0x00000000   Number         0  printf7.o ABSOLUTE
    ../clib/microlib/printf/printf.c         0x00000000   Number         0  printf6.o ABSOLUTE
    ../clib/microlib/printf/printf.c         0x00000000   Number         0  printfb.o ABSOLUTE
    ../clib/microlib/printf/stubs.s          0x00000000   Number         0  stubs.o ABSOLUTE
    ../clib/microlib/stdio/streams.c         0x00000000   Number         0  stdout.o ABSOLUTE
    ../clib/microlib/string/memset.c         0x00000000   Number         0  memseta.o ABSOLUTE
    ../clib/microlib/string/strcpy.c         0x00000000   Number         0  strcpy.o ABSOLUTE
    ../clib/microlib/string/strlen.c         0x00000000   Number         0  strlen.o ABSOLUTE
    ../clib/microlib/string/strstr.c         0x00000000   Number         0  strstr.o ABSOLUTE
    ../clib/microlib/string/strtok.c         0x00000000   Number         0  strtok.o ABSOLUTE
    ../clib/microlib/string/strtok.c         0x00000000   Number         0  strtok_r.o ABSOLUTE
    ../clib/microlib/stubs.s                 0x00000000   Number         0  iusefp.o ABSOLUTE
    ../clib/scanf.c                          0x00000000   Number         0  strtol.o ABSOLUTE
    ../clib/scanf.c                          0x00000000   Number         0  _strtoul.o ABSOLUTE
    ../clib/scanf.c                          0x00000000   Number         0  strtoul.o ABSOLUTE
    ../clib/scanf.c                          0x00000000   Number         0  atoi.o ABSOLUTE
    ../clib/scanf.c                          0x00000000   Number         0  _chval.o ABSOLUTE
    ../fplib/microlib/fpadd.c                0x00000000   Number         0  dadd.o ABSOLUTE
    ../fplib/microlib/fpdiv.c                0x00000000   Number         0  ddiv.o ABSOLUTE
    ../fplib/microlib/fpepilogue.c           0x00000000   Number         0  depilogue.o ABSOLUTE
    ../fplib/microlib/fpfix.c                0x00000000   Number         0  dfixul.o ABSOLUTE
    ../fplib/microlib/fpmul.c                0x00000000   Number         0  dmul.o ABSOLUTE
    ..\..\Libraries\CMSIS\core_cm3.c         0x00000000   Number         0  core_cm3.o ABSOLUTE
    ..\..\Libraries\CMSIS\startup\startup_stm32f10x_hd.s 0x00000000   Number         0  startup_stm32f10x_hd.o ABSOLUTE
    ..\..\Libraries\CMSIS\system_stm32f10x.c 0x00000000   Number         0  system_stm32f10x.o ABSOLUTE
    ..\..\Libraries\FWlib\src\misc.c         0x00000000   Number         0  misc.o ABSOLUTE
    ..\..\Libraries\FWlib\src\stm32f10x_adc.c 0x00000000   Number         0  stm32f10x_adc.o ABSOLUTE
    ..\..\Libraries\FWlib\src\stm32f10x_bkp.c 0x00000000   Number         0  stm32f10x_bkp.o ABSOLUTE
    ..\..\Libraries\FWlib\src\stm32f10x_can.c 0x00000000   Number         0  stm32f10x_can.o ABSOLUTE
    ..\..\Libraries\FWlib\src\stm32f10x_cec.c 0x00000000   Number         0  stm32f10x_cec.o ABSOLUTE
    ..\..\Libraries\FWlib\src\stm32f10x_crc.c 0x00000000   Number         0  stm32f10x_crc.o ABSOLUTE
    ..\..\Libraries\FWlib\src\stm32f10x_dac.c 0x00000000   Number         0  stm32f10x_dac.o ABSOLUTE
    ..\..\Libraries\FWlib\src\stm32f10x_dbgmcu.c 0x00000000   Number         0  stm32f10x_dbgmcu.o ABSOLUTE
    ..\..\Libraries\FWlib\src\stm32f10x_dma.c 0x00000000   Number         0  stm32f10x_dma.o ABSOLUTE
    ..\..\Libraries\FWlib\src\stm32f10x_exti.c 0x00000000   Number         0  stm32f10x_exti.o ABSOLUTE
    ..\..\Libraries\FWlib\src\stm32f10x_flash.c 0x00000000   Number         0  stm32f10x_flash.o ABSOLUTE
    ..\..\Libraries\FWlib\src\stm32f10x_fsmc.c 0x00000000   Number         0  stm32f10x_fsmc.o ABSOLUTE
    ..\..\Libraries\FWlib\src\stm32f10x_gpio.c 0x00000000   Number         0  stm32f10x_gpio.o ABSOLUTE
    ..\..\Libraries\FWlib\src\stm32f10x_i2c.c 0x00000000   Number         0  stm32f10x_i2c.o ABSOLUTE
    ..\..\Libraries\FWlib\src\stm32f10x_iwdg.c 0x00000000   Number         0  stm32f10x_iwdg.o ABSOLUTE
    ..\..\Libraries\FWlib\src\stm32f10x_pwr.c 0x00000000   Number         0  stm32f10x_pwr.o ABSOLUTE
    ..\..\Libraries\FWlib\src\stm32f10x_rcc.c 0x00000000   Number         0  stm32f10x_rcc.o ABSOLUTE
    ..\..\Libraries\FWlib\src\stm32f10x_rtc.c 0x00000000   Number         0  stm32f10x_rtc.o ABSOLUTE
    ..\..\Libraries\FWlib\src\stm32f10x_sdio.c 0x00000000   Number         0  stm32f10x_sdio.o ABSOLUTE
    ..\..\Libraries\FWlib\src\stm32f10x_spi.c 0x00000000   Number         0  stm32f10x_spi.o ABSOLUTE
    ..\..\Libraries\FWlib\src\stm32f10x_tim.c 0x00000000   Number         0  stm32f10x_tim.o ABSOLUTE
    ..\..\Libraries\FWlib\src\stm32f10x_usart.c 0x00000000   Number         0  stm32f10x_usart.o ABSOLUTE
    ..\..\Libraries\FWlib\src\stm32f10x_wwdg.c 0x00000000   Number         0  stm32f10x_wwdg.o ABSOLUTE
    ..\..\User\SysTick\bsp_SysTick.c         0x00000000   Number         0  bsp_systick.o ABSOLUTE
    ..\..\User\USART\bsp_usart.c             0x00000000   Number         0  bsp_usart.o ABSOLUTE
    ..\..\User\ff9\diskio.c                  0x00000000   Number         0  diskio.o ABSOLUTE
    ..\..\User\ff9\ff.c                      0x00000000   Number         0  ff.o ABSOLUTE
    ..\..\User\ff9\option\cc936.c            0x00000000   Number         0  cc936.o ABSOLUTE
    ..\..\User\gsm_gprs\bsp_gsm_gprs.c       0x00000000   Number         0  bsp_gsm_gprs.o ABSOLUTE
    ..\..\User\gsm_gprs\bsp_gsm_usart.c      0x00000000   Number         0  bsp_gsm_usart.o ABSOLUTE
    ..\..\User\key\bsp_key.c                 0x00000000   Number         0  bsp_key.o ABSOLUTE
    ..\..\User\main.c                        0x00000000   Number         0  main.o ABSOLUTE
    ..\..\User\sdio\bsp_sdfs_app.c           0x00000000   Number         0  bsp_sdfs_app.o ABSOLUTE
    ..\..\User\sdio\bsp_sdio_sdcard.c        0x00000000   Number         0  bsp_sdio_sdcard.o ABSOLUTE
    ..\..\User\stm32f10x_it.c                0x00000000   Number         0  stm32f10x_it.o ABSOLUTE
    ..\\..\\Libraries\\CMSIS\\core_cm3.c     0x00000000   Number         0  core_cm3.o ABSOLUTE
    cdrcmple.s                               0x00000000   Number         0  cdrcmple.o ABSOLUTE
    dc.s                                     0x00000000   Number         0  dc.o ABSOLUTE
    handlers.s                               0x00000000   Number         0  handlers.o ABSOLUTE
    init.s                                   0x00000000   Number         0  init.o ABSOLUTE
    RESET                                    0x08000000   Section      304  startup_stm32f10x_hd.o(RESET)
    .ARM.Collect$$$$00000000                 0x08000130   Section        0  entry.o(.ARM.Collect$$$$00000000)
    .ARM.Collect$$$$00000001                 0x08000130   Section        4  entry2.o(.ARM.Collect$$$$00000001)
    .ARM.Collect$$$$00000004                 0x08000134   Section        4  entry5.o(.ARM.Collect$$$$00000004)
    .ARM.Collect$$$$00000008                 0x08000138   Section        0  entry7b.o(.ARM.Collect$$$$00000008)
    .ARM.Collect$$$$0000000A                 0x08000138   Section        0  entry8b.o(.ARM.Collect$$$$0000000A)
    .ARM.Collect$$$$0000000B                 0x08000138   Section        8  entry9a.o(.ARM.Collect$$$$0000000B)
    .ARM.Collect$$$$0000000D                 0x08000140   Section        0  entry10a.o(.ARM.Collect$$$$0000000D)
    .ARM.Collect$$$$0000000F                 0x08000140   Section        0  entry11a.o(.ARM.Collect$$$$0000000F)
    .ARM.Collect$$$$00002712                 0x08000140   Section        4  entry2.o(.ARM.Collect$$$$00002712)
    __lit__00000000                          0x08000140   Data           4  entry2.o(.ARM.Collect$$$$00002712)
    .emb_text                                0x08000144   Section       32  core_cm3.o(.emb_text)
    .text                                    0x08000164   Section       36  startup_stm32f10x_hd.o(.text)
    .text                                    0x08000188   Section        0  system_stm32f10x.o(.text)
    SetSysClockTo72                          0x08000189   Thumb Code   214  system_stm32f10x.o(.text)
    SetSysClock                              0x0800025f   Thumb Code     8  system_stm32f10x.o(.text)
    .text                                    0x08000368   Section        0  misc.o(.text)
    .text                                    0x08000444   Section        0  stm32f10x_dma.o(.text)
    .text                                    0x08000698   Section        0  stm32f10x_gpio.o(.text)
    .text                                    0x080009f4   Section        0  stm32f10x_rcc.o(.text)
    .text                                    0x08000d98   Section        0  stm32f10x_sdio.o(.text)
    .text                                    0x08000f6c   Section        0  stm32f10x_usart.o(.text)
    .text                                    0x08001374   Section        0  main.o(.text)
    .text                                    0x08001720   Section        0  stm32f10x_it.o(.text)
    .text                                    0x08001778   Section        0  bsp_usart.o(.text)
    NVIC_Configuration                       0x08001779   Thumb Code    38  bsp_usart.o(.text)
    .text                                    0x08001868   Section        0  bsp_sdio_sdcard.o(.text)
    SD_DMAEndOfTransferStatus                0x080018d3   Thumb Code    10  bsp_sdio_sdcard.o(.text)
    SD_DMA_RxConfig                          0x080018dd   Thumb Code    86  bsp_sdio_sdcard.o(.text)
    SD_DMA_TxConfig                          0x08001933   Thumb Code    88  bsp_sdio_sdcard.o(.text)
    GPIO_Configuration                       0x0800198b   Thumb Code    70  bsp_sdio_sdcard.o(.text)
    CmdResp1Error                            0x080019d1   Thumb Code    40  bsp_sdio_sdcard.o(.text)
    FindSCR                                  0x080019f9   Thumb Code   388  bsp_sdio_sdcard.o(.text)
    SDEnWideBus                              0x08001b7d   Thumb Code   310  bsp_sdio_sdcard.o(.text)
    CmdResp2Error                            0x0800202b   Thumb Code    70  bsp_sdio_sdcard.o(.text)
    CmdResp6Error                            0x08002071   Thumb Code   180  bsp_sdio_sdcard.o(.text)
    CmdResp3Error                            0x0800224b   Thumb Code    52  bsp_sdio_sdcard.o(.text)
    CmdResp7Error                            0x0800227f   Thumb Code    72  bsp_sdio_sdcard.o(.text)
    CmdError                                 0x080022c7   Thumb Code    44  bsp_sdio_sdcard.o(.text)
    IsCardProgramming                        0x08002bcd   Thumb Code   396  bsp_sdio_sdcard.o(.text)
    .text                                    0x08002f18   Section        0  bsp_systick.o(.text)
    .text                                    0x08002fe4   Section        0  bsp_gsm_gprs.o(.text)
    .text                                    0x08003b00   Section        0  bsp_gsm_usart.o(.text)
    GSM_NVIC_Config                          0x08003b01   Thumb Code    38  bsp_gsm_usart.o(.text)
    itoa                                     0x08003bb3   Thumb Code    98  bsp_gsm_usart.o(.text)
    .text                                    0x08003d84   Section        0  cc936.o(.text)
    .text                                    0x08003e5c   Section        0  uldiv.o(.text)
    .text                                    0x08003ebe   Section        0  memseta.o(.text)
    .text                                    0x08003ee2   Section        0  strstr.o(.text)
    .text                                    0x08003f06   Section        0  strlen.o(.text)
    .text                                    0x08003f14   Section        0  strcpy.o(.text)
    .text                                    0x08003f28   Section        0  strtok.o(.text)
    .text                                    0x08003f6c   Section        0  strtoul.o(.text)
    .text                                    0x08003fde   Section        0  atoi.o(.text)
    .text                                    0x08003ff8   Section        0  uidiv.o(.text)
    .text                                    0x08004024   Section        0  llshl.o(.text)
    .text                                    0x08004042   Section        0  llushr.o(.text)
    .text                                    0x08004064   Section        0  ctype_o.o(.text)
    .text                                    0x0800406c   Section        0  _strtoul.o(.text)
    .text                                    0x0800410a   Section        0  strtol.o(.text)
    .text                                    0x0800417c   Section       36  init.o(.text)
    .text                                    0x080041a0   Section        0  _chval.o(.text)
    i.__0printf$3                            0x080041bc   Section        0  printf3.o(i.__0printf$3)
    i.__0sprintf$3                           0x080041dc   Section        0  printf3.o(i.__0sprintf$3)
    i.__aeabi_errno_addr                     0x08004204   Section        0  errno.o(i.__aeabi_errno_addr)
    i.__scatterload_copy                     0x0800420c   Section       14  handlers.o(i.__scatterload_copy)
    i.__scatterload_null                     0x0800421a   Section        2  handlers.o(i.__scatterload_null)
    i.__scatterload_zeroinit                 0x0800421c   Section       14  handlers.o(i.__scatterload_zeroinit)
    i._printf_core                           0x0800422c   Section        0  printf3.o(i._printf_core)
    _printf_core                             0x0800422d   Thumb Code   436  printf3.o(i._printf_core)
    i._sputc                                 0x080043e4   Section        0  printf3.o(i._sputc)
    _sputc                                   0x080043e5   Thumb Code    10  printf3.o(i._sputc)
    .constdata                               0x080043ee   Section        6  main.o(.constdata)
    .constdata                               0x080043f4   Section    176320  cc936.o(.constdata)
    uni2oem                                  0x080043f4   Data       87172  cc936.o(.constdata)
    oem2uni                                  0x08019878   Data       87172  cc936.o(.constdata)
    lower                                    0x0802ecfc   Data         988  cc936.o(.constdata)
    upper                                    0x0802f0d8   Data         988  cc936.o(.constdata)
    .constdata                               0x0802f4b4   Section      129  ctype_o.o(.constdata)
    .constdata                               0x0802f538   Section        4  ctype_o.o(.constdata)
    table                                    0x0802f538   Data           4  ctype_o.o(.constdata)
    .conststring                             0x0802f53c   Section      218  main.o(.conststring)
    .data                                    0x20000000   Section       20  system_stm32f10x.o(.data)
    .data                                    0x20000014   Section       20  stm32f10x_rcc.o(.data)
    APBAHBPrescTable                         0x20000014   Data          16  stm32f10x_rcc.o(.data)
    ADCPrescTable                            0x20000024   Data           4  stm32f10x_rcc.o(.data)
    .data                                    0x20000028   Section       20  bsp_sdio_sdcard.o(.data)
    CardType                                 0x20000028   Data           4  bsp_sdio_sdcard.o(.data)
    RCA                                      0x2000002c   Data           4  bsp_sdio_sdcard.o(.data)
    .data                                    0x2000003c   Section        4  bsp_systick.o(.data)
    TimingDelay                              0x2000003c   Data           4  bsp_systick.o(.data)
    .data                                    0x20000040   Section        1  bsp_gsm_gprs.o(.data)
    .data                                    0x20000042   Section        2  bsp_gsm_usart.o(.data)
    .data                                    0x20000044   Section        4  strtok.o(.data)
    state                                    0x20000044   Data           4  strtok.o(.data)
    .data                                    0x20000048   Section        4  stdout.o(.data)
    .data                                    0x2000004c   Section        4  errno.o(.data)
    _errno                                   0x2000004c   Data           4  errno.o(.data)
    .bss                                     0x20000050   Section     2128  main.o(.bss)
    .bss                                     0x200008a0   Section      196  bsp_sdio_sdcard.o(.bss)
    CSD_Tab                                  0x200008a0   Data          16  bsp_sdio_sdcard.o(.bss)
    CID_Tab                                  0x200008b0   Data          16  bsp_sdio_sdcard.o(.bss)
    SDSTATUS_Tab                             0x200008c0   Data          16  bsp_sdio_sdcard.o(.bss)
    .bss                                     0x20000964   Section       10  bsp_gsm_gprs.o(.bss)
    .bss                                     0x2000096e   Section      512  bsp_gsm_usart.o(.bss)
    STACK                                    0x20000b70   Section     2048  startup_stm32f10x_hd.o(STACK)

    Global Symbols

    Symbol Name                              Value     Ov Type        Size  Object(Section)

    BuildAttributes$$THM_ISAv4$P$D$K$B$S$PE$A:L22UL41UL21$X:L11$S22US41US21$IEEE1$IW$USESV6$~STKCKD$USESV7$~SHL$OSPACE$ROPI$EBA8$MICROLIB$REQ8$PRES8$EABIv2 0x00000000   Number         0  anon$$obj.o ABSOLUTE
    __ARM_use_no_argv                        0x00000000   Number         0  main.o ABSOLUTE
    _printf_a                                0x00000000   Number         0  stubs.o ABSOLUTE
    _printf_c                                0x00000000   Number         0  stubs.o ABSOLUTE
    _printf_charcount                        0x00000000   Number         0  stubs.o ABSOLUTE
    _printf_d                                0x00000000   Number         0  stubs.o ABSOLUTE
    _printf_e                                0x00000000   Number         0  stubs.o ABSOLUTE
    _printf_f                                0x00000000   Number         0  stubs.o ABSOLUTE
    _printf_flags                            0x00000000   Number         0  stubs.o ABSOLUTE
    _printf_fp_dec                           0x00000000   Number         0  stubs.o ABSOLUTE
    _printf_fp_hex                           0x00000000   Number         0  stubs.o ABSOLUTE
    _printf_g                                0x00000000   Number         0  stubs.o ABSOLUTE
    _printf_i                                0x00000000   Number         0  stubs.o ABSOLUTE
    _printf_int_dec                          0x00000000   Number         0  stubs.o ABSOLUTE
    _printf_l                                0x00000000   Number         0  stubs.o ABSOLUTE
    _printf_lc                               0x00000000   Number         0  stubs.o ABSOLUTE
    _printf_ll                               0x00000000   Number         0  stubs.o ABSOLUTE
    _printf_lld                              0x00000000   Number         0  stubs.o ABSOLUTE
    _printf_lli                              0x00000000   Number         0  stubs.o ABSOLUTE
    _printf_llo                              0x00000000   Number         0  stubs.o ABSOLUTE
    _printf_llu                              0x00000000   Number         0  stubs.o ABSOLUTE
    _printf_llx                              0x00000000   Number         0  stubs.o ABSOLUTE
    _printf_longlong_dec                     0x00000000   Number         0  stubs.o ABSOLUTE
    _printf_longlong_hex                     0x00000000   Number         0  stubs.o ABSOLUTE
    _printf_longlong_oct                     0x00000000   Number         0  stubs.o ABSOLUTE
    _printf_ls                               0x00000000   Number         0  stubs.o ABSOLUTE
    _printf_mbtowc                           0x00000000   Number         0  stubs.o ABSOLUTE
    _printf_n                                0x00000000   Number         0  stubs.o ABSOLUTE
    _printf_o                                0x00000000   Number         0  stubs.o ABSOLUTE
    _printf_p                                0x00000000   Number         0  stubs.o ABSOLUTE
    _printf_percent                          0x00000000   Number         0  stubs.o ABSOLUTE
    _printf_pre_padding                      0x00000000   Number         0  stubs.o ABSOLUTE
    _printf_return_value                     0x00000000   Number         0  stubs.o ABSOLUTE
    _printf_s                                0x00000000   Number         0  stubs.o ABSOLUTE
    _printf_sizespec                         0x00000000   Number         0  stubs.o ABSOLUTE
    _printf_str                              0x00000000   Number         0  stubs.o ABSOLUTE
    _printf_truncate_signed                  0x00000000   Number         0  stubs.o ABSOLUTE
    _printf_truncate_unsigned                0x00000000   Number         0  stubs.o ABSOLUTE
    _printf_u                                0x00000000   Number         0  stubs.o ABSOLUTE
    _printf_wc                               0x00000000   Number         0  stubs.o ABSOLUTE
    _printf_wctomb                           0x00000000   Number         0  stubs.o ABSOLUTE
    _printf_widthprec                        0x00000000   Number         0  stubs.o ABSOLUTE
    _printf_x                                0x00000000   Number         0  stubs.o ABSOLUTE
    __cpp_initialize__aeabi_                  - Undefined Weak Reference
    __cxa_finalize                            - Undefined Weak Reference
    __decompress                              - Undefined Weak Reference
    _clock_init                               - Undefined Weak Reference
    _microlib_exit                            - Undefined Weak Reference
    __Vectors_Size                           0x00000130   Number         0  startup_stm32f10x_hd.o ABSOLUTE
    __Vectors                                0x08000000   Data           4  startup_stm32f10x_hd.o(RESET)
    __Vectors_End                            0x08000130   Data           0  startup_stm32f10x_hd.o(RESET)
    __main                                   0x08000131   Thumb Code     0  entry.o(.ARM.Collect$$$$00000000)
    _main_stk                                0x08000131   Thumb Code     0  entry2.o(.ARM.Collect$$$$00000001)
    _main_scatterload                        0x08000135   Thumb Code     0  entry5.o(.ARM.Collect$$$$00000004)
    __main_after_scatterload                 0x08000139   Thumb Code     0  entry5.o(.ARM.Collect$$$$00000004)
    _main_clock                              0x08000139   Thumb Code     0  entry7b.o(.ARM.Collect$$$$00000008)
    _main_cpp_init                           0x08000139   Thumb Code     0  entry8b.o(.ARM.Collect$$$$0000000A)
    _main_init                               0x08000139   Thumb Code     0  entry9a.o(.ARM.Collect$$$$0000000B)
    __rt_final_cpp                           0x08000141   Thumb Code     0  entry10a.o(.ARM.Collect$$$$0000000D)
    __rt_final_exit                          0x08000141   Thumb Code     0  entry11a.o(.ARM.Collect$$$$0000000F)
    __get_PSP                                0x08000145   Thumb Code     6  core_cm3.o(.emb_text)
    __set_PSP                                0x0800014b   Thumb Code     6  core_cm3.o(.emb_text)
    __get_MSP                                0x08000151   Thumb Code     6  core_cm3.o(.emb_text)
    __set_MSP                                0x08000157   Thumb Code     6  core_cm3.o(.emb_text)
    __REV16                                  0x0800015d   Thumb Code     4  core_cm3.o(.emb_text)
    __REVSH                                  0x08000161   Thumb Code     4  core_cm3.o(.emb_text)
    Reset_Handler                            0x08000165   Thumb Code     8  startup_stm32f10x_hd.o(.text)
    ADC1_2_IRQHandler                        0x0800017f   Thumb Code     0  startup_stm32f10x_hd.o(.text)
    ADC3_IRQHandler                          0x0800017f   Thumb Code     0  startup_stm32f10x_hd.o(.text)
    CAN1_RX1_IRQHandler                      0x0800017f   Thumb Code     0  startup_stm32f10x_hd.o(.text)
    CAN1_SCE_IRQHandler                      0x0800017f   Thumb Code     0  startup_stm32f10x_hd.o(.text)
    DMA1_Channel1_IRQHandler                 0x0800017f   Thumb Code     0  startup_stm32f10x_hd.o(.text)
    DMA1_Channel2_IRQHandler                 0x0800017f   Thumb Code     0  startup_stm32f10x_hd.o(.text)
    DMA1_Channel3_IRQHandler                 0x0800017f   Thumb Code     0  startup_stm32f10x_hd.o(.text)
    DMA1_Channel4_IRQHandler                 0x0800017f   Thumb Code     0  startup_stm32f10x_hd.o(.text)
    DMA1_Channel5_IRQHandler                 0x0800017f   Thumb Code     0  startup_stm32f10x_hd.o(.text)
    DMA1_Channel6_IRQHandler                 0x0800017f   Thumb Code     0  startup_stm32f10x_hd.o(.text)
    DMA1_Channel7_IRQHandler                 0x0800017f   Thumb Code     0  startup_stm32f10x_hd.o(.text)
    DMA2_Channel1_IRQHandler                 0x0800017f   Thumb Code     0  startup_stm32f10x_hd.o(.text)
    DMA2_Channel2_IRQHandler                 0x0800017f   Thumb Code     0  startup_stm32f10x_hd.o(.text)
    DMA2_Channel3_IRQHandler                 0x0800017f   Thumb Code     0  startup_stm32f10x_hd.o(.text)
    DMA2_Channel4_5_IRQHandler               0x0800017f   Thumb Code     0  startup_stm32f10x_hd.o(.text)
    EXTI0_IRQHandler                         0x0800017f   Thumb Code     0  startup_stm32f10x_hd.o(.text)
    EXTI15_10_IRQHandler                     0x0800017f   Thumb Code     0  startup_stm32f10x_hd.o(.text)
    EXTI1_IRQHandler                         0x0800017f   Thumb Code     0  startup_stm32f10x_hd.o(.text)
    EXTI2_IRQHandler                         0x0800017f   Thumb Code     0  startup_stm32f10x_hd.o(.text)
    EXTI3_IRQHandler                         0x0800017f   Thumb Code     0  startup_stm32f10x_hd.o(.text)
    EXTI4_IRQHandler                         0x0800017f   Thumb Code     0  startup_stm32f10x_hd.o(.text)
    EXTI9_5_IRQHandler                       0x0800017f   Thumb Code     0  startup_stm32f10x_hd.o(.text)
    FLASH_IRQHandler                         0x0800017f   Thumb Code     0  startup_stm32f10x_hd.o(.text)
    FSMC_IRQHandler                          0x0800017f   Thumb Code     0  startup_stm32f10x_hd.o(.text)
    I2C1_ER_IRQHandler                       0x0800017f   Thumb Code     0  startup_stm32f10x_hd.o(.text)
    I2C1_EV_IRQHandler                       0x0800017f   Thumb Code     0  startup_stm32f10x_hd.o(.text)
    I2C2_ER_IRQHandler                       0x0800017f   Thumb Code     0  startup_stm32f10x_hd.o(.text)
    I2C2_EV_IRQHandler                       0x0800017f   Thumb Code     0  startup_stm32f10x_hd.o(.text)
    PVD_IRQHandler                           0x0800017f   Thumb Code     0  startup_stm32f10x_hd.o(.text)
    RCC_IRQHandler                           0x0800017f   Thumb Code     0  startup_stm32f10x_hd.o(.text)
    RTCAlarm_IRQHandler                      0x0800017f   Thumb Code     0  startup_stm32f10x_hd.o(.text)
    RTC_IRQHandler                           0x0800017f   Thumb Code     0  startup_stm32f10x_hd.o(.text)
    SPI1_IRQHandler                          0x0800017f   Thumb Code     0  startup_stm32f10x_hd.o(.text)
    SPI2_IRQHandler                          0x0800017f   Thumb Code     0  startup_stm32f10x_hd.o(.text)
    SPI3_IRQHandler                          0x0800017f   Thumb Code     0  startup_stm32f10x_hd.o(.text)
    TAMPER_IRQHandler                        0x0800017f   Thumb Code     0  startup_stm32f10x_hd.o(.text)
    TIM1_BRK_IRQHandler                      0x0800017f   Thumb Code     0  startup_stm32f10x_hd.o(.text)
    TIM1_CC_IRQHandler                       0x0800017f   Thumb Code     0  startup_stm32f10x_hd.o(.text)
    TIM1_TRG_COM_IRQHandler                  0x0800017f   Thumb Code     0  startup_stm32f10x_hd.o(.text)
    TIM1_UP_IRQHandler                       0x0800017f   Thumb Code     0  startup_stm32f10x_hd.o(.text)
    TIM2_IRQHandler                          0x0800017f   Thumb Code     0  startup_stm32f10x_hd.o(.text)
    TIM3_IRQHandler                          0x0800017f   Thumb Code     0  startup_stm32f10x_hd.o(.text)
    TIM4_IRQHandler                          0x0800017f   Thumb Code     0  startup_stm32f10x_hd.o(.text)
    TIM5_IRQHandler                          0x0800017f   Thumb Code     0  startup_stm32f10x_hd.o(.text)
    TIM6_IRQHandler                          0x0800017f   Thumb Code     0  startup_stm32f10x_hd.o(.text)
    TIM7_IRQHandler                          0x0800017f   Thumb Code     0  startup_stm32f10x_hd.o(.text)
    TIM8_BRK_IRQHandler                      0x0800017f   Thumb Code     0  startup_stm32f10x_hd.o(.text)
    TIM8_CC_IRQHandler                       0x0800017f   Thumb Code     0  startup_stm32f10x_hd.o(.text)
    TIM8_TRG_COM_IRQHandler                  0x0800017f   Thumb Code     0  startup_stm32f10x_hd.o(.text)
    TIM8_UP_IRQHandler                       0x0800017f   Thumb Code     0  startup_stm32f10x_hd.o(.text)
    UART4_IRQHandler                         0x0800017f   Thumb Code     0  startup_stm32f10x_hd.o(.text)
    UART5_IRQHandler                         0x0800017f   Thumb Code     0  startup_stm32f10x_hd.o(.text)
    USART3_IRQHandler                        0x0800017f   Thumb Code     0  startup_stm32f10x_hd.o(.text)
    USBWakeUp_IRQHandler                     0x0800017f   Thumb Code     0  startup_stm32f10x_hd.o(.text)
    USB_HP_CAN1_TX_IRQHandler                0x0800017f   Thumb Code     0  startup_stm32f10x_hd.o(.text)
    USB_LP_CAN1_RX0_IRQHandler               0x0800017f   Thumb Code     0  startup_stm32f10x_hd.o(.text)
    WWDG_IRQHandler                          0x0800017f   Thumb Code     0  startup_stm32f10x_hd.o(.text)
    SystemInit                               0x08000267   Thumb Code    78  system_stm32f10x.o(.text)
    SystemCoreClockUpdate                    0x080002b5   Thumb Code   142  system_stm32f10x.o(.text)
    NVIC_PriorityGroupConfig                 0x08000369   Thumb Code    10  misc.o(.text)
    NVIC_Init                                0x08000373   Thumb Code   100  misc.o(.text)
    NVIC_SetVectorTable                      0x080003d7   Thumb Code    14  misc.o(.text)
    NVIC_SystemLPConfig                      0x080003e5   Thumb Code    34  misc.o(.text)
    SysTick_CLKSourceConfig                  0x08000407   Thumb Code    40  misc.o(.text)
    DMA_DeInit                               0x08000445   Thumb Code   324  stm32f10x_dma.o(.text)
    DMA_Init                                 0x08000589   Thumb Code    60  stm32f10x_dma.o(.text)
    DMA_StructInit                           0x080005c5   Thumb Code    26  stm32f10x_dma.o(.text)
    DMA_Cmd                                  0x080005df   Thumb Code    24  stm32f10x_dma.o(.text)
    DMA_ITConfig                             0x080005f7   Thumb Code    18  stm32f10x_dma.o(.text)
    DMA_SetCurrDataCounter                   0x08000609   Thumb Code     4  stm32f10x_dma.o(.text)
    DMA_GetCurrDataCounter                   0x0800060d   Thumb Code     8  stm32f10x_dma.o(.text)
    DMA_GetFlagStatus                        0x08000615   Thumb Code    40  stm32f10x_dma.o(.text)
    DMA_ClearFlag                            0x0800063d   Thumb Code    22  stm32f10x_dma.o(.text)
    DMA_GetITStatus                          0x08000653   Thumb Code    40  stm32f10x_dma.o(.text)
    DMA_ClearITPendingBit                    0x0800067b   Thumb Code    22  stm32f10x_dma.o(.text)
    GPIO_DeInit                              0x08000699   Thumb Code   172  stm32f10x_gpio.o(.text)
    GPIO_AFIODeInit                          0x08000745   Thumb Code    20  stm32f10x_gpio.o(.text)
    GPIO_Init                                0x08000759   Thumb Code   278  stm32f10x_gpio.o(.text)
    GPIO_StructInit                          0x0800086f   Thumb Code    16  stm32f10x_gpio.o(.text)
    GPIO_ReadInputDataBit                    0x0800087f   Thumb Code    18  stm32f10x_gpio.o(.text)
    GPIO_ReadInputData                       0x08000891   Thumb Code     8  stm32f10x_gpio.o(.text)
    GPIO_ReadOutputDataBit                   0x08000899   Thumb Code    18  stm32f10x_gpio.o(.text)
    GPIO_ReadOutputData                      0x080008ab   Thumb Code     8  stm32f10x_gpio.o(.text)
    GPIO_SetBits                             0x080008b3   Thumb Code     4  stm32f10x_gpio.o(.text)
    GPIO_ResetBits                           0x080008b7   Thumb Code     4  stm32f10x_gpio.o(.text)
    GPIO_WriteBit                            0x080008bb   Thumb Code    10  stm32f10x_gpio.o(.text)
    GPIO_Write                               0x080008c5   Thumb Code     4  stm32f10x_gpio.o(.text)
    GPIO_PinLockConfig                       0x080008c9   Thumb Code    18  stm32f10x_gpio.o(.text)
    GPIO_EventOutputConfig                   0x080008db   Thumb Code    26  stm32f10x_gpio.o(.text)
    GPIO_EventOutputCmd                      0x080008f5   Thumb Code     6  stm32f10x_gpio.o(.text)
    GPIO_PinRemapConfig                      0x080008fb   Thumb Code   138  stm32f10x_gpio.o(.text)
    GPIO_EXTILineConfig                      0x08000985   Thumb Code    66  stm32f10x_gpio.o(.text)
    GPIO_ETH_MediaInterfaceConfig            0x080009c7   Thumb Code     8  stm32f10x_gpio.o(.text)
    RCC_DeInit                               0x080009f5   Thumb Code    64  stm32f10x_rcc.o(.text)
    RCC_HSEConfig                            0x08000a35   Thumb Code    70  stm32f10x_rcc.o(.text)
    RCC_GetFlagStatus                        0x08000a7b   Thumb Code    56  stm32f10x_rcc.o(.text)
    RCC_WaitForHSEStartUp                    0x08000ab3   Thumb Code    56  stm32f10x_rcc.o(.text)
    RCC_AdjustHSICalibrationValue            0x08000aeb   Thumb Code    20  stm32f10x_rcc.o(.text)
    RCC_HSICmd                               0x08000aff   Thumb Code     6  stm32f10x_rcc.o(.text)
    RCC_PLLConfig                            0x08000b05   Thumb Code    24  stm32f10x_rcc.o(.text)
    RCC_PLLCmd                               0x08000b1d   Thumb Code     6  stm32f10x_rcc.o(.text)
    RCC_SYSCLKConfig                         0x08000b23   Thumb Code    18  stm32f10x_rcc.o(.text)
    RCC_GetSYSCLKSource                      0x08000b35   Thumb Code    10  stm32f10x_rcc.o(.text)
    RCC_HCLKConfig                           0x08000b3f   Thumb Code    18  stm32f10x_rcc.o(.text)
    RCC_PCLK1Config                          0x08000b51   Thumb Code    18  stm32f10x_rcc.o(.text)
    RCC_PCLK2Config                          0x08000b63   Thumb Code    20  stm32f10x_rcc.o(.text)
    RCC_ITConfig                             0x08000b77   Thumb Code    26  stm32f10x_rcc.o(.text)
    RCC_USBCLKConfig                         0x08000b91   Thumb Code     8  stm32f10x_rcc.o(.text)
    RCC_ADCCLKConfig                         0x08000b99   Thumb Code    18  stm32f10x_rcc.o(.text)
    RCC_LSEConfig                            0x08000bab   Thumb Code    50  stm32f10x_rcc.o(.text)
    RCC_LSICmd                               0x08000bdd   Thumb Code     6  stm32f10x_rcc.o(.text)
    RCC_RTCCLKConfig                         0x08000be3   Thumb Code    12  stm32f10x_rcc.o(.text)
    RCC_RTCCLKCmd                            0x08000bef   Thumb Code     8  stm32f10x_rcc.o(.text)
    RCC_GetClocksFreq                        0x08000bf7   Thumb Code   192  stm32f10x_rcc.o(.text)
    RCC_AHBPeriphClockCmd                    0x08000cb7   Thumb Code    26  stm32f10x_rcc.o(.text)
    RCC_APB2PeriphClockCmd                   0x08000cd1   Thumb Code    26  stm32f10x_rcc.o(.text)
    RCC_APB1PeriphClockCmd                   0x08000ceb   Thumb Code    26  stm32f10x_rcc.o(.text)
    RCC_APB2PeriphResetCmd                   0x08000d05   Thumb Code    26  stm32f10x_rcc.o(.text)
    RCC_APB1PeriphResetCmd                   0x08000d1f   Thumb Code    26  stm32f10x_rcc.o(.text)
    RCC_BackupResetCmd                       0x08000d39   Thumb Code     8  stm32f10x_rcc.o(.text)
    RCC_ClockSecuritySystemCmd               0x08000d41   Thumb Code     6  stm32f10x_rcc.o(.text)
    RCC_MCOConfig                            0x08000d47   Thumb Code     6  stm32f10x_rcc.o(.text)
    RCC_ClearFlag                            0x08000d4d   Thumb Code    14  stm32f10x_rcc.o(.text)
    RCC_GetITStatus                          0x08000d5b   Thumb Code    20  stm32f10x_rcc.o(.text)
    RCC_ClearITPendingBit                    0x08000d6f   Thumb Code     6  stm32f10x_rcc.o(.text)
    SDIO_DeInit                              0x08000d99   Thumb Code    28  stm32f10x_sdio.o(.text)
    SDIO_Init                                0x08000db5   Thumb Code    42  stm32f10x_sdio.o(.text)
    SDIO_StructInit                          0x08000ddf   Thumb Code    16  stm32f10x_sdio.o(.text)
    SDIO_ClockCmd                            0x08000def   Thumb Code     6  stm32f10x_sdio.o(.text)
    SDIO_SetPowerState                       0x08000df5   Thumb Code    22  stm32f10x_sdio.o(.text)
    SDIO_GetPowerState                       0x08000e0b   Thumb Code    10  stm32f10x_sdio.o(.text)
    SDIO_ITConfig                            0x08000e15   Thumb Code    26  stm32f10x_sdio.o(.text)
    SDIO_DMACmd                              0x08000e2f   Thumb Code     6  stm32f10x_sdio.o(.text)
    SDIO_SendCommand                         0x08000e35   Thumb Code    38  stm32f10x_sdio.o(.text)
    SDIO_CmdStructInit                       0x08000e5b   Thumb Code    14  stm32f10x_sdio.o(.text)
    SDIO_GetCommandResponse                  0x08000e69   Thumb Code     8  stm32f10x_sdio.o(.text)
    SDIO_GetResponse                         0x08000e71   Thumb Code    22  stm32f10x_sdio.o(.text)
    SDIO_DataConfig                          0x08000e87   Thumb Code    42  stm32f10x_sdio.o(.text)
    SDIO_DataStructInit                      0x08000eb1   Thumb Code    20  stm32f10x_sdio.o(.text)
    SDIO_GetDataCounter                      0x08000ec5   Thumb Code     6  stm32f10x_sdio.o(.text)
    SDIO_ReadData                            0x08000ecb   Thumb Code     8  stm32f10x_sdio.o(.text)
    SDIO_WriteData                           0x08000ed3   Thumb Code     8  stm32f10x_sdio.o(.text)
    SDIO_GetFIFOCount                        0x08000edb   Thumb Code     6  stm32f10x_sdio.o(.text)
    SDIO_StartSDIOReadWait                   0x08000ee1   Thumb Code     8  stm32f10x_sdio.o(.text)
    SDIO_StopSDIOReadWait                    0x08000ee9   Thumb Code     8  stm32f10x_sdio.o(.text)
    SDIO_SetSDIOReadWaitMode                 0x08000ef1   Thumb Code     8  stm32f10x_sdio.o(.text)
    SDIO_SetSDIOOperation                    0x08000ef9   Thumb Code     8  stm32f10x_sdio.o(.text)
    SDIO_SendSDIOSuspendCmd                  0x08000f01   Thumb Code     6  stm32f10x_sdio.o(.text)
    SDIO_CommandCompletionCmd                0x08000f07   Thumb Code     8  stm32f10x_sdio.o(.text)
    SDIO_CEATAITCmd                          0x08000f0f   Thumb Code    12  stm32f10x_sdio.o(.text)
    SDIO_SendCEATACmd                        0x08000f1b   Thumb Code     8  stm32f10x_sdio.o(.text)
    SDIO_GetFlagStatus                       0x08000f23   Thumb Code    20  stm32f10x_sdio.o(.text)
    SDIO_ClearFlag                           0x08000f37   Thumb Code     6  stm32f10x_sdio.o(.text)
    SDIO_GetITStatus                         0x08000f3d   Thumb Code    20  stm32f10x_sdio.o(.text)
    SDIO_ClearITPendingBit                   0x08000f51   Thumb Code     6  stm32f10x_sdio.o(.text)
    USART_DeInit                             0x08000f6d   Thumb Code   134  stm32f10x_usart.o(.text)
    USART_Init                               0x08000ff3   Thumb Code   210  stm32f10x_usart.o(.text)
    USART_StructInit                         0x080010c5   Thumb Code    24  stm32f10x_usart.o(.text)
    USART_ClockInit                          0x080010dd   Thumb Code    34  stm32f10x_usart.o(.text)
    USART_ClockStructInit                    0x080010ff   Thumb Code    12  stm32f10x_usart.o(.text)
    USART_Cmd                                0x0800110b   Thumb Code    24  stm32f10x_usart.o(.text)
    USART_ITConfig                           0x08001123   Thumb Code    74  stm32f10x_usart.o(.text)
    USART_DMACmd                             0x0800116d   Thumb Code    18  stm32f10x_usart.o(.text)
    USART_SetAddress                         0x0800117f   Thumb Code    18  stm32f10x_usart.o(.text)
    USART_WakeUpConfig                       0x08001191   Thumb Code    18  stm32f10x_usart.o(.text)
    USART_ReceiverWakeUpCmd                  0x080011a3   Thumb Code    24  stm32f10x_usart.o(.text)
    USART_LINBreakDetectLengthConfig         0x080011bb   Thumb Code    18  stm32f10x_usart.o(.text)
    USART_LINCmd                             0x080011cd   Thumb Code    24  stm32f10x_usart.o(.text)
    USART_SendData                           0x080011e5   Thumb Code     8  stm32f10x_usart.o(.text)
    USART_ReceiveData                        0x080011ed   Thumb Code    10  stm32f10x_usart.o(.text)
    USART_SendBreak                          0x080011f7   Thumb Code    10  stm32f10x_usart.o(.text)
    USART_SetGuardTime                       0x08001201   Thumb Code    16  stm32f10x_usart.o(.text)
    USART_SetPrescaler                       0x08001211   Thumb Code    16  stm32f10x_usart.o(.text)
    USART_SmartCardCmd                       0x08001221   Thumb Code    24  stm32f10x_usart.o(.text)
    USART_SmartCardNACKCmd                   0x08001239   Thumb Code    24  stm32f10x_usart.o(.text)
    USART_HalfDuplexCmd                      0x08001251   Thumb Code    24  stm32f10x_usart.o(.text)
    USART_OverSampling8Cmd                   0x08001269   Thumb Code    22  stm32f10x_usart.o(.text)
    USART_OneBitMethodCmd                    0x0800127f   Thumb Code    24  stm32f10x_usart.o(.text)
    USART_IrDAConfig                         0x08001297   Thumb Code    18  stm32f10x_usart.o(.text)
    USART_IrDACmd                            0x080012a9   Thumb Code    24  stm32f10x_usart.o(.text)
    USART_GetFlagStatus                      0x080012c1   Thumb Code    26  stm32f10x_usart.o(.text)
    USART_ClearFlag                          0x080012db   Thumb Code    18  stm32f10x_usart.o(.text)
    USART_GetITStatus                        0x080012ed   Thumb Code    84  stm32f10x_usart.o(.text)
    USART_ClearITPendingBit                  0x08001341   Thumb Code    52  stm32f10x_usart.o(.text)
    main                                     0x08001375   Thumb Code   358  main.o(.text)
    NMI_Handler                              0x08001721   Thumb Code     2  stm32f10x_it.o(.text)
    HardFault_Handler                        0x08001723   Thumb Code     4  stm32f10x_it.o(.text)
    MemManage_Handler                        0x08001727   Thumb Code     4  stm32f10x_it.o(.text)
    BusFault_Handler                         0x0800172b   Thumb Code     4  stm32f10x_it.o(.text)
    UsageFault_Handler                       0x0800172f   Thumb Code     4  stm32f10x_it.o(.text)
    SVC_Handler                              0x08001733   Thumb Code     2  stm32f10x_it.o(.text)
    DebugMon_Handler                         0x08001735   Thumb Code     2  stm32f10x_it.o(.text)
    PendSV_Handler                           0x08001737   Thumb Code     2  stm32f10x_it.o(.text)
    SysTick_Handler                          0x08001739   Thumb Code     8  stm32f10x_it.o(.text)
    USART1_IRQHandler                        0x08001741   Thumb Code    32  stm32f10x_it.o(.text)
    USART2_IRQHandler                        0x08001761   Thumb Code     8  stm32f10x_it.o(.text)
    SDIO_IRQHandler                          0x08001769   Thumb Code     8  stm32f10x_it.o(.text)
    USART_Config                             0x0800179f   Thumb Code   134  bsp_usart.o(.text)
    fputc                                    0x08001825   Thumb Code    32  bsp_usart.o(.text)
    fgetc                                    0x08001845   Thumb Code    26  bsp_usart.o(.text)
    SD_DeInit                                0x08001869   Thumb Code    66  bsp_sdio_sdcard.o(.text)
    SDIO_NVIC_Configuration                  0x080018ab   Thumb Code    40  bsp_sdio_sdcard.o(.text)
    SD_EnableWideBusOperation                0x08001cb3   Thumb Code   140  bsp_sdio_sdcard.o(.text)
    SD_SelectDeselect                        0x08001d3f   Thumb Code    48  bsp_sdio_sdcard.o(.text)
    SD_GetCardInfo                           0x08001d6f   Thumb Code   700  bsp_sdio_sdcard.o(.text)
    SD_InitializeCards                       0x08002125   Thumb Code   294  bsp_sdio_sdcard.o(.text)
    SD_PowerON                               0x080022f3   Thumb Code   374  bsp_sdio_sdcard.o(.text)
    SD_Init                                  0x08002469   Thumb Code   102  bsp_sdio_sdcard.o(.text)
    SD_SendStatus                            0x080024cf   Thumb Code    46  bsp_sdio_sdcard.o(.text)
    SD_GetState                              0x080024fd   Thumb Code    64  bsp_sdio_sdcard.o(.text)
    SD_GetStatus                             0x0800253d   Thumb Code    30  bsp_sdio_sdcard.o(.text)
    SD_PowerOFF                              0x0800255b   Thumb Code    14  bsp_sdio_sdcard.o(.text)
    SD_SendSDStatus                          0x08002569   Thumb Code   360  bsp_sdio_sdcard.o(.text)
    SD_GetCardStatus                         0x080026d1   Thumb Code   156  bsp_sdio_sdcard.o(.text)
    SD_ReadBlock                             0x0800276d   Thumb Code   208  bsp_sdio_sdcard.o(.text)
    SD_ReadMultiBlocks                       0x0800283d   Thumb Code   218  bsp_sdio_sdcard.o(.text)
    SD_WaitReadOperation                     0x08002917   Thumb Code    42  bsp_sdio_sdcard.o(.text)
    SD_WriteBlock                            0x08002941   Thumb Code   244  bsp_sdio_sdcard.o(.text)
    SD_WriteMultiBlocks                      0x08002a35   Thumb Code   312  bsp_sdio_sdcard.o(.text)
    SD_WaitWriteOperation                    0x08002b6d   Thumb Code    50  bsp_sdio_sdcard.o(.text)
    SD_GetTransferState                      0x08002b9f   Thumb Code    18  bsp_sdio_sdcard.o(.text)
    SD_StopTransfer                          0x08002bb1   Thumb Code    28  bsp_sdio_sdcard.o(.text)
    SD_Erase                                 0x08002d59   Thumb Code   334  bsp_sdio_sdcard.o(.text)
    SD_ProcessIRQSrc                         0x08002ea7   Thumb Code    70  bsp_sdio_sdcard.o(.text)
    convert_from_bytes_to_power_of_two       0x08002eed   Thumb Code    18  bsp_sdio_sdcard.o(.text)
    SysTick_Init                             0x08002f19   Thumb Code   106  bsp_systick.o(.text)
    Delay_us                                 0x08002f83   Thumb Code    36  bsp_systick.o(.text)
    Delay_ms                                 0x08002fa7   Thumb Code    24  bsp_systick.o(.text)
    TimingDelay_Decrement                    0x08002fbf   Thumb Code    18  bsp_systick.o(.text)
    gsm_cmd_check                            0x08002fe5   Thumb Code    86  bsp_gsm_gprs.o(.text)
    gsm_cmd                                  0x0800303b   Thumb Code    48  bsp_gsm_gprs.o(.text)
    gsm_waitask                              0x0800306b   Thumb Code    56  bsp_gsm_gprs.o(.text)
    gsm_cnum                                 0x080030a3   Thumb Code   102  bsp_gsm_gprs.o(.text)
    gsm_init                                 0x08003109   Thumb Code    80  bsp_gsm_gprs.o(.text)
    gsm_call                                 0x08003159   Thumb Code    26  bsp_gsm_gprs.o(.text)
    IsRing                                   0x08003173   Thumb Code   126  bsp_gsm_gprs.o(.text)
    IsInserCard                              0x080031f1   Thumb Code    22  bsp_gsm_gprs.o(.text)
    IsASSIC                                  0x08003207   Thumb Code    30  bsp_gsm_gprs.o(.text)
    gsm_gbk2usc2                             0x08003225   Thumb Code    78  bsp_gsm_gprs.o(.text)
    gsm_char2hex                             0x08003273   Thumb Code    38  bsp_gsm_gprs.o(.text)
    gsm_gbk2ucs2hex                          0x08003299   Thumb Code    94  bsp_gsm_gprs.o(.text)
    gsm_sms                                  0x080032f7   Thumb Code   238  bsp_gsm_gprs.o(.text)
    IsReceiveMS                              0x080033e5   Thumb Code   296  bsp_gsm_gprs.o(.text)
    IsReceiveMS_Test                         0x0800350d   Thumb Code   112  bsp_gsm_gprs.o(.text)
    readmessage                              0x0800357d   Thumb Code   234  bsp_gsm_gprs.o(.text)
    hexuni2gbk                               0x08003667   Thumb Code   296  bsp_gsm_gprs.o(.text)
    gsm_gprs_init                            0x0800378f   Thumb Code    98  bsp_gsm_gprs.o(.text)
    gsm_gprs_tcp_link                        0x080037f1   Thumb Code   108  bsp_gsm_gprs.o(.text)
    gsm_gprs_udp_link                        0x0800385d   Thumb Code   106  bsp_gsm_gprs.o(.text)
    gsp_gprs_send                            0x080038c7   Thumb Code   388  bsp_gsm_gprs.o(.text)
    gsm_gprs_link_close                      0x08003a4b   Thumb Code    30  bsp_gsm_gprs.o(.text)
    gsm_gprs_shut_close                      0x08003a69   Thumb Code    58  bsp_gsm_gprs.o(.text)
    PostGPRS                                 0x08003aa3   Thumb Code    40  bsp_gsm_gprs.o(.text)
    GSM_USART_Config                         0x08003b27   Thumb Code   140  bsp_gsm_usart.o(.text)
    bsp_GSM_USART_IRQHandler                 0x08003c15   Thumb Code    50  bsp_gsm_usart.o(.text)
    get_rebuff                               0x08003c47   Thumb Code    12  bsp_gsm_usart.o(.text)
    clean_rebuff                             0x08003c53   Thumb Code    30  bsp_gsm_usart.o(.text)
    GSM_USARTx_printf                        0x08003c71   Thumb Code   260  bsp_gsm_usart.o(.text)
    ff_convert                               0x08003d85   Thumb Code   116  cc936.o(.text)
    ff_wtoupper                              0x08003df9   Thumb Code    84  cc936.o(.text)
    __aeabi_uldivmod                         0x08003e5d   Thumb Code    98  uldiv.o(.text)
    __aeabi_memset                           0x08003ebf   Thumb Code    14  memseta.o(.text)
    __aeabi_memset4                          0x08003ebf   Thumb Code     0  memseta.o(.text)
    __aeabi_memset8                          0x08003ebf   Thumb Code     0  memseta.o(.text)
    __aeabi_memclr                           0x08003ecd   Thumb Code     4  memseta.o(.text)
    __aeabi_memclr4                          0x08003ecd   Thumb Code     0  memseta.o(.text)
    __aeabi_memclr8                          0x08003ecd   Thumb Code     0  memseta.o(.text)
    _memset$wrapper                          0x08003ed1   Thumb Code    18  memseta.o(.text)
    strstr                                   0x08003ee3   Thumb Code    36  strstr.o(.text)
    strlen                                   0x08003f07   Thumb Code    14  strlen.o(.text)
    strcpy                                   0x08003f15   Thumb Code    18  strcpy.o(.text)
    strtok                                   0x08003f29   Thumb Code    62  strtok.o(.text)
    strtoul                                  0x08003f6d   Thumb Code   114  strtoul.o(.text)
    atoi                                     0x08003fdf   Thumb Code    26  atoi.o(.text)
    __aeabi_uidiv                            0x08003ff9   Thumb Code     0  uidiv.o(.text)
    __aeabi_uidivmod                         0x08003ff9   Thumb Code    44  uidiv.o(.text)
    __aeabi_llsl                             0x08004025   Thumb Code    30  llshl.o(.text)
    _ll_shift_l                              0x08004025   Thumb Code     0  llshl.o(.text)
    __aeabi_llsr                             0x08004043   Thumb Code    32  llushr.o(.text)
    _ll_ushift_r                             0x08004043   Thumb Code     0  llushr.o(.text)
    __rt_ctype_table                         0x08004065   Thumb Code     4  ctype_o.o(.text)
    _strtoul                                 0x0800406d   Thumb Code   158  _strtoul.o(.text)
    strtol                                   0x0800410b   Thumb Code   112  strtol.o(.text)
    __scatterload                            0x0800417d   Thumb Code    28  init.o(.text)
    __scatterload_rt2                        0x0800417d   Thumb Code     0  init.o(.text)
    _chval                                   0x080041a1   Thumb Code    28  _chval.o(.text)
    __0printf$3                              0x080041bd   Thumb Code    22  printf3.o(i.__0printf$3)
    __1printf$3                              0x080041bd   Thumb Code     0  printf3.o(i.__0printf$3)
    __2printf                                0x080041bd   Thumb Code     0  printf3.o(i.__0printf$3)
    __0sprintf$3                             0x080041dd   Thumb Code    34  printf3.o(i.__0sprintf$3)
    __1sprintf$3                             0x080041dd   Thumb Code     0  printf3.o(i.__0sprintf$3)
    __2sprintf                               0x080041dd   Thumb Code     0  printf3.o(i.__0sprintf$3)
    __aeabi_errno_addr                       0x08004205   Thumb Code     4  errno.o(i.__aeabi_errno_addr)
    __rt_errno_addr                          0x08004205   Thumb Code     0  errno.o(i.__aeabi_errno_addr)
    __scatterload_copy                       0x0800420d   Thumb Code    14  handlers.o(i.__scatterload_copy)
    __scatterload_null                       0x0800421b   Thumb Code     2  handlers.o(i.__scatterload_null)
    __scatterload_zeroinit                   0x0800421d   Thumb Code    14  handlers.o(i.__scatterload_zeroinit)
    num                                      0x080043ee   Data           6  main.o(.constdata)
    __ctype_table                            0x0802f4b4   Data         129  ctype_o.o(.constdata)
    Region$$Table$$Base                      0x0802f618   Number         0  anon$$obj.o(Region$$Table)
    Region$$Table$$Limit                     0x0802f638   Number         0  anon$$obj.o(Region$$Table)
    SystemCoreClock                          0x20000000   Data           4  system_stm32f10x.o(.data)
    AHBPrescTable                            0x20000004   Data          16  system_stm32f10x.o(.data)
    StopCondition                            0x20000030   Data           4  bsp_sdio_sdcard.o(.data)
    TransferError                            0x20000034   Data           1  bsp_sdio_sdcard.o(.data)
    TransferEnd                              0x20000038   Data           4  bsp_sdio_sdcard.o(.data)
    currentAddIndex                          0x20000040   Data           1  bsp_gsm_gprs.o(.data)
    usart_p                                  0x20000042   Data           2  bsp_gsm_usart.o(.data)
    __stdout                                 0x20000048   Data           4  stdout.o(.data)
    namenum                                  0x20000050   Data          80  main.o(.bss)
    str                                      0x200000a0   Data         512  main.o(.bss)
    gbkstr                                   0x200002a0   Data        1024  main.o(.bss)
    namegbk                                  0x200006a0   Data         512  main.o(.bss)
    SDCardInfo                               0x200008d0   Data          80  bsp_sdio_sdcard.o(.bss)
    SDIO_InitStructure                       0x20000920   Data          24  bsp_sdio_sdcard.o(.bss)
    SDIO_CmdInitStructure                    0x20000938   Data          20  bsp_sdio_sdcard.o(.bss)
    SDIO_DataInitStructure                   0x2000094c   Data          24  bsp_sdio_sdcard.o(.bss)
    address                                  0x20000964   Data          10  bsp_gsm_gprs.o(.bss)
    usart_buff                               0x2000096e   Data         512  bsp_gsm_usart.o(.bss)
    __initial_sp                             0x20001370   Data           0  startup_stm32f10x_hd.o(STACK)



==============================================================================

Memory Map of the image

  Image Entry point : 0x08000131

  Load Region LR_IROM1 (Base: 0x08000000, Size: 0x0002f688, Max: 0x00080000, ABSOLUTE)

    Execution Region ER_IROM1 (Base: 0x08000000, Size: 0x0002f638, Max: 0x00080000, ABSOLUTE)

    Base Addr    Size         Type   Attr      Idx    E Section Name        Object

    0x08000000   0x00000130   Data   RO            3    RESET               startup_stm32f10x_hd.o
    0x08000130   0x00000000   Code   RO          659  * .ARM.Collect$$$$00000000  mc_w.l(entry.o)
    0x08000130   0x00000004   Code   RO          943    .ARM.Collect$$$$00000001  mc_w.l(entry2.o)
    0x08000134   0x00000004   Code   RO          946    .ARM.Collect$$$$00000004  mc_w.l(entry5.o)
    0x08000138   0x00000000   Code   RO          948    .ARM.Collect$$$$00000008  mc_w.l(entry7b.o)
    0x08000138   0x00000000   Code   RO          950    .ARM.Collect$$$$0000000A  mc_w.l(entry8b.o)
    0x08000138   0x00000008   Code   RO          951    .ARM.Collect$$$$0000000B  mc_w.l(entry9a.o)
    0x08000140   0x00000000   Code   RO          953    .ARM.Collect$$$$0000000D  mc_w.l(entry10a.o)
    0x08000140   0x00000000   Code   RO          955    .ARM.Collect$$$$0000000F  mc_w.l(entry11a.o)
    0x08000140   0x00000004   Code   RO          944    .ARM.Collect$$$$00002712  mc_w.l(entry2.o)
    0x08000144   0x00000020   Code   RO          111    .emb_text           core_cm3.o
    0x08000164   0x00000024   Code   RO            4    .text               startup_stm32f10x_hd.o
    0x08000188   0x000001e0   Code   RO           10    .text               system_stm32f10x.o
    0x08000368   0x000000dc   Code   RO          121    .text               misc.o
    0x08000444   0x00000254   Code   RO          221    .text               stm32f10x_dma.o
    0x08000698   0x0000035c   Code   RO          269    .text               stm32f10x_gpio.o
    0x080009f4   0x000003a4   Code   RO          317    .text               stm32f10x_rcc.o
    0x08000d98   0x000001d4   Code   RO          343    .text               stm32f10x_sdio.o
    0x08000f6c   0x00000408   Code   RO          379    .text               stm32f10x_usart.o
    0x08001374   0x000003ac   Code   RO          403    .text               main.o
    0x08001720   0x00000058   Code   RO          458    .text               stm32f10x_it.o
    0x08001778   0x000000f0   Code   RO          476    .text               bsp_usart.o
    0x08001868   0x000016b0   Code   RO          500    .text               bsp_sdio_sdcard.o
    0x08002f18   0x000000cc   Code   RO          519    .text               bsp_systick.o
    0x08002fe4   0x00000b1c   Code   RO          537    .text               bsp_gsm_gprs.o
    0x08003b00   0x00000284   Code   RO          586    .text               bsp_gsm_usart.o
    0x08003d84   0x000000d8   Code   RO          645    .text               cc936.o
    0x08003e5c   0x00000062   Code   RO          662    .text               mc_w.l(uldiv.o)
    0x08003ebe   0x00000024   Code   RO          664    .text               mc_w.l(memseta.o)
    0x08003ee2   0x00000024   Code   RO          666    .text               mc_w.l(strstr.o)
    0x08003f06   0x0000000e   Code   RO          668    .text               mc_w.l(strlen.o)
    0x08003f14   0x00000012   Code   RO          670    .text               mc_w.l(strcpy.o)
    0x08003f26   0x00000002   PAD
    0x08003f28   0x00000044   Code   RO          672    .text               mc_w.l(strtok.o)
    0x08003f6c   0x00000072   Code   RO          939    .text               mc_w.l(strtoul.o)
    0x08003fde   0x0000001a   Code   RO          941    .text               mc_w.l(atoi.o)
    0x08003ff8   0x0000002c   Code   RO          958    .text               mc_w.l(uidiv.o)
    0x08004024   0x0000001e   Code   RO          960    .text               mc_w.l(llshl.o)
    0x08004042   0x00000020   Code   RO          962    .text               mc_w.l(llushr.o)
    0x08004062   0x00000002   PAD
    0x08004064   0x00000008   Code   RO          964    .text               mc_w.l(ctype_o.o)
    0x0800406c   0x0000009e   Code   RO          999    .text               mc_w.l(_strtoul.o)
    0x0800410a   0x00000070   Code   RO         1001    .text               mc_w.l(strtol.o)
    0x0800417a   0x00000002   PAD
    0x0800417c   0x00000024   Code   RO         1014    .text               mc_w.l(init.o)
    0x080041a0   0x0000001c   Code   RO         1018    .text               mc_w.l(_chval.o)
    0x080041bc   0x00000020   Code   RO          767    i.__0printf$3       mc_w.l(printf3.o)
    0x080041dc   0x00000028   Code   RO          769    i.__0sprintf$3      mc_w.l(printf3.o)
    0x08004204   0x00000008   Code   RO          992    i.__aeabi_errno_addr  mc_w.l(errno.o)
    0x0800420c   0x0000000e   Code   RO         1024    i.__scatterload_copy  mc_w.l(handlers.o)
    0x0800421a   0x00000002   Code   RO         1025    i.__scatterload_null  mc_w.l(handlers.o)
    0x0800421c   0x0000000e   Code   RO         1026    i.__scatterload_zeroinit  mc_w.l(handlers.o)
    0x0800422a   0x00000002   PAD
    0x0800422c   0x000001b8   Code   RO          774    i._printf_core      mc_w.l(printf3.o)
    0x080043e4   0x0000000a   Code   RO          776    i._sputc            mc_w.l(printf3.o)
    0x080043ee   0x00000006   Data   RO          405    .constdata          main.o
    0x080043f4   0x0002b0c0   Data   RO          646    .constdata          cc936.o
    0x0802f4b4   0x00000081   Data   RO          965    .constdata          mc_w.l(ctype_o.o)
    0x0802f535   0x00000003   PAD
    0x0802f538   0x00000004   Data   RO          966    .constdata          mc_w.l(ctype_o.o)
    0x0802f53c   0x000000da   Data   RO          406    .conststring        main.o
    0x0802f616   0x00000002   PAD
    0x0802f618   0x00000020   Data   RO         1022    Region$$Table       anon$$obj.o


    Execution Region RW_IRAM1 (Base: 0x20000000, Size: 0x00001370, Max: 0x00010000, ABSOLUTE)

    Base Addr    Size         Type   Attr      Idx    E Section Name        Object

    0x20000000   0x00000014   Data   RW           11    .data               system_stm32f10x.o
    0x20000014   0x00000014   Data   RW          318    .data               stm32f10x_rcc.o
    0x20000028   0x00000014   Data   RW          502    .data               bsp_sdio_sdcard.o
    0x2000003c   0x00000004   Data   RW          520    .data               bsp_systick.o
    0x20000040   0x00000001   Data   RW          540    .data               bsp_gsm_gprs.o
    0x20000041   0x00000001   PAD
    0x20000042   0x00000002   Data   RW          588    .data               bsp_gsm_usart.o
    0x20000044   0x00000004   Data   RW          673    .data               mc_w.l(strtok.o)
    0x20000048   0x00000004   Data   RW          957    .data               mc_w.l(stdout.o)
    0x2000004c   0x00000004   Data   RW          995    .data               mc_w.l(errno.o)
    0x20000050   0x00000850   Zero   RW          404    .bss                main.o
    0x200008a0   0x000000c4   Zero   RW          501    .bss                bsp_sdio_sdcard.o
    0x20000964   0x0000000a   Zero   RW          538    .bss                bsp_gsm_gprs.o
    0x2000096e   0x00000200   Zero   RW          587    .bss                bsp_gsm_usart.o
    0x20000b6e   0x00000002   PAD
    0x20000b70   0x00000800   Zero   RW            1    STACK               startup_stm32f10x_hd.o


==============================================================================

Image component sizes


      Code (inc. data)   RO Data    RW Data    ZI Data      Debug   Object Name

      2844        526          0          1         10       9851   bsp_gsm_gprs.o
       644         16          0          2        512       3515   bsp_gsm_usart.o
      5808        208          0         20        196      23152   bsp_sdio_sdcard.o
       204         20          0          4          0      16846   bsp_systick.o
       240         10          0          0          0       1155   bsp_usart.o
       216         16     176320          0          0       1777   cc936.o
        32          0          0          0          0        568   core_cm3.o
       940        582        224          0       2128       3412   main.o
       220         22          0          0          0       1829   misc.o
        36          8        304          0       2048        872   startup_stm32f10x_hd.o
       596          8          0          0          0       4358   stm32f10x_dma.o
       860         38          0          0          0       5669   stm32f10x_gpio.o
        88          8          0          0          0       1722   stm32f10x_it.o
       932         36          0         20          0       8848   stm32f10x_rcc.o
       468         22          0          0          0       7112   stm32f10x_sdio.o
      1032         22          0          0          0       8400   stm32f10x_usart.o
       480         38          0         20          0     253599   system_stm32f10x.o

    ----------------------------------------------------------------------
     15640       1580     176882         68       4896     352685   Object Totals
         0          0         32          0          0          0   (incl. Generated)
         0          0          2          1          2          0   (incl. Padding)

    ----------------------------------------------------------------------

      Code (inc. data)   RO Data    RW Data    ZI Data      Debug   Library Member Name

        28          0          0          0          0         68   _chval.o
       158          0          0          0          0         92   _strtoul.o
        26          0          0          0          0         80   atoi.o
         8          4        133          0          0         68   ctype_o.o
         0          0          0          0          0          0   entry.o
         0          0          0          0          0          0   entry10a.o
         0          0          0          0          0          0   entry11a.o
         8          4          0          0          0          0   entry2.o
         4          0          0          0          0          0   entry5.o
         0          0          0          0          0          0   entry7b.o
         0          0          0          0          0          0   entry8b.o
         8          4          0          0          0          0   entry9a.o
         8          4          0          4          0         68   errno.o
        30          0          0          0          0          0   handlers.o
        36          8          0          0          0         68   init.o
        30          0          0          0          0         68   llshl.o
        32          0          0          0          0         68   llushr.o
        36          0          0          0          0        108   memseta.o
       522         20          0          0          0        336   printf3.o
         0          0          0          4          0          0   stdout.o
        18          0          0          0          0         68   strcpy.o
        14          0          0          0          0         68   strlen.o
        36          0          0          0          0         80   strstr.o
        68          6          0          4          0         80   strtok.o
       112          0          0          0          0         88   strtol.o
       114          0          0          0          0         92   strtoul.o
        44          0          0          0          0         80   uidiv.o
        98          0          0          0          0         92   uldiv.o

    ----------------------------------------------------------------------
      1446         50        136         12          0       1672   Library Totals
         8          0          3          0          0          0   (incl. Padding)

    ----------------------------------------------------------------------

      Code (inc. data)   RO Data    RW Data    ZI Data      Debug   Library Name

      1438         50        133         12          0       1672   mc_w.l

    ----------------------------------------------------------------------
      1446         50        136         12          0       1672   Library Totals

    ----------------------------------------------------------------------

==============================================================================


      Code (inc. data)   RO Data    RW Data    ZI Data      Debug   

     17086       1630     177018         80       4896     352013   Grand Totals
     17086       1630     177018         80       4896     352013   ELF Image Totals
     17086       1630     177018         80          0          0   ROM Totals

==============================================================================

    Total RO  Size (Code + RO Data)               194104 ( 189.55kB)
    Total RW  Size (RW Data + ZI Data)              4976 (   4.86kB)
    Total ROM Size (Code + RO Data + RW Data)     194184 ( 189.63kB)

==============================================================================

