Component: ARM Compiler 5.05 update 1 (build 106) Tool: armlink [4d0efa]

==============================================================================

Section Cross References

    startup_stm32f10x_hd.o(RESET) refers to startup_stm32f10x_hd.o(STACK) for __initial_sp
    startup_stm32f10x_hd.o(RESET) refers to startup_stm32f10x_hd.o(.text) for Reset_Handler
    startup_stm32f10x_hd.o(RESET) refers to stm32f10x_it.o(.text) for NMI_Handler
    startup_stm32f10x_hd.o(RESET) refers to bsp_sdio_sdcard.o(.text) for SDIO_IRQHandler
    startup_stm32f10x_hd.o(.text) refers to system_stm32f10x.o(.text) for SystemInit
    startup_stm32f10x_hd.o(.text) refers to entry.o(.ARM.Collect$$$$00000000) for __main
    system_stm32f10x.o(.text) refers to system_stm32f10x.o(.data) for SystemCoreClock
    stm32f10x_adc.o(.text) refers to stm32f10x_rcc.o(.text) for RCC_APB2PeriphResetCmd
    stm32f10x_bkp.o(.text) refers to stm32f10x_rcc.o(.text) for RCC_BackupResetCmd
    stm32f10x_can.o(.text) refers to stm32f10x_rcc.o(.text) for RCC_APB1PeriphResetCmd
    stm32f10x_cec.o(.text) refers to stm32f10x_rcc.o(.text) for RCC_APB1PeriphResetCmd
    stm32f10x_dac.o(.text) refers to stm32f10x_rcc.o(.text) for RCC_APB1PeriphResetCmd
    stm32f10x_gpio.o(.text) refers to stm32f10x_rcc.o(.text) for RCC_APB2PeriphResetCmd
    stm32f10x_i2c.o(.text) refers to stm32f10x_rcc.o(.text) for RCC_APB1PeriphResetCmd
    stm32f10x_pwr.o(.text) refers to stm32f10x_rcc.o(.text) for RCC_APB1PeriphResetCmd
    stm32f10x_rcc.o(.text) refers to stm32f10x_rcc.o(.data) for APBAHBPrescTable
    stm32f10x_spi.o(.text) refers to stm32f10x_rcc.o(.text) for RCC_APB2PeriphResetCmd
    stm32f10x_tim.o(.text) refers to stm32f10x_rcc.o(.text) for RCC_APB2PeriphResetCmd
    stm32f10x_usart.o(.text) refers to stm32f10x_rcc.o(.text) for RCC_APB2PeriphResetCmd
    stm32f10x_wwdg.o(.text) refers to stm32f10x_rcc.o(.text) for RCC_APB1PeriphResetCmd
    main.o(.text) refers to bsp_led.o(.text) for LED_GPIO_Config
    main.o(.text) refers to bsp_usart.o(.text) for USART_Config
    main.o(.text) refers to printfa.o(i.__0printf) for __2printf
    main.o(.text) refers to nema_decode_test.o(.text) for nmea_decode_test
    stm32f10x_it.o(.text) refers to bsp_gps.o(.text) for GPS_ProcessDMAIRQ
    nema_decode_test.o(.text) refers to ff.o(.text) for f_mount
    nema_decode_test.o(.text) refers to printfa.o(i.__0printf) for __2printf
    nema_decode_test.o(.text) refers to context.o(.text) for nmea_property
    nema_decode_test.o(.text) refers to info.o(.text) for nmea_zero_INFO
    nema_decode_test.o(.text) refers to parser.o(.text) for nmea_parser_init
    nema_decode_test.o(.text) refers to bsp_gps.o(.text) for GMTconvert
    nema_decode_test.o(.text) refers to gmath.o(.text) for nmea_ndeg2degree
    nema_decode_test.o(.text) refers to nema_decode_test.o(.bss) for fs
    nema_decode_test.o(.text) refers to nema_decode_test.o(.data) for res
    nema_decode_test.o(.text) refers to nema_decode_test.o(.conststring) for .conststring
    bsp_gps.o(.text) refers to stm32f10x_rcc.o(.text) for RCC_APB2PeriphClockCmd
    bsp_gps.o(.text) refers to stm32f10x_gpio.o(.text) for GPIO_Init
    bsp_gps.o(.text) refers to stm32f10x_usart.o(.text) for USART_Init
    bsp_gps.o(.text) refers to misc.o(.text) for NVIC_PriorityGroupConfig
    bsp_gps.o(.text) refers to stm32f10x_dma.o(.text) for DMA_Init
    bsp_gps.o(.text) refers to bsp_gps.o(.bss) for gps_buff
    bsp_gps.o(.text) refers to bsp_gps.o(.data) for GPS_HalfTransferEnd
    bsp_key.o(.text) refers to stm32f10x_rcc.o(.text) for RCC_APB2PeriphClockCmd
    bsp_key.o(.text) refers to stm32f10x_gpio.o(.text) for GPIO_Init
    bsp_led.o(.text) refers to stm32f10x_rcc.o(.text) for RCC_APB2PeriphClockCmd
    bsp_led.o(.text) refers to stm32f10x_gpio.o(.text) for GPIO_Init
    bsp_usart.o(.text) refers to stm32f10x_rcc.o(.text) for RCC_APB2PeriphClockCmd
    bsp_usart.o(.text) refers to stm32f10x_gpio.o(.text) for GPIO_Init
    bsp_usart.o(.text) refers to stm32f10x_usart.o(.text) for USART_Init
    diskio.o(.text) refers to bsp_sdio_sdcard.o(.text) for TM_FATFS_SD_SDIO_disk_initialize
    diskio.o(.text) refers to bsp_spi_flash.o(.text) for TM_FATFS_FLASH_SPI_disk_initialize
    ff.o(.text) refers to diskio.o(.text) for disk_write
    ff.o(.text) refers to ccsbcs.o(.text) for ff_wtoupper
    ff.o(.text) refers to ff.o(.constdata) for LfnOfs
    ff.o(.text) refers to ff.o(.data) for FatFs
    bsp_sdio_sdcard.o(.text) refers to stm32f10x_sdio.o(.text) for SDIO_ClockCmd
    bsp_sdio_sdcard.o(.text) refers to stm32f10x_rcc.o(.text) for RCC_AHBPeriphClockCmd
    bsp_sdio_sdcard.o(.text) refers to stm32f10x_gpio.o(.text) for GPIO_Init
    bsp_sdio_sdcard.o(.text) refers to misc.o(.text) for NVIC_PriorityGroupConfig
    bsp_sdio_sdcard.o(.text) refers to stm32f10x_dma.o(.text) for DMA_GetFlagStatus
    bsp_sdio_sdcard.o(.text) refers to bsp_sdio_sdcard.o(.bss) for SDIO_CmdInitStructure
[...]
    .text                                    0x0800a64e   Section        0  dflti.o(.text)
    .text                                    0x0800a670   Section        0  dfixi.o(.text)
    .text                                    0x0800a6b0   Section       48  cdcmple.o(.text)
    .text                                    0x0800a6e0   Section       48  cdrcmple.o(.text)
    .text                                    0x0800a710   Section        0  uidiv.o(.text)
    .text                                    0x0800a73c   Section        0  llshl.o(.text)
    .text                                    0x0800a75a   Section        0  llushr.o(.text)
    .text                                    0x0800a77a   Section        0  llsshr.o(.text)
    .text                                    0x0800a79e   Section        0  _strtoul.o(.text)
    .text                                    0x0800a83c   Section        0  strtod.o(.text)
    _local_sscanf                            0x0800a83d   Thumb Code    54  strtod.o(.text)
    .text                                    0x0800a8d8   Section        0  depilogue.o(.text)
    .text                                    0x0800a8d8   Section        0  iusefp.o(.text)
    .text                                    0x0800a992   Section        0  dscalb.o(.text)
    .text                                    0x0800a9c0   Section        0  dsqrt.o(.text)
    .text                                    0x0800aa62   Section        0  dfixul.o(.text)
    .text                                    0x0800aa94   Section       36  init.o(.text)
    .text                                    0x0800aab8   Section        0  _chval.o(.text)
    .text                                    0x0800aad4   Section        0  scanf_fp.o(.text)
    _fp_value                                0x0800aad5   Thumb Code   256  scanf_fp.o(.text)
    .text                                    0x0800ae0c   Section        0  _sgetc.o(.text)
    .text                                    0x0800ae4c   Section        0  dfltui.o(.text)
    .text                                    0x0800ae66   Section        0  dfltul.o(.text)
    .text                                    0x0800ae7e   Section        0  d2f.o(.text)
    .text                                    0x0800aeb6   Section        0  fepilogue.o(.text)
    i.__0printf                              0x0800af24   Section        0  printfa.o(i.__0printf)
    i.__0snprintf                            0x0800af44   Section        0  printfa.o(i.__0snprintf)
    i.__0vsnprintf                           0x0800af6c   Section        0  printfa.o(i.__0vsnprintf)
    i.__ARM_fpclassify                       0x0800af90   Section        0  fpclassify.o(i.__ARM_fpclassify)
    i.__ARM_isnan                            0x0800afb8   Section        0  gmath.o(i.__ARM_isnan)
    i.__aeabi_errno_addr                     0x0800afdc   Section        0  errno.o(i.__aeabi_errno_addr)
    i.__ieee754_rem_pio2                     0x0800afe4   Section        0  rred.o(i.__ieee754_rem_pio2)
    i.__kernel_cos                           0x0800b36c   Section        0  cos_i.o(i.__kernel_cos)
    i.__kernel_poly                          0x0800b468   Section        0  poly.o(i.__kernel_poly)
    i.__kernel_sin                           0x0800b514   Section        0  sin_i.o(i.__kernel_sin)
    i.__kernel_tan                           0x0800b600   Section        0  tan_i.o(i.__kernel_tan)
    i.__mathlib_dbl_divzero                  0x0800b87c   Section        0  dunder.o(i.__mathlib_dbl_divzero)
    i.__mathlib_dbl_infnan                   0x0800b88c   Section        0  dunder.o(i.__mathlib_dbl_infnan)
    i.__mathlib_dbl_infnan2                  0x0800b892   Section        0  dunder.o(i.__mathlib_dbl_infnan2)
    i.__mathlib_dbl_invalid                  0x0800b896   Section        0  dunder.o(i.__mathlib_dbl_invalid)
    i.__mathlib_dbl_overflow                 0x0800b8a2   Section        0  dunder.o(i.__mathlib_dbl_overflow)
    i.__mathlib_dbl_underflow                0x0800b8b0   Section        0  dunder.o(i.__mathlib_dbl_underflow)
    i.__scatterload_copy                     0x0800b8c0   Section       14  handlers.o(i.__scatterload_copy)
    i.__scatterload_null                     0x0800b8ce   Section        2  handlers.o(i.__scatterload_null)
    i.__scatterload_zeroinit                 0x0800b8d0   Section       14  handlers.o(i.__scatterload_zeroinit)
    i.__set_errno                            0x0800b8e0   Section        0  errno.o(i.__set_errno)
    i._fp_digits                             0x0800b8ec   Section        0  printfa.o(i._fp_digits)
    _fp_digits                               0x0800b8ed   Thumb Code   334  printfa.o(i._fp_digits)
    i._is_digit                              0x0800ba50   Section        0  scanf_fp.o(i._is_digit)
    i._printf_core                           0x0800ba60   Section        0  printfa.o(i._printf_core)
    _printf_core                             0x0800ba61   Thumb Code  1744  printfa.o(i._printf_core)
    i._printf_post_padding                   0x0800c13c   Section        0  printfa.o(i._printf_post_padding)
    _printf_post_padding                     0x0800c13d   Thumb Code    36  printfa.o(i._printf_post_padding)
    i._printf_pre_padding                    0x0800c160   Section        0  printfa.o(i._printf_pre_padding)
    _printf_pre_padding                      0x0800c161   Thumb Code    46  printfa.o(i._printf_pre_padding)
    i._snputc                                0x0800c18e   Section        0  printfa.o(i._snputc)
    _snputc                                  0x0800c18f   Thumb Code    22  printfa.o(i._snputc)
    i.acos                                   0x0800c1a4   Section        0  acos.o(i.acos)
    i.asin                                   0x0800c420   Section        0  asin.o(i.asin)
    i.atan                                   0x0800c690   Section        0  atan.o(i.atan)
    i.atan2                                  0x0800c8b0   Section        0  atan2.o(i.atan2)
    i.cos                                    0x0800ca30   Section        0  cos.o(i.cos)
    i.free                                   0x0800cacc   Section        0  malloc.o(i.free)
    i.malloc                                 0x0800cb1c   Section        0  malloc.o(i.malloc)
    i.modf                                   0x0800cb88   Section        0  modf.o(i.modf)
    i.pow                                    0x0800cc20   Section        0  pow.o(i.pow)
    i.sin                                    0x0800d5d8   Section        0  sin.o(i.sin)
    i.sqrt                                   0x0800d678   Section        0  sqrt.o(i.sqrt)
    i.strtod                                 0x0800d6c4   Section        0  strtod.o(i.strtod)
    i.tan                                    0x0800d6e0   Section        0  tan.o(i.tan)
    .constdata                               0x0800d744   Section      186  ff.o(.constdata)
    ExCvt                                    0x0800d744   Data         128  ff.o(.constdata)
    LfnOfs                                   0x0800d7c4   Data          13  ff.o(.constdata)
    vst                                      0x0800d7d2   Data          22  ff.o(.constdata)
    cst                                      0x0800d7e8   Data          22  ff.o(.constdata)
    .constdata                               0x0800d7fe   Section     2232  ccsbcs.o(.constdata)
    Tbl                                      0x0800d7fe   Data         256  ccsbcs.o(.constdata)
    lower                                    0x0800d8fe   Data         988  ccsbcs.o(.constdata)
    upper                                    0x0800dcda   Data         988  ccsbcs.o(.constdata)
    .constdata                               0x0800e0b8   Section       80  acos.o(.constdata)
    pS                                       0x0800e0b8   Data          48  acos.o(.constdata)
    qS                                       0x0800e0e8   Data          32  acos.o(.constdata)
    .constdata                               0x0800e108   Section       80  asin.o(.constdata)
    pS                                       0x0800e108   Data          48  asin.o(.constdata)
    qS                                       0x0800e138   Data          32  asin.o(.constdata)
    .constdata                               0x0800e158   Section      152  atan.o(.constdata)
    atanhi                                   0x0800e158   Data          32  atan.o(.constdata)
    atanlo                                   0x0800e178   Data          32  atan.o(.constdata)
    aTodd                                    0x0800e198   Data          40  atan.o(.constdata)
    aTeven                                   0x0800e1c0   Data          48  atan.o(.constdata)
    .constdata                               0x0800e1f0   Section      136  pow.o(.constdata)
    bp                                       0x0800e1f0   Data          16  pow.o(.constdata)
    dp_h                                     0x0800e200   Data          16  pow.o(.constdata)
    dp_l                                     0x0800e210   Data          16  pow.o(.constdata)
    L                                        0x0800e220   Data          48  pow.o(.constdata)
    P                                        0x0800e250   Data          40  pow.o(.constdata)
    .constdata                               0x0800e278   Section      129  ctype_o.o(.constdata)
    .constdata                               0x0800e2fc   Section        4  ctype_o.o(.constdata)
    table                                    0x0800e2fc   Data           4  ctype_o.o(.constdata)
    .constdata                               0x0800e300   Section       48  cos_i.o(.constdata)
    C                                        0x0800e300   Data          48  cos_i.o(.constdata)
    .constdata                               0x0800e330   Section        8  qnan.o(.constdata)
    .constdata                               0x0800e338   Section      200  rred.o(.constdata)
    pio2s                                    0x0800e338   Data          48  rred.o(.constdata)
    twooverpi                                0x0800e368   Data         152  rred.o(.constdata)
    .constdata                               0x0800e400   Section       40  sin_i.o(.constdata)
    S                                        0x0800e400   Data          40  sin_i.o(.constdata)
    .constdata                               0x0800e428   Section       96  tan_i.o(.constdata)
    Todd                                     0x0800e428   Data          48  tan_i.o(.constdata)
    Teven                                    0x0800e458   Data          48  tan_i.o(.constdata)
    .conststring                             0x0800e488   Section       75  nema_decode_test.o(.conststring)
    .conststring                             0x0800e4d4   Section      238  parse.o(.conststring)
    .data                                    0x20000000   Section       20  system_stm32f10x.o(.data)
    .data                                    0x20000014   Section       20  stm32f10x_rcc.o(.data)
    APBAHBPrescTable                         0x20000014   Data          16  stm32f10x_rcc.o(.data)
    ADCPrescTable                            0x20000024   Data           4  stm32f10x_rcc.o(.data)
    .data                                    0x20000028   Section       12  nema_decode_test.o(.data)
    .data                                    0x20000034   Section        2  bsp_gps.o(.data)
    .data                                    0x20000038   Section       10  ff.o(.data)
    FatFs                                    0x20000038   Data           8  ff.o(.data)
    Fsid                                     0x20000040   Data           2  ff.o(.data)
    .data                                    0x20000044   Section       21  bsp_sdio_sdcard.o(.data)
    CardType                                 0x20000044   Data           4  bsp_sdio_sdcard.o(.data)
    RCA                                      0x20000048   Data           4  bsp_sdio_sdcard.o(.data)
    TM_FATFS_SD_SDIO_Stat                    0x20000058   Data           1  bsp_sdio_sdcard.o(.data)
    .data                                    0x2000005c   Section        5  bsp_spi_flash.o(.data)
    SPITimeout                               0x2000005c   Data           4  bsp_spi_flash.o(.data)
    TM_FATFS_FLASH_SPI_Stat                  0x20000060   Data           1  bsp_spi_flash.o(.data)
    .data                                    0x20000064   Section       16  context.o(.data)
    prop                                     0x20000064   Data          16  context.o(.data)
    .data                                    0x20000074   Section       52  parse.o(.data)
    pheads                                   0x20000074   Data          52  parse.o(.data)
    .data                                    0x200000a8   Section        4  stdout.o(.data)
    .data                                    0x200000ac   Section        4  mvars.o(.data)
    .data                                    0x200000b0   Section        4  mvars.o(.data)
    .data                                    0x200000b4   Section        4  errno.o(.data)
    _errno                                   0x200000b4   Data           4  errno.o(.data)
    .bss                                     0x200000b8   Section     8276  nema_decode_test.o(.bss)
    .bss                                     0x2000210c   Section      512  bsp_gps.o(.bss)
    .bss                                     0x2000230c   Section      196  bsp_sdio_sdcard.o(.bss)
    CSD_Tab                                  0x2000230c   Data          16  bsp_sdio_sdcard.o(.bss)
    CID_Tab                                  0x2000231c   Data          16  bsp_sdio_sdcard.o(.bss)
    SDSTATUS_Tab                             0x2000232c   Data          16  bsp_sdio_sdcard.o(.bss)
    .bss                                     0x200023d0   Section      256  parse.o(.bss)
    HEAP                                     0x200024d0   Section     4096  startup_stm32f10x_hd.o(HEAP)
    STACK                                    0x200034d0   Section    16384  startup_stm32f10x_hd.o(STACK)

    Global Symbols

    Symbol Name                              Value     Ov Type        Size  Object(Section)

    BuildAttributes$$THM_ISAv4$P$D$K$B$S$PE$A:L22UL41UL21$X:L11$S22US41US21$IEEE1$IW$USESV6$~STKCKD$USESV7$~SHL$OTIME$ROPI$IEEEX$EBA8$MICROLIB$REQ8$PRES8$EABIv2 0x00000000   Number         0  anon$$obj.o ABSOLUTE
    __ARM_use_no_argv                        0x00000000   Number         0  main.o ABSOLUTE
    _printf_a                                0x00000000   Number         0  stubs.o ABSOLUTE
    _printf_c                                0x00000000   Number         0  stubs.o ABSOLUTE
    _printf_charcount                        0x00000000   Number         0  stubs.o ABSOLUTE
    _printf_d                                0x00000000   Number         0  stubs.o ABSOLUTE
    _printf_e                                0x00000000   Number         0  stubs.o ABSOLUTE
    _printf_f                                0x00000000   Number         0  stubs.o ABSOLUTE
    _printf_flags                            0x00000000   Number         0  stubs.o ABSOLUTE
    _printf_fp_dec                           0x00000000   Number         0  stubs.o ABSOLUTE
    _printf_fp_hex                           0x00000000   Number         0  stubs.o ABSOLUTE
    _printf_g                                0x00000000   Number         0  stubs.o ABSOLUTE
    _printf_i                                0x00000000   Number         0  stubs.o ABSOLUTE
    _printf_int_dec                          0x00000000   Number         0  stubs.o ABSOLUTE
    _printf_l                                0x00000000   Number         0  stubs.o ABSOLUTE
    _printf_lc                               0x00000000   Number         0  stubs.o ABSOLUTE
    _printf_ll                               0x00000000   Number         0  stubs.o ABSOLUTE
    _printf_lld                              0x00000000   Number         0  stubs.o ABSOLUTE
    _printf_lli                              0x00000000   Number         0  stubs.o ABSOLUTE
    _printf_llo                              0x00000000   Number         0  stubs.o ABSOLUTE
    _printf_llu                              0x00000000   Number         0  stubs.o ABSOLUTE
    _printf_llx                              0x00000000   Number         0  stubs.o ABSOLUTE
    _printf_longlong_dec                     0x00000000   Number         0  stubs.o ABSOLUTE
    _printf_longlong_hex                     0x00000000   Number         0  stubs.o ABSOLUTE
    _printf_longlong_oct                     0x00000000   Number         0  stubs.o ABSOLUTE
    _printf_ls                               0x00000000   Number         0  stubs.o ABSOLUTE
    _printf_mbtowc                           0x00000000   Number         0  stubs.o ABSOLUTE
    _printf_n                                0x00000000   Number         0  stubs.o ABSOLUTE
    _printf_o                                0x00000000   Number         0  stubs.o ABSOLUTE
    _printf_p                                0x00000000   Number         0  stubs.o ABSOLUTE
    _printf_percent                          0x00000000   Number         0  stubs.o ABSOLUTE
    _printf_pre_padding                      0x00000000   Number         0  stubs.o ABSOLUTE
    _printf_return_value                     0x00000000   Number         0  stubs.o ABSOLUTE
    _printf_s                                0x00000000   Number         0  stubs.o ABSOLUTE
    _printf_sizespec                         0x00000000   Number         0  stubs.o ABSOLUTE
    _printf_str                              0x00000000   Number         0  stubs.o ABSOLUTE
    _printf_truncate_signed                  0x00000000   Number         0  stubs.o ABSOLUTE
    _printf_truncate_unsigned                0x00000000   Number         0  stubs.o ABSOLUTE
    _printf_u                                0x00000000   Number         0  stubs.o ABSOLUTE
    _printf_wc                               0x00000000   Number         0  stubs.o ABSOLUTE
    _printf_wctomb                           0x00000000   Number         0  stubs.o ABSOLUTE
    _printf_widthprec                        0x00000000   Number         0  stubs.o ABSOLUTE
    _printf_x                                0x00000000   Number         0  stubs.o ABSOLUTE
    __cpp_initialize__aeabi_                  - Undefined Weak Reference
    __cxa_finalize                            - Undefined Weak Reference
    __decompress                              - Undefined Weak Reference
    _clock_init                               - Undefined Weak Reference
    _microlib_exit                            - Undefined Weak Reference
    __Vectors_Size                           0x00000130   Number         0  startup_stm32f10x_hd.o ABSOLUTE
    __Vectors                                0x08000000   Data           4  startup_stm32f10x_hd.o(RESET)
    __Vectors_End                            0x08000130   Data           0  startup_stm32f10x_hd.o(RESET)
    __main                                   0x08000131   Thumb Code     0  entry.o(.ARM.Collect$$$$00000000)
    _main_stk                                0x08000131   Thumb Code     0  entry2.o(.ARM.Collect$$$$00000001)
    _main_scatterload                        0x08000135   Thumb Code     0  entry5.o(.ARM.Collect$$$$00000004)
    __main_after_scatterload                 0x08000139   Thumb Code     0  entry5.o(.ARM.Collect$$$$00000004)
    _main_clock                              0x08000139   Thumb Code     0  entry7b.o(.ARM.Collect$$$$00000008)
    _main_cpp_init                           0x08000139   Thumb Code     0  entry8b.o(.ARM.Collect$$$$0000000A)
    _main_init                               0x08000139   Thumb Code     0  entry9a.o(.ARM.Collect$$$$0000000B)
    __rt_final_cpp                           0x08000141   Thumb Code     0  entry10a.o(.ARM.Collect$$$$0000000D)
    __rt_final_exit                          0x08000141   Thumb Code     0  entry11a.o(.ARM.Collect$$$$0000000F)
    Reset_Handler                            0x08000145   Thumb Code     8  startup_stm32f10x_hd.o(.text)
    ADC1_2_IRQHandler                        0x0800015f   Thumb Code     0  startup_stm32f10x_hd.o(.text)
    ADC3_IRQHandler                          0x0800015f   Thumb Code     0  startup_stm32f10x_hd.o(.text)
    CAN1_RX1_IRQHandler                      0x0800015f   Thumb Code     0  startup_stm32f10x_hd.o(.text)
    CAN1_SCE_IRQHandler                      0x0800015f   Thumb Code     0  startup_stm32f10x_hd.o(.text)
    DMA1_Channel1_IRQHandler                 0x0800015f   Thumb Code     0  startup_stm32f10x_hd.o(.text)
    DMA1_Channel2_IRQHandler                 0x0800015f   Thumb Code     0  startup_stm32f10x_hd.o(.text)
    DMA1_Channel3_IRQHandler                 0x0800015f   Thumb Code     0  startup_stm32f10x_hd.o(.text)
    DMA1_Channel4_IRQHandler                 0x0800015f   Thumb Code     0  startup_stm32f10x_hd.o(.text)
    DMA1_Channel5_IRQHandler                 0x0800015f   Thumb Code     0  startup_stm32f10x_hd.o(.text)
    DMA1_Channel7_IRQHandler                 0x0800015f   Thumb Code     0  startup_stm32f10x_hd.o(.text)
    DMA2_Channel1_IRQHandler                 0x0800015f   Thumb Code     0  startup_stm32f10x_hd.o(.text)
    DMA2_Channel2_IRQHandler                 0x0800015f   Thumb Code     0  startup_stm32f10x_hd.o(.text)
    DMA2_Channel3_IRQHandler                 0x0800015f   Thumb Code     0  startup_stm32f10x_hd.o(.text)
    DMA2_Channel4_5_IRQHandler               0x0800015f   Thumb Code     0  startup_stm32f10x_hd.o(.text)
    EXTI0_IRQHandler                         0x0800015f   Thumb Code     0  startup_stm32f10x_hd.o(.text)
    EXTI15_10_IRQHandler                     0x0800015f   Thumb Code     0  startup_stm32f10x_hd.o(.text)
    EXTI1_IRQHandler                         0x0800015f   Thumb Code     0  startup_stm32f10x_hd.o(.text)
    EXTI2_IRQHandler                         0x0800015f   Thumb Code     0  startup_stm32f10x_hd.o(.text)
    EXTI3_IRQHandler                         0x0800015f   Thumb Code     0  startup_stm32f10x_hd.o(.text)
    EXTI4_IRQHandler                         0x0800015f   Thumb Code     0  startup_stm32f10x_hd.o(.text)
    EXTI9_5_IRQHandler                       0x0800015f   Thumb Code     0  startup_stm32f10x_hd.o(.text)
    FLASH_IRQHandler                         0x0800015f   Thumb Code     0  startup_stm32f10x_hd.o(.text)
    FSMC_IRQHandler                          0x0800015f   Thumb Code     0  startup_stm32f10x_hd.o(.text)
    I2C1_ER_IRQHandler                       0x0800015f   Thumb Code     0  startup_stm32f10x_hd.o(.text)
    I2C1_EV_IRQHandler                       0x0800015f   Thumb Code     0  startup_stm32f10x_hd.o(.text)
    I2C2_ER_IRQHandler                       0x0800015f   Thumb Code     0  startup_stm32f10x_hd.o(.text)
    I2C2_EV_IRQHandler                       0x0800015f   Thumb Code     0  startup_stm32f10x_hd.o(.text)
    PVD_IRQHandler                           0x0800015f   Thumb Code     0  startup_stm32f10x_hd.o(.text)
    RCC_IRQHandler                           0x0800015f   Thumb Code     0  startup_stm32f10x_hd.o(.text)
    RTCAlarm_IRQHandler                      0x0800015f   Thumb Code     0  startup_stm32f10x_hd.o(.text)
    RTC_IRQHandler                           0x0800015f   Thumb Code     0  startup_stm32f10x_hd.o(.text)
    SPI1_IRQHandler                          0x0800015f   Thumb Code     0  startup_stm32f10x_hd.o(.text)
    SPI2_IRQHandler                          0x0800015f   Thumb Code     0  startup_stm32f10x_hd.o(.text)
    SPI3_IRQHandler                          0x0800015f   Thumb Code     0  startup_stm32f10x_hd.o(.text)
    TAMPER_IRQHandler                        0x0800015f   Thumb Code     0  startup_stm32f10x_hd.o(.text)
    TIM1_BRK_IRQHandler                      0x0800015f   Thumb Code     0  startup_stm32f10x_hd.o(.text)
    TIM1_CC_IRQHandler                       0x0800015f   Thumb Code     0  startup_stm32f10x_hd.o(.text)
    TIM1_TRG_COM_IRQHandler                  0x0800015f   Thumb Code     0  startup_stm32f10x_hd.o(.text)
    TIM1_UP_IRQHandler                       0x0800015f   Thumb Code     0  startup_stm32f10x_hd.o(.text)
    TIM2_IRQHandler                          0x0800015f   Thumb Code     0  startup_stm32f10x_hd.o(.text)
    TIM3_IRQHandler                          0x0800015f   Thumb Code     0  startup_stm32f10x_hd.o(.text)
    TIM4_IRQHandler                          0x0800015f   Thumb Code     0  startup_stm32f10x_hd.o(.text)
    TIM5_IRQHandler                          0x0800015f   Thumb Code     0  startup_stm32f10x_hd.o(.text)
    TIM6_IRQHandler                          0x0800015f   Thumb Code     0  startup_stm32f10x_hd.o(.text)
    TIM7_IRQHandler                          0x0800015f   Thumb Code     0  startup_stm32f10x_hd.o(.text)
    TIM8_BRK_IRQHandler                      0x0800015f   Thumb Code     0  startup_stm32f10x_hd.o(.text)
    TIM8_CC_IRQHandler                       0x0800015f   Thumb Code     0  startup_stm32f10x_hd.o(.text)
    TIM8_TRG_COM_IRQHandler                  0x0800015f   Thumb Code     0  startup_stm32f10x_hd.o(.text)
    TIM8_UP_IRQHandler                       0x0800015f   Thumb Code     0  startup_stm32f10x_hd.o(.text)
    UART4_IRQHandler                         0x0800015f   Thumb Code     0  startup_stm32f10x_hd.o(.text)
    UART5_IRQHandler                         0x0800015f   Thumb Code     0  startup_stm32f10x_hd.o(.text)
    USART1_IRQHandler                        0x0800015f   Thumb Code     0  startup_stm32f10x_hd.o(.text)
    USART2_IRQHandler                        0x0800015f   Thumb Code     0  startup_stm32f10x_hd.o(.text)
    USART3_IRQHandler                        0x0800015f   Thumb Code     0  startup_stm32f10x_hd.o(.text)
    USBWakeUp_IRQHandler                     0x0800015f   Thumb Code     0  startup_stm32f10x_hd.o(.text)
    USB_HP_CAN1_TX_IRQHandler                0x0800015f   Thumb Code     0  startup_stm32f10x_hd.o(.text)
    USB_LP_CAN1_RX0_IRQHandler               0x0800015f   Thumb Code     0  startup_stm32f10x_hd.o(.text)
    WWDG_IRQHandler                          0x0800015f   Thumb Code     0  startup_stm32f10x_hd.o(.text)
    SystemInit                               0x08000247   Thumb Code    78  system_stm32f10x.o(.text)
    SystemCoreClockUpdate                    0x08000295   Thumb Code   142  system_stm32f10x.o(.text)
    NVIC_PriorityGroupConfig                 0x08000349   Thumb Code    10  misc.o(.text)
    NVIC_Init                                0x08000353   Thumb Code   100  misc.o(.text)
    NVIC_SetVectorTable                      0x080003b7   Thumb Code    14  misc.o(.text)
    NVIC_SystemLPConfig                      0x080003c5   Thumb Code    34  misc.o(.text)
    SysTick_CLKSourceConfig                  0x080003e7   Thumb Code    40  misc.o(.text)
    DMA_DeInit                               0x08000425   Thumb Code   324  stm32f10x_dma.o(.text)
    DMA_Init                                 0x08000569   Thumb Code    60  stm32f10x_dma.o(.text)
    DMA_StructInit                           0x080005a5   Thumb Code    26  stm32f10x_dma.o(.text)
    DMA_Cmd                                  0x080005bf   Thumb Code    24  stm32f10x_dma.o(.text)
    DMA_ITConfig                             0x080005d7   Thumb Code    18  stm32f10x_dma.o(.text)
    DMA_SetCurrDataCounter                   0x080005e9   Thumb Code     4  stm32f10x_dma.o(.text)
    DMA_GetCurrDataCounter                   0x080005ed   Thumb Code     8  stm32f10x_dma.o(.text)
    DMA_GetFlagStatus                        0x080005f5   Thumb Code    40  stm32f10x_dma.o(.text)
    DMA_ClearFlag                            0x0800061d   Thumb Code    22  stm32f10x_dma.o(.text)
    DMA_GetITStatus                          0x08000633   Thumb Code    40  stm32f10x_dma.o(.text)
    DMA_ClearITPendingBit                    0x0800065b   Thumb Code    22  stm32f10x_dma.o(.text)
    GPIO_DeInit                              0x08000679   Thumb Code   172  stm32f10x_gpio.o(.text)
    GPIO_AFIODeInit                          0x08000725   Thumb Code    20  stm32f10x_gpio.o(.text)
    GPIO_Init                                0x08000739   Thumb Code   278  stm32f10x_gpio.o(.text)
    GPIO_StructInit                          0x0800084f   Thumb Code    16  stm32f10x_gpio.o(.text)
    GPIO_ReadInputDataBit                    0x0800085f   Thumb Code    18  stm32f10x_gpio.o(.text)
    GPIO_ReadInputData                       0x08000871   Thumb Code     8  stm32f10x_gpio.o(.text)
    GPIO_ReadOutputDataBit                   0x08000879   Thumb Code    18  stm32f10x_gpio.o(.text)
    GPIO_ReadOutputData                      0x0800088b   Thumb Code     8  stm32f10x_gpio.o(.text)
    GPIO_SetBits                             0x08000893   Thumb Code     4  stm32f10x_gpio.o(.text)
    GPIO_ResetBits                           0x08000897   Thumb Code     4  stm32f10x_gpio.o(.text)
    GPIO_WriteBit                            0x0800089b   Thumb Code    10  stm32f10x_gpio.o(.text)
    GPIO_Write                               0x080008a5   Thumb Code     4  stm32f10x_gpio.o(.text)
    GPIO_PinLockConfig                       0x080008a9   Thumb Code    18  stm32f10x_gpio.o(.text)
    GPIO_EventOutputConfig                   0x080008bb   Thumb Code    26  stm32f10x_gpio.o(.text)
    GPIO_EventOutputCmd                      0x080008d5   Thumb Code     6  stm32f10x_gpio.o(.text)
    GPIO_PinRemapConfig                      0x080008db   Thumb Code   138  stm32f10x_gpio.o(.text)
    GPIO_EXTILineConfig                      0x08000965   Thumb Code    66  stm32f10x_gpio.o(.text)
    GPIO_ETH_MediaInterfaceConfig            0x080009a7   Thumb Code     8  stm32f10x_gpio.o(.text)
    RCC_DeInit                               0x080009d5   Thumb Code    64  stm32f10x_rcc.o(.text)
    RCC_HSEConfig                            0x08000a15   Thumb Code    70  stm32f10x_rcc.o(.text)
    RCC_GetFlagStatus                        0x08000a5b   Thumb Code    56  stm32f10x_rcc.o(.text)
    RCC_WaitForHSEStartUp                    0x08000a93   Thumb Code    56  stm32f10x_rcc.o(.text)
    RCC_AdjustHSICalibrationValue            0x08000acb   Thumb Code    20  stm32f10x_rcc.o(.text)
    RCC_HSICmd                               0x08000adf   Thumb Code     6  stm32f10x_rcc.o(.text)
    RCC_PLLConfig                            0x08000ae5   Thumb Code    24  stm32f10x_rcc.o(.text)
    RCC_PLLCmd                               0x08000afd   Thumb Code     6  stm32f10x_rcc.o(.text)
    RCC_SYSCLKConfig                         0x08000b03   Thumb Code    18  stm32f10x_rcc.o(.text)
    RCC_GetSYSCLKSource                      0x08000b15   Thumb Code    10  stm32f10x_rcc.o(.text)
    RCC_HCLKConfig                           0x08000b1f   Thumb Code    18  stm32f10x_rcc.o(.text)
    RCC_PCLK1Config                          0x08000b31   Thumb Code    18  stm32f10x_rcc.o(.text)
    RCC_PCLK2Config                          0x08000b43   Thumb Code    20  stm32f10x_rcc.o(.text)
    RCC_ITConfig                             0x08000b57   Thumb Code    26  stm32f10x_rcc.o(.text)
    RCC_USBCLKConfig                         0x08000b71   Thumb Code     8  stm32f10x_rcc.o(.text)
    RCC_ADCCLKConfig                         0x08000b79   Thumb Code    18  stm32f10x_rcc.o(.text)
    RCC_LSEConfig                            0x08000b8b   Thumb Code    50  stm32f10x_rcc.o(.text)
    RCC_LSICmd                               0x08000bbd   Thumb Code     6  stm32f10x_rcc.o(.text)
    RCC_RTCCLKConfig                         0x08000bc3   Thumb Code    12  stm32f10x_rcc.o(.text)
    RCC_RTCCLKCmd                            0x08000bcf   Thumb Code     8  stm32f10x_rcc.o(.text)
    RCC_GetClocksFreq                        0x08000bd7   Thumb Code   192  stm32f10x_rcc.o(.text)
    RCC_AHBPeriphClockCmd                    0x08000c97   Thumb Code    26  stm32f10x_rcc.o(.text)
    RCC_APB2PeriphClockCmd                   0x08000cb1   Thumb Code    26  stm32f10x_rcc.o(.text)
    RCC_APB1PeriphClockCmd                   0x08000ccb   Thumb Code    26  stm32f10x_rcc.o(.text)
    RCC_APB2PeriphResetCmd                   0x08000ce5   Thumb Code    26  stm32f10x_rcc.o(.text)
    RCC_APB1PeriphResetCmd                   0x08000cff   Thumb Code    26  stm32f10x_rcc.o(.text)
    RCC_BackupResetCmd                       0x08000d19   Thumb Code     8  stm32f10x_rcc.o(.text)
    RCC_ClockSecuritySystemCmd               0x08000d21   Thumb Code     6  stm32f10x_rcc.o(.text)
    RCC_MCOConfig                            0x08000d27   Thumb Code     6  stm32f10x_rcc.o(.text)
    RCC_ClearFlag                            0x08000d2d   Thumb Code    14  stm32f10x_rcc.o(.text)
    RCC_GetITStatus                          0x08000d3b   Thumb Code    20  stm32f10x_rcc.o(.text)
    RCC_ClearITPendingBit                    0x08000d4f   Thumb Code     6  stm32f10x_rcc.o(.text)
    SDIO_DeInit                              0x08000d79   Thumb Code    28  stm32f10x_sdio.o(.text)
    SDIO_Init                                0x08000d95   Thumb Code    42  stm32f10x_sdio.o(.text)
    SDIO_StructInit                          0x08000dbf   Thumb Code    16  stm32f10x_sdio.o(.text)
    SDIO_ClockCmd                            0x08000dcf   Thumb Code     6  stm32f10x_sdio.o(.text)
    SDIO_SetPowerState                       0x08000dd5   Thumb Code    22  stm32f10x_sdio.o(.text)
    SDIO_GetPowerState                       0x08000deb   Thumb Code    10  stm32f10x_sdio.o(.text)
    SDIO_ITConfig                            0x08000df5   Thumb Code    26  stm32f10x_sdio.o(.text)
    SDIO_DMACmd                              0x08000e0f   Thumb Code     6  stm32f10x_sdio.o(.text)
    SDIO_SendCommand                         0x08000e15   Thumb Code    38  stm32f10x_sdio.o(.text)
    SDIO_CmdStructInit                       0x08000e3b   Thumb Code    14  stm32f10x_sdio.o(.text)
    SDIO_GetCommandResponse                  0x08000e49   Thumb Code     8  stm32f10x_sdio.o(.text)
    SDIO_GetResponse                         0x08000e51   Thumb Code    22  stm32f10x_sdio.o(.text)
    SDIO_DataConfig                          0x08000e67   Thumb Code    42  stm32f10x_sdio.o(.text)
    SDIO_DataStructInit                      0x08000e91   Thumb Code    20  stm32f10x_sdio.o(.text)
    SDIO_GetDataCounter                      0x08000ea5   Thumb Code     6  stm32f10x_sdio.o(.text)
    SDIO_ReadData                            0x08000eab   Thumb Code     8  stm32f10x_sdio.o(.text)
    SDIO_WriteData                           0x08000eb3   Thumb Code     8  stm32f10x_sdio.o(.text)
    SDIO_GetFIFOCount                        0x08000ebb   Thumb Code     6  stm32f10x_sdio.o(.text)
    SDIO_StartSDIOReadWait                   0x08000ec1   Thumb Code     8  stm32f10x_sdio.o(.text)
    SDIO_StopSDIOReadWait                    0x08000ec9   Thumb Code     8  stm32f10x_sdio.o(.text)
    SDIO_SetSDIOReadWaitMode                 0x08000ed1   Thumb Code     8  stm32f10x_sdio.o(.text)
    SDIO_SetSDIOOperation                    0x08000ed9   Thumb Code     8  stm32f10x_sdio.o(.text)
    SDIO_SendSDIOSuspendCmd                  0x08000ee1   Thumb Code     6  stm32f10x_sdio.o(.text)
    SDIO_CommandCompletionCmd                0x08000ee7   Thumb Code     8  stm32f10x_sdio.o(.text)
    SDIO_CEATAITCmd                          0x08000eef   Thumb Code    12  stm32f10x_sdio.o(.text)
    SDIO_SendCEATACmd                        0x08000efb   Thumb Code     8  stm32f10x_sdio.o(.text)
    SDIO_GetFlagStatus                       0x08000f03   Thumb Code    20  stm32f10x_sdio.o(.text)
    SDIO_ClearFlag                           0x08000f17   Thumb Code     6  stm32f10x_sdio.o(.text)
    SDIO_GetITStatus                         0x08000f1d   Thumb Code    20  stm32f10x_sdio.o(.text)
    SDIO_ClearITPendingBit                   0x08000f31   Thumb Code     6  stm32f10x_sdio.o(.text)
    SPI_I2S_DeInit                           0x08000f4d   Thumb Code    76  stm32f10x_spi.o(.text)
    SPI_Init                                 0x08000f99   Thumb Code    60  stm32f10x_spi.o(.text)
    I2S_Init                                 0x08000fd5   Thumb Code   226  stm32f10x_spi.o(.text)
    SPI_StructInit                           0x080010b7   Thumb Code    24  stm32f10x_spi.o(.text)
    I2S_StructInit                           0x080010cf   Thumb Code    20  stm32f10x_spi.o(.text)
    SPI_Cmd                                  0x080010e3   Thumb Code    24  stm32f10x_spi.o(.text)
    I2S_Cmd                                  0x080010fb   Thumb Code    24  stm32f10x_spi.o(.text)
    SPI_I2S_ITConfig                         0x08001113   Thumb Code    32  stm32f10x_spi.o(.text)
    SPI_I2S_DMACmd                           0x08001133   Thumb Code    18  stm32f10x_spi.o(.text)
    SPI_I2S_SendData                         0x08001145   Thumb Code     4  stm32f10x_spi.o(.text)
    SPI_I2S_ReceiveData                      0x08001149   Thumb Code     6  stm32f10x_spi.o(.text)
    SPI_NSSInternalSoftwareConfig            0x0800114f   Thumb Code    30  stm32f10x_spi.o(.text)
    SPI_SSOutputCmd                          0x0800116d   Thumb Code    24  stm32f10x_spi.o(.text)
    SPI_DataSizeConfig                       0x08001185   Thumb Code    18  stm32f10x_spi.o(.text)
    SPI_TransmitCRC                          0x08001197   Thumb Code    10  stm32f10x_spi.o(.text)
    SPI_CalculateCRC                         0x080011a1   Thumb Code    24  stm32f10x_spi.o(.text)
    SPI_GetCRC                               0x080011b9   Thumb Code    16  stm32f10x_spi.o(.text)
    SPI_GetCRCPolynomial                     0x080011c9   Thumb Code     6  stm32f10x_spi.o(.text)
    SPI_BiDirectionalLineConfig              0x080011cf   Thumb Code    28  stm32f10x_spi.o(.text)
    SPI_I2S_GetFlagStatus                    0x080011eb   Thumb Code    18  stm32f10x_spi.o(.text)
    SPI_I2S_ClearFlag                        0x080011fd   Thumb Code     6  stm32f10x_spi.o(.text)
    SPI_I2S_GetITStatus                      0x08001203   Thumb Code    52  stm32f10x_spi.o(.text)
    SPI_I2S_ClearITPendingBit                0x08001237   Thumb Code    20  stm32f10x_spi.o(.text)
    USART_DeInit                             0x08001259   Thumb Code   134  stm32f10x_usart.o(.text)
    USART_Init                               0x080012df   Thumb Code   210  stm32f10x_usart.o(.text)
    USART_StructInit                         0x080013b1   Thumb Code    24  stm32f10x_usart.o(.text)
    USART_ClockInit                          0x080013c9   Thumb Code    34  stm32f10x_usart.o(.text)
    USART_ClockStructInit                    0x080013eb   Thumb Code    12  stm32f10x_usart.o(.text)
    USART_Cmd                                0x080013f7   Thumb Code    24  stm32f10x_usart.o(.text)
    USART_ITConfig                           0x0800140f   Thumb Code    74  stm32f10x_usart.o(.text)
    USART_DMACmd                             0x08001459   Thumb Code    18  stm32f10x_usart.o(.text)
    USART_SetAddress                         0x0800146b   Thumb Code    18  stm32f10x_usart.o(.text)
    USART_WakeUpConfig                       0x0800147d   Thumb Code    18  stm32f10x_usart.o(.text)
    USART_ReceiverWakeUpCmd                  0x0800148f   Thumb Code    24  stm32f10x_usart.o(.text)
    USART_LINBreakDetectLengthConfig         0x080014a7   Thumb Code    18  stm32f10x_usart.o(.text)
    USART_LINCmd                             0x080014b9   Thumb Code    24  stm32f10x_usart.o(.text)
    USART_SendData                           0x080014d1   Thumb Code     8  stm32f10x_usart.o(.text)
    USART_ReceiveData                        0x080014d9   Thumb Code    10  stm32f10x_usart.o(.text)
    USART_SendBreak                          0x080014e3   Thumb Code    10  stm32f10x_usart.o(.text)
    USART_SetGuardTime                       0x080014ed   Thumb Code    16  stm32f10x_usart.o(.text)
    USART_SetPrescaler                       0x080014fd   Thumb Code    16  stm32f10x_usart.o(.text)
    USART_SmartCardCmd                       0x0800150d   Thumb Code    24  stm32f10x_usart.o(.text)
    USART_SmartCardNACKCmd                   0x08001525   Thumb Code    24  stm32f10x_usart.o(.text)
    USART_HalfDuplexCmd                      0x0800153d   Thumb Code    24  stm32f10x_usart.o(.text)
    USART_OverSampling8Cmd                   0x08001555   Thumb Code    22  stm32f10x_usart.o(.text)
    USART_OneBitMethodCmd                    0x0800156b   Thumb Code    24  stm32f10x_usart.o(.text)
    USART_IrDAConfig                         0x08001583   Thumb Code    18  stm32f10x_usart.o(.text)
    USART_IrDACmd                            0x08001595   Thumb Code    24  stm32f10x_usart.o(.text)
    USART_GetFlagStatus                      0x080015ad   Thumb Code    26  stm32f10x_usart.o(.text)
    USART_ClearFlag                          0x080015c7   Thumb Code    18  stm32f10x_usart.o(.text)
    USART_GetITStatus                        0x080015d9   Thumb Code    84  stm32f10x_usart.o(.text)
    USART_ClearITPendingBit                  0x0800162d   Thumb Code    52  stm32f10x_usart.o(.text)
    main                                     0x08001661   Thumb Code    56  main.o(.text)
    NMI_Handler                              0x08001749   Thumb Code     2  stm32f10x_it.o(.text)
    HardFault_Handler                        0x0800174b   Thumb Code     4  stm32f10x_it.o(.text)
    MemManage_Handler                        0x0800174f   Thumb Code     4  stm32f10x_it.o(.text)
    BusFault_Handler                         0x08001753   Thumb Code     4  stm32f10x_it.o(.text)
    UsageFault_Handler                       0x08001757   Thumb Code     4  stm32f10x_it.o(.text)
    SVC_Handler                              0x0800175b   Thumb Code     2  stm32f10x_it.o(.text)
    DebugMon_Handler                         0x0800175d   Thumb Code     2  stm32f10x_it.o(.text)
    PendSV_Handler                           0x0800175f   Thumb Code     2  stm32f10x_it.o(.text)
    SysTick_Handler                          0x08001761   Thumb Code     2  stm32f10x_it.o(.text)
    DMA1_Channel6_IRQHandler                 0x08001763   Thumb Code     8  stm32f10x_it.o(.text)
    nmea_decode_test                         0x0800176d   Thumb Code   398  nema_decode_test.o(.text)
    GPS_Config                               0x08001b77   Thumb Code    16  bsp_gps.o(.text)
    GPS_ProcessDMAIRQ                        0x08001b87   Thumb Code    48  bsp_gps.o(.text)
    trace                                    0x08001bb7   Thumb Code     2  bsp_gps.o(.text)
    error                                    0x08001bb9   Thumb Code     2  bsp_gps.o(.text)
    gps_info                                 0x08001bbb   Thumb Code     2  bsp_gps.o(.text)
    GMTconvert                               0x08001bff   Thumb Code   356  bsp_gps.o(.text)
    LED_GPIO_Config                          0x08001d7d   Thumb Code    90  bsp_led.o(.text)
    USART_Config                             0x08001ddd   Thumb Code   118  bsp_usart.o(.text)
    fputc                                    0x08001e53   Thumb Code    32  bsp_usart.o(.text)
    fgetc                                    0x08001e73   Thumb Code    26  bsp_usart.o(.text)
    disk_status                              0x08001e95   Thumb Code    40  diskio.o(.text)
    disk_initialize                          0x08001ebd   Thumb Code    40  diskio.o(.text)
    disk_read                                0x08001ee5   Thumb Code    70  diskio.o(.text)
    disk_write                               0x08001f2b   Thumb Code    72  diskio.o(.text)
    disk_ioctl                               0x08001f73   Thumb Code    56  diskio.o(.text)
    get_fattime                              0x08001fab   Thumb Code     4  diskio.o(.text)
    clust2sect                               0x0800216b   Thumb Code    26  ff.o(.text)
    get_fat                                  0x08002185   Thumb Code   318  ff.o(.text)
    put_fat                                  0x080022c3   Thumb Code   392  ff.o(.text)
    f_mount                                  0x08003661   Thumb Code    86  ff.o(.text)
    f_open                                   0x080036b7   Thumb Code   382  ff.o(.text)
    f_read                                   0x08003835   Thumb Code   480  ff.o(.text)
    f_write                                  0x08003a15   Thumb Code   524  ff.o(.text)
    f_sync                                   0x08003c21   Thumb Code   176  ff.o(.text)
    f_close                                  0x08003cd1   Thumb Code    32  ff.o(.text)
    f_lseek                                  0x08003cf1   Thumb Code   410  ff.o(.text)
    f_opendir                                0x08003e8b   Thumb Code   118  ff.o(.text)
    f_closedir                               0x08003f01   Thumb Code    22  ff.o(.text)
    f_readdir                                0x08003f17   Thumb Code   100  ff.o(.text)
    f_stat                                   0x08003f7b   Thumb Code    68  ff.o(.text)
    f_getfree                                0x08003fbf   Thumb Code   258  ff.o(.text)
    f_truncate                               0x080040c1   Thumb Code   184  ff.o(.text)
    f_unlink                                 0x08004179   Thumb Code   174  ff.o(.text)
    f_mkdir                                  0x08004227   Thumb Code   358  ff.o(.text)
    f_chmod                                  0x0800438d   Thumb Code    92  ff.o(.text)
    f_rename                                 0x080043e9   Thumb Code   266  ff.o(.text)
    f_utime                                  0x080044f3   Thumb Code    94  ff.o(.text)
    f_mkfs                                   0x08004551   Thumb Code  1622  ff.o(.text)
    f_gets                                   0x08004ba7   Thumb Code    82  ff.o(.text)
    f_putc                                   0x08004c3d   Thumb Code    64  ff.o(.text)
    f_puts                                   0x08004c7d   Thumb Code    74  ff.o(.text)
    f_printf                                 0x08004cc7   Thumb Code   674  ff.o(.text)
    SD_DeInit                                0x08004f69   Thumb Code    66  bsp_sdio_sdcard.o(.text)
    SD_EnableWideBusOperation                0x080053b3   Thumb Code   140  bsp_sdio_sdcard.o(.text)
    SD_SelectDeselect                        0x0800543f   Thumb Code    48  bsp_sdio_sdcard.o(.text)
    SD_GetCardInfo                           0x0800546f   Thumb Code   700  bsp_sdio_sdcard.o(.text)
    SD_InitializeCards                       0x08005825   Thumb Code   294  bsp_sdio_sdcard.o(.text)
    SD_PowerON                               0x080059f3   Thumb Code   374  bsp_sdio_sdcard.o(.text)
    SD_Init                                  0x08005b69   Thumb Code   106  bsp_sdio_sdcard.o(.text)
    SD_SendStatus                            0x08005bd3   Thumb Code    46  bsp_sdio_sdcard.o(.text)
    SD_GetState                              0x08005c01   Thumb Code    64  bsp_sdio_sdcard.o(.text)
    SD_GetStatus                             0x08005c41   Thumb Code    30  bsp_sdio_sdcard.o(.text)
    SD_PowerOFF                              0x08005c5f   Thumb Code    14  bsp_sdio_sdcard.o(.text)
    SD_SendSDStatus                          0x08005c6d   Thumb Code   360  bsp_sdio_sdcard.o(.text)
    SD_GetCardStatus                         0x08005dd5   Thumb Code   156  bsp_sdio_sdcard.o(.text)
    SD_ReadBlock                             0x08005e71   Thumb Code   208  bsp_sdio_sdcard.o(.text)
    SD_ReadMultiBlocks                       0x08005f41   Thumb Code   218  bsp_sdio_sdcard.o(.text)
    SD_WaitReadOperation                     0x0800601b   Thumb Code    42  bsp_sdio_sdcard.o(.text)
    SD_WriteBlock                            0x08006045   Thumb Code   244  bsp_sdio_sdcard.o(.text)
    SD_WriteMultiBlocks                      0x08006139   Thumb Code   312  bsp_sdio_sdcard.o(.text)
    SD_WaitWriteOperation                    0x08006271   Thumb Code    50  bsp_sdio_sdcard.o(.text)
    SD_GetTransferState                      0x080062a3   Thumb Code    18  bsp_sdio_sdcard.o(.text)
    SD_StopTransfer                          0x080062b5   Thumb Code    28  bsp_sdio_sdcard.o(.text)
    SD_Erase                                 0x0800645d   Thumb Code   334  bsp_sdio_sdcard.o(.text)
    SD_ProcessIRQSrc                         0x080065ab   Thumb Code    70  bsp_sdio_sdcard.o(.text)
    convert_from_bytes_to_power_of_two       0x080065f1   Thumb Code    18  bsp_sdio_sdcard.o(.text)
    SD_Detect                                0x08006603   Thumb Code    12  bsp_sdio_sdcard.o(.text)
    TM_FATFS_SDIO_WriteEnable                0x0800660f   Thumb Code     4  bsp_sdio_sdcard.o(.text)
    TM_FATFS_SD_SDIO_disk_initialize         0x08006613   Thumb Code   108  bsp_sdio_sdcard.o(.text)
    TM_FATFS_SD_SDIO_disk_status             0x0800667f   Thumb Code    52  bsp_sdio_sdcard.o(.text)
    TM_FATFS_SD_SDIO_disk_read               0x080066b3   Thumb Code   158  bsp_sdio_sdcard.o(.text)
    TM_FATFS_SD_SDIO_disk_write              0x08006751   Thumb Code   172  bsp_sdio_sdcard.o(.text)
    TM_FATFS_SD_SDIO_disk_ioctl              0x080067fd   Thumb Code    60  bsp_sdio_sdcard.o(.text)
    SDIO_IRQHandler                          0x08006839   Thumb Code     8  bsp_sdio_sdcard.o(.text)
    SPI_FLASH_Init                           0x08006861   Thumb Code   188  bsp_spi_flash.o(.text)
    SPI_FLASH_SendByte                       0x0800692d   Thumb Code   110  bsp_spi_flash.o(.text)
    SPI_FLASH_ReadID                         0x0800699b   Thumb Code    78  bsp_spi_flash.o(.text)
    TM_FATFS_FLASH_SPI_disk_status           0x080069e9   Thumb Code    44  bsp_spi_flash.o(.text)
    SPI_Flash_WAKEUP                         0x08006a15   Thumb Code    30  bsp_spi_flash.o(.text)
    TM_FATFS_FLASH_SPI_disk_initialize       0x08006a33   Thumb Code   208  bsp_spi_flash.o(.text)
    TM_FATFS_FLASH_SPI_disk_ioctl            0x08006b03   Thumb Code    54  bsp_spi_flash.o(.text)
    SPI_FLASH_BufferRead                     0x08006b39   Thumb Code    80  bsp_spi_flash.o(.text)
    TM_FATFS_FLASH_SPI_disk_read             0x08006b89   Thumb Code    50  bsp_spi_flash.o(.text)
    SPI_FLASH_WaitForWriteEnd                0x08006bbb   Thumb Code    50  bsp_spi_flash.o(.text)
    SPI_FLASH_WriteEnable                    0x08006bed   Thumb Code    30  bsp_spi_flash.o(.text)
    SPI_FLASH_PageWrite                      0x08006c0b   Thumb Code   222  bsp_spi_flash.o(.text)
    SPI_FLASH_BufferWrite                    0x08006ce9   Thumb Code   290  bsp_spi_flash.o(.text)
    SPI_FLASH_SectorErase                    0x08006e0b   Thumb Code    66  bsp_spi_flash.o(.text)
    TM_FATFS_FLASH_SPI_disk_write            0x08006e4d   Thumb Code    44  bsp_spi_flash.o(.text)
    SPI_FLASH_BulkErase                      0x08006e79   Thumb Code    38  bsp_spi_flash.o(.text)
    SPI_FLASH_ReadDeviceID                   0x08006e9f   Thumb Code    60  bsp_spi_flash.o(.text)
    SPI_FLASH_StartReadSequence              0x08006edb   Thumb Code    44  bsp_spi_flash.o(.text)
    SPI_FLASH_ReadByte                       0x08006f07   Thumb Code    10  bsp_spi_flash.o(.text)
    SPI_FLASH_SendHalfWord                   0x08006f11   Thumb Code   104  bsp_spi_flash.o(.text)
    SPI_FLASH_PowerDown                      0x08006f79   Thumb Code    30  bsp_spi_flash.o(.text)
    ff_convert                               0x08006fa5   Thumb Code    70  ccsbcs.o(.text)
    ff_wtoupper                              0x08006feb   Thumb Code    84  ccsbcs.o(.text)
    nmea_property                            0x0800704d   Thumb Code     4  context.o(.text)
    nmea_trace                               0x08007051   Thumb Code    70  context.o(.text)
    nmea_trace_buff                          0x08007097   Thumb Code    24  context.o(.text)
    nmea_error                               0x080070af   Thumb Code    70  context.o(.text)
    nmea_info                                0x080070f5   Thumb Code    70  context.o(.text)
    nmea_degree2radian                       0x08007141   Thumb Code    20  gmath.o(.text)
    nmea_radian2degree                       0x08007155   Thumb Code    20  gmath.o(.text)
    nmea_ndeg2degree                         0x08007169   Thumb Code    92  gmath.o(.text)
    nmea_degree2ndeg                         0x080071c5   Thumb Code    72  gmath.o(.text)
    nmea_ndeg2radian                         0x0800720d   Thumb Code    26  gmath.o(.text)
    nmea_radian2ndeg                         0x08007227   Thumb Code    26  gmath.o(.text)
    nmea_calc_pdop                           0x08007241   Thumb Code    66  gmath.o(.text)
    nmea_dop2meters                          0x08007283   Thumb Code    20  gmath.o(.text)
    nmea_meters2dop                          0x08007297   Thumb Code    20  gmath.o(.text)
    nmea_distance                            0x080072ab   Thumb Code   166  gmath.o(.text)
    nmea_distance_ellipsoid                  0x08007351   Thumb Code  2038  gmath.o(.text)
    nmea_move_horz                           0x08007b47   Thumb Code   386  gmath.o(.text)
    nmea_move_horz_ellipsoid                 0x08007cc9   Thumb Code  2006  gmath.o(.text)
    nmea_info2pos                            0x0800849f   Thumb Code    36  gmath.o(.text)
    nmea_pos2info                            0x080084c3   Thumb Code    36  gmath.o(.text)
    nmea_zero_INFO                           0x080084e7   Thumb Code    30  info.o(.text)
    _nmea_parse_time                         0x08008505   Thumb Code   132  parse.o(.text)
    nmea_pack_type                           0x08008589   Thumb Code   262  parse.o(.text)
    nmea_find_tail                           0x0800868f   Thumb Code   130  parse.o(.text)
    nmea_parse_GPGGA                         0x08008711   Thumb Code   148  parse.o(.text)
    nmea_parse_GPGSA                         0x080087a5   Thumb Code   130  parse.o(.text)
    nmea_parse_GPGSV                         0x08008827   Thumb Code   174  parse.o(.text)
    nmea_parse_GPRMC                         0x080088d5   Thumb Code   432  parse.o(.text)
    nmea_parse_GPVTG                         0x08008a85   Thumb Code   132  parse.o(.text)
    nmea_parse_GPTXT                         0x08008b09   Thumb Code    70  parse.o(.text)
    nmea_parse_GNGGA                         0x08008b4f   Thumb Code   148  parse.o(.text)
    nmea_parse_GNRMC                         0x08008be3   Thumb Code   160  parse.o(.text)
    nmea_parse_GNVTG                         0x08008c83   Thumb Code   134  parse.o(.text)
    nmea_parse_GNZDA                         0x08008d09   Thumb Code   122  parse.o(.text)
    nmea_parse_GNGLL                         0x08008d83   Thumb Code   806  parse.o(.text)
    nmea_parse_BDGSV                         0x080090a9   Thumb Code   174  parse.o(.text)
    nmea_parse_BDGSA                         0x08009157   Thumb Code   130  parse.o(.text)
    nmea_GPGGA2info                          0x080091d9   Thumb Code    98  parse.o(.text)
    nmea_GPGSA2info                          0x0800923b   Thumb Code   126  parse.o(.text)
    nmea_GPGSV2info                          0x080092b9   Thumb Code   200  parse.o(.text)
    nmea_GPRMC2info                          0x08009381   Thumb Code   148  parse.o(.text)
    nmea_GPVTG2info                          0x08009415   Thumb Code    34  parse.o(.text)
    nmea_GNGGA2info                          0x08009437   Thumb Code    98  parse.o(.text)
    nmea_GNRMC2info                          0x08009499   Thumb Code   278  parse.o(.text)
    nmea_GNVTG2info                          0x080095af   Thumb Code    50  parse.o(.text)
    nmea_GNZDA2info                          0x080095e1   Thumb Code    26  parse.o(.text)
    nmea_GNGLL2info                          0x080095fb   Thumb Code   126  parse.o(.text)
    nmea_BDGSV2info                          0x08009679   Thumb Code   202  parse.o(.text)
    nmea_BDGSA2info                          0x08009743   Thumb Code   130  parse.o(.text)
    nmea_GPTXT2info                          0x080097c5   Thumb Code    88  parse.o(.text)
    nmea_parser_init                         0x08009871   Thumb Code    54  parser.o(.text)
    nmea_parser_drop                         0x080098a7   Thumb Code    44  parser.o(.text)
    nmea_parser_queue_clear                  0x080098d3   Thumb Code    22  parser.o(.text)
    nmea_parser_destroy                      0x080098e9   Thumb Code    26  parser.o(.text)
    nmea_parser_pop                          0x08009903   Thumb Code    44  parser.o(.text)
    nmea_parser_buff_clear                   0x0800992f   Thumb Code    10  parser.o(.text)
    nmea_parser_real_push                    0x08009939   Thumb Code  1050  parser.o(.text)
    nmea_parser_push                         0x08009d53   Thumb Code    50  parser.o(.text)
    nmea_parse                               0x08009d85   Thumb Code   264  parser.o(.text)
    nmea_parser_top                          0x08009e8d   Thumb Code    12  parser.o(.text)
    nmea_parser_peek                         0x08009e99   Thumb Code    20  parser.o(.text)
    nmea_time_now                            0x08009ead   Thumb Code    22  time.o(.text)
    nmea_calc_crc                            0x08009ec5   Thumb Code    24  tok.o(.text)
    nmea_atoi                                0x08009edd   Thumb Code    50  tok.o(.text)
    nmea_atof                                0x08009f0f   Thumb Code    54  tok.o(.text)
    nmea_printf                              0x08009f45   Thumb Code   102  tok.o(.text)
    nmea_scanf                               0x08009fab   Thumb Code   538  tok.o(.text)
    __aeabi_uldivmod                         0x0800a1cd   Thumb Code    98  uldiv.o(.text)
    __rt_ctype_table                         0x0800a231   Thumb Code     4  ctype_o.o(.text)
    isspace                                  0x0800a239   Thumb Code    18  isspace_o.o(.text)
    __aeabi_memcpy                           0x0800a24b   Thumb Code    36  memcpya.o(.text)
    __aeabi_memcpy4                          0x0800a24b   Thumb Code     0  memcpya.o(.text)
    __aeabi_memcpy8                          0x0800a24b   Thumb Code     0  memcpya.o(.text)
    __aeabi_memset                           0x0800a26f   Thumb Code    14  memseta.o(.text)
    __aeabi_memset4                          0x0800a26f   Thumb Code     0  memseta.o(.text)
    __aeabi_memset8                          0x0800a26f   Thumb Code     0  memseta.o(.text)
    __aeabi_memclr                           0x0800a27d   Thumb Code     4  memseta.o(.text)
    __aeabi_memclr4                          0x0800a27d   Thumb Code     0  memseta.o(.text)
    __aeabi_memclr8                          0x0800a27d   Thumb Code     0  memseta.o(.text)
    _memset$wrapper                          0x0800a281   Thumb Code    18  memseta.o(.text)
    strlen                                   0x0800a293   Thumb Code    14  strlen.o(.text)
    memchr                                   0x0800a2a1   Thumb Code    20  memchr.o(.text)
    memcmp                                   0x0800a2b5   Thumb Code    26  memcmp.o(.text)
    strtol                                   0x0800a2cf   Thumb Code   112  strtol.o(.text)
    __aeabi_dadd                             0x0800a33f   Thumb Code   322  dadd.o(.text)
    __aeabi_dsub                             0x0800a481   Thumb Code     6  dadd.o(.text)
    __aeabi_drsub                            0x0800a487   Thumb Code     6  dadd.o(.text)
    __aeabi_dmul                             0x0800a48d   Thumb Code   228  dmul.o(.text)
    __aeabi_ddiv                             0x0800a571   Thumb Code   222  ddiv.o(.text)
    __aeabi_i2d                              0x0800a64f   Thumb Code    34  dflti.o(.text)
    __aeabi_d2iz                             0x0800a671   Thumb Code    62  dfixi.o(.text)
    __aeabi_cdcmpeq                          0x0800a6b1   Thumb Code     0  cdcmple.o(.text)
    __aeabi_cdcmple                          0x0800a6b1   Thumb Code    48  cdcmple.o(.text)
    __aeabi_cdrcmple                         0x0800a6e1   Thumb Code    48  cdrcmple.o(.text)
    __aeabi_uidiv                            0x0800a711   Thumb Code     0  uidiv.o(.text)
    __aeabi_uidivmod                         0x0800a711   Thumb Code    44  uidiv.o(.text)
    __aeabi_llsl                             0x0800a73d   Thumb Code    30  llshl.o(.text)
    _ll_shift_l                              0x0800a73d   Thumb Code     0  llshl.o(.text)
    __aeabi_llsr                             0x0800a75b   Thumb Code    32  llushr.o(.text)
    _ll_ushift_r                             0x0800a75b   Thumb Code     0  llushr.o(.text)
    __aeabi_lasr                             0x0800a77b   Thumb Code    36  llsshr.o(.text)
    _ll_sshift_r                             0x0800a77b   Thumb Code     0  llsshr.o(.text)
    _strtoul                                 0x0800a79f   Thumb Code   158  _strtoul.o(.text)
    __strtod_int                             0x0800a873   Thumb Code    88  strtod.o(.text)
    __I$use$fp                               0x0800a8d9   Thumb Code     0  iusefp.o(.text)
    _double_round                            0x0800a8d9   Thumb Code    30  depilogue.o(.text)
    _double_epilogue                         0x0800a8f7   Thumb Code   156  depilogue.o(.text)
    __ARM_scalbn                             0x0800a993   Thumb Code    46  dscalb.o(.text)
    scalbn                                   0x0800a993   Thumb Code     0  dscalb.o(.text)
    _dsqrt                                   0x0800a9c1   Thumb Code   162  dsqrt.o(.text)
    __aeabi_d2ulz                            0x0800aa63   Thumb Code    48  dfixul.o(.text)
    __scatterload                            0x0800aa95   Thumb Code    28  init.o(.text)
    __scatterload_rt2                        0x0800aa95   Thumb Code     0  init.o(.text)
    _chval                                   0x0800aab9   Thumb Code    28  _chval.o(.text)
    _scanf_real                              0x0800abd5   Thumb Code     0  scanf_fp.o(.text)
    _scanf_really_real                       0x0800abd5   Thumb Code   556  scanf_fp.o(.text)
    _sgetc                                   0x0800ae0d   Thumb Code    30  _sgetc.o(.text)
    _sbackspace                              0x0800ae2b   Thumb Code    34  _sgetc.o(.text)
    __aeabi_ui2d                             0x0800ae4d   Thumb Code    26  dfltui.o(.text)
    __aeabi_ul2d                             0x0800ae67   Thumb Code    24  dfltul.o(.text)
    __aeabi_d2f                              0x0800ae7f   Thumb Code    56  d2f.o(.text)
    _float_round                             0x0800aeb7   Thumb Code    18  fepilogue.o(.text)
    _float_epilogue                          0x0800aec9   Thumb Code    92  fepilogue.o(.text)
    __0printf                                0x0800af25   Thumb Code    22  printfa.o(i.__0printf)
    __1printf                                0x0800af25   Thumb Code     0  printfa.o(i.__0printf)
    __2printf                                0x0800af25   Thumb Code     0  printfa.o(i.__0printf)
    __c89printf                              0x0800af25   Thumb Code     0  printfa.o(i.__0printf)
    printf                                   0x0800af25   Thumb Code     0  printfa.o(i.__0printf)
    __0snprintf                              0x0800af45   Thumb Code    36  printfa.o(i.__0snprintf)
    __1snprintf                              0x0800af45   Thumb Code     0  printfa.o(i.__0snprintf)
    __2snprintf                              0x0800af45   Thumb Code     0  printfa.o(i.__0snprintf)
    __c89snprintf                            0x0800af45   Thumb Code     0  printfa.o(i.__0snprintf)
    snprintf                                 0x0800af45   Thumb Code     0  printfa.o(i.__0snprintf)
    __0vsnprintf                             0x0800af6d   Thumb Code    32  printfa.o(i.__0vsnprintf)
    __1vsnprintf                             0x0800af6d   Thumb Code     0  printfa.o(i.__0vsnprintf)
    __2vsnprintf                             0x0800af6d   Thumb Code     0  printfa.o(i.__0vsnprintf)
    __c89vsnprintf                           0x0800af6d   Thumb Code     0  printfa.o(i.__0vsnprintf)
    vsnprintf                                0x0800af6d   Thumb Code     0  printfa.o(i.__0vsnprintf)
    __ARM_fpclassify                         0x0800af91   Thumb Code    40  fpclassify.o(i.__ARM_fpclassify)
    __ARM_isnan                              0x0800afb9   Thumb Code    30  gmath.o(i.__ARM_isnan)
    __aeabi_errno_addr                       0x0800afdd   Thumb Code     4  errno.o(i.__aeabi_errno_addr)
    __rt_errno_addr                          0x0800afdd   Thumb Code     0  errno.o(i.__aeabi_errno_addr)
    __ieee754_rem_pio2                       0x0800afe5   Thumb Code   828  rred.o(i.__ieee754_rem_pio2)
    __kernel_cos                             0x0800b36d   Thumb Code   230  cos_i.o(i.__kernel_cos)
    __kernel_poly                            0x0800b469   Thumb Code   170  poly.o(i.__kernel_poly)
    __kernel_sin                             0x0800b515   Thumb Code   224  sin_i.o(i.__kernel_sin)
    __kernel_tan                             0x0800b601   Thumb Code   586  tan_i.o(i.__kernel_tan)
    __mathlib_dbl_divzero                    0x0800b87d   Thumb Code    12  dunder.o(i.__mathlib_dbl_divzero)
    __mathlib_dbl_infnan                     0x0800b88d   Thumb Code     6  dunder.o(i.__mathlib_dbl_infnan)
    __mathlib_dbl_infnan2                    0x0800b893   Thumb Code     4  dunder.o(i.__mathlib_dbl_infnan2)
    __mathlib_dbl_invalid                    0x0800b897   Thumb Code    12  dunder.o(i.__mathlib_dbl_invalid)
    __mathlib_dbl_overflow                   0x0800b8a3   Thumb Code    14  dunder.o(i.__mathlib_dbl_overflow)
    __mathlib_dbl_underflow                  0x0800b8b1   Thumb Code    10  dunder.o(i.__mathlib_dbl_underflow)
    __scatterload_copy                       0x0800b8c1   Thumb Code    14  handlers.o(i.__scatterload_copy)
    __scatterload_null                       0x0800b8cf   Thumb Code     2  handlers.o(i.__scatterload_null)
    __scatterload_zeroinit                   0x0800b8d1   Thumb Code    14  handlers.o(i.__scatterload_zeroinit)
    __set_errno                              0x0800b8e1   Thumb Code     6  errno.o(i.__set_errno)
    _is_digit                                0x0800ba51   Thumb Code    14  scanf_fp.o(i._is_digit)
    acos                                     0x0800c1a5   Thumb Code   574  acos.o(i.acos)
    asin                                     0x0800c421   Thumb Code   572  asin.o(i.asin)
    atan                                     0x0800c691   Thumb Code   474  atan.o(i.atan)
    atan2                                    0x0800c8b1   Thumb Code   346  atan2.o(i.atan2)
    cos                                      0x0800ca31   Thumb Code   148  cos.o(i.cos)
    free                                     0x0800cacd   Thumb Code    76  malloc.o(i.free)
    malloc                                   0x0800cb1d   Thumb Code    92  malloc.o(i.malloc)
    modf                                     0x0800cb89   Thumb Code   144  modf.o(i.modf)
    pow                                      0x0800cc21   Thumb Code  2478  pow.o(i.pow)
    sin                                      0x0800d5d9   Thumb Code   150  sin.o(i.sin)
    sqrt                                     0x0800d679   Thumb Code    76  sqrt.o(i.sqrt)
    strtod                                   0x0800d6c5   Thumb Code    28  strtod.o(i.strtod)
    tan                                      0x0800d6e1   Thumb Code    90  tan.o(i.tan)
    __ctype_table                            0x0800e278   Data         129  ctype_o.o(.constdata)
    __mathlib_zero                           0x0800e330   Data           8  qnan.o(.constdata)
    Region$$Table$$Base                      0x0800e5c4   Number         0  anon$$obj.o(Region$$Table)
    Region$$Table$$Limit                     0x0800e5e4   Number         0  anon$$obj.o(Region$$Table)
    SystemCoreClock                          0x20000000   Data           4  system_stm32f10x.o(.data)
    AHBPrescTable                            0x20000004   Data          16  system_stm32f10x.o(.data)
    res                                      0x20000028   Data           1  nema_decode_test.o(.data)
    br                                       0x2000002c   Data           4  nema_decode_test.o(.data)
    bw                                       0x20000030   Data           4  nema_decode_test.o(.data)
    GPS_TransferEnd                          0x20000034   Data           1  bsp_gps.o(.data)
    GPS_HalfTransferEnd                      0x20000035   Data           1  bsp_gps.o(.data)
    StopCondition                            0x2000004c   Data           4  bsp_sdio_sdcard.o(.data)
    TransferError                            0x20000050   Data           1  bsp_sdio_sdcard.o(.data)
    TransferEnd                              0x20000054   Data           4  bsp_sdio_sdcard.o(.data)
    __stdout                                 0x200000a8   Data           4  stdout.o(.data)
    __microlib_freelist                      0x200000ac   Data           4  mvars.o(.data)
    __microlib_freelist_initialised          0x200000b0   Data           4  mvars.o(.data)
    fs                                       0x200000b8   Data        4144  nema_decode_test.o(.bss)
    log_file                                 0x200010e8   Data        4132  nema_decode_test.o(.bss)
    gps_buff                                 0x2000210c   Data         512  bsp_gps.o(.bss)
    SDCardInfo                               0x2000233c   Data          80  bsp_sdio_sdcard.o(.bss)
    SDIO_InitStructure                       0x2000238c   Data          24  bsp_sdio_sdcard.o(.bss)
    SDIO_CmdInitStructure                    0x200023a4   Data          20  bsp_sdio_sdcard.o(.bss)
    SDIO_DataInitStructure                   0x200023b8   Data          24  bsp_sdio_sdcard.o(.bss)
    txt_buff                                 0x200023d0   Data         256  parse.o(.bss)
    __heap_base                              0x200024d0   Data           0  startup_stm32f10x_hd.o(HEAP)
    __heap_limit                             0x200034d0   Data           0  startup_stm32f10x_hd.o(HEAP)
    __initial_sp                             0x200074d0   Data           0  startup_stm32f10x_hd.o(STACK)



==============================================================================

Memory Map of the image

  Image Entry point : 0x08000131

  Load Region LR_IROM1 (Base: 0x08000000, Size: 0x0000e69c, Max: 0x00080000, ABSOLUTE)

    Execution Region ER_IROM1 (Base: 0x08000000, Size: 0x0000e5e4, Max: 0x00080000, ABSOLUTE)

    Base Addr    Size         Type   Attr      Idx    E Section Name        Object

    0x08000000   0x00000130   Data   RO            3    RESET               startup_stm32f10x_hd.o
    0x08000130   0x00000000   Code   RO          975  * .ARM.Collect$$$$00000000  mc_w.l(entry.o)
    0x08000130   0x00000004   Code   RO         1367    .ARM.Collect$$$$00000001  mc_w.l(entry2.o)
    0x08000134   0x00000004   Code   RO         1370    .ARM.Collect$$$$00000004  mc_w.l(entry5.o)
    0x08000138   0x00000000   Code   RO         1372    .ARM.Collect$$$$00000008  mc_w.l(entry7b.o)
    0x08000138   0x00000000   Code   RO         1374    .ARM.Collect$$$$0000000A  mc_w.l(entry8b.o)
    0x08000138   0x00000008   Code   RO         1375    .ARM.Collect$$$$0000000B  mc_w.l(entry9a.o)
    0x08000140   0x00000000   Code   RO         1377    .ARM.Collect$$$$0000000D  mc_w.l(entry10a.o)
    0x08000140   0x00000000   Code   RO         1379    .ARM.Collect$$$$0000000F  mc_w.l(entry11a.o)
    0x08000140   0x00000004   Code   RO         1368    .ARM.Collect$$$$00002712  mc_w.l(entry2.o)
    0x08000144   0x00000024   Code   RO            4    .text               startup_stm32f10x_hd.o
    0x08000168   0x000001e0   Code   RO           10    .text               system_stm32f10x.o
    0x08000348   0x000000dc   Code   RO          111    .text               misc.o
    0x08000424   0x00000254   Code   RO          211    .text               stm32f10x_dma.o
    0x08000678   0x0000035c   Code   RO          259    .text               stm32f10x_gpio.o
    0x080009d4   0x000003a4   Code   RO          307    .text               stm32f10x_rcc.o
    0x08000d78   0x000001d4   Code   RO          333    .text               stm32f10x_sdio.o
    0x08000f4c   0x0000030c   Code   RO          345    .text               stm32f10x_spi.o
    0x08001258   0x00000408   Code   RO          369    .text               stm32f10x_usart.o
    0x08001660   0x000000e8   Code   RO          393    .text               main.o
    0x08001748   0x00000022   Code   RO          458    .text               stm32f10x_it.o
    0x0800176a   0x00000002   PAD
    0x0800176c   0x00000300   Code   RO          473    .text               nema_decode_test.o
    0x08001a6c   0x00000310   Code   RO          499    .text               bsp_gps.o
    0x08001d7c   0x00000060   Code   RO          533    .text               bsp_led.o
    0x08001ddc   0x000000b8   Code   RO          545    .text               bsp_usart.o
    0x08001e94   0x00000120   Code   RO          557    .text               diskio.o
    0x08001fb4   0x00002fb4   Code   RO          584    .text               ff.o
    0x08004f68   0x000018f8   Code   RO          608    .text               bsp_sdio_sdcard.o
    0x08006860   0x00000744   Code   RO          634    .text               bsp_spi_flash.o
    0x08006fa4   0x000000a8   Code   RO          652    .text               ccsbcs.o
    0x0800704c   0x000000f4   Code   RO          675    .text               context.o
    0x08007140   0x000013a6   Code   RO          755    .text               gmath.o
    0x080084e6   0x0000001e   Code   RO          780    .text               info.o
    0x08008504   0x0000136c   Code   RO          792    .text               parse.o
    0x08009870   0x0000063c   Code   RO          812    .text               parser.o
    0x08009eac   0x00000016   Code   RO          839    .text               time.o
    0x08009ec2   0x00000002   PAD
    0x08009ec4   0x00000308   Code   RO          854    .text               tok.o
    0x0800a1cc   0x00000062   Code   RO          978    .text               mc_w.l(uldiv.o)
    0x0800a22e   0x00000002   PAD
    0x0800a230   0x00000008   Code   RO          980    .text               mc_w.l(ctype_o.o)
    0x0800a238   0x00000012   Code   RO         1002    .text               mc_w.l(isspace_o.o)
    0x0800a24a   0x00000024   Code   RO         1011    .text               mc_w.l(memcpya.o)
    0x0800a26e   0x00000024   Code   RO         1013    .text               mc_w.l(memseta.o)
    0x0800a292   0x0000000e   Code   RO         1015    .text               mc_w.l(strlen.o)
    0x0800a2a0   0x00000014   Code   RO         1017    .text               mc_w.l(memchr.o)
    0x0800a2b4   0x0000001a   Code   RO         1019    .text               mc_w.l(memcmp.o)
    0x0800a2ce   0x00000070   Code   RO         1312    .text               mc_w.l(strtol.o)
    0x0800a33e   0x0000014e   Code   RO         1314    .text               mf_w.l(dadd.o)
    0x0800a48c   0x000000e4   Code   RO         1316    .text               mf_w.l(dmul.o)
    0x0800a570   0x000000de   Code   RO         1318    .text               mf_w.l(ddiv.o)
    0x0800a64e   0x00000022   Code   RO         1320    .text               mf_w.l(dflti.o)
    0x0800a670   0x0000003e   Code   RO         1322    .text               mf_w.l(dfixi.o)
    0x0800a6ae   0x00000002   PAD
    0x0800a6b0   0x00000030   Code   RO         1324    .text               mf_w.l(cdcmple.o)
    0x0800a6e0   0x00000030   Code   RO         1326    .text               mf_w.l(cdrcmple.o)
    0x0800a710   0x0000002c   Code   RO         1382    .text               mc_w.l(uidiv.o)
    0x0800a73c   0x0000001e   Code   RO         1384    .text               mc_w.l(llshl.o)
    0x0800a75a   0x00000020   Code   RO         1386    .text               mc_w.l(llushr.o)
    0x0800a77a   0x00000024   Code   RO         1388    .text               mc_w.l(llsshr.o)
    0x0800a79e   0x0000009e   Code   RO         1399    .text               mc_w.l(_strtoul.o)
    0x0800a83c   0x0000009c   Code   RO         1401    .text               mc_w.l(strtod.o)
    0x0800a8d8   0x00000000   Code   RO         1403    .text               mc_w.l(iusefp.o)
    0x0800a8d8   0x000000ba   Code   RO         1404    .text               mf_w.l(depilogue.o)
    0x0800a992   0x0000002e   Code   RO         1406    .text               mf_w.l(dscalb.o)
    0x0800a9c0   0x000000a2   Code   RO         1408    .text               mf_w.l(dsqrt.o)
    0x0800aa62   0x00000030   Code   RO         1410    .text               mf_w.l(dfixul.o)
    0x0800aa92   0x00000002   PAD
    0x0800aa94   0x00000024   Code   RO         1412    .text               mc_w.l(init.o)
    0x0800aab8   0x0000001c   Code   RO         1416    .text               mc_w.l(_chval.o)
    0x0800aad4   0x00000338   Code   RO         1418    .text               mc_w.l(scanf_fp.o)
    0x0800ae0c   0x00000040   Code   RO         1422    .text               mc_w.l(_sgetc.o)
    0x0800ae4c   0x0000001a   Code   RO         1424    .text               mf_w.l(dfltui.o)
    0x0800ae66   0x00000018   Code   RO         1429    .text               mf_w.l(dfltul.o)
    0x0800ae7e   0x00000038   Code   RO         1431    .text               mf_w.l(d2f.o)
    0x0800aeb6   0x0000006e   Code   RO         1433    .text               mf_w.l(fepilogue.o)
    0x0800af24   0x00000020   Code   RO         1256    i.__0printf         mc_w.l(printfa.o)
    0x0800af44   0x00000028   Code   RO         1257    i.__0snprintf       mc_w.l(printfa.o)
    0x0800af6c   0x00000024   Code   RO         1261    i.__0vsnprintf      mc_w.l(printfa.o)
    0x0800af90   0x00000028   Code   RO         1345    i.__ARM_fpclassify  m_ws.l(fpclassify.o)
    0x0800afb8   0x00000024   Code   RO          764    i.__ARM_isnan       gmath.o
    0x0800afdc   0x00000008   Code   RO         1392    i.__aeabi_errno_addr  mc_w.l(errno.o)
    0x0800afe4   0x00000388   Code   RO         1350    i.__ieee754_rem_pio2  m_ws.l(rred.o)
    0x0800b36c   0x000000fc   Code   RO         1328    i.__kernel_cos      m_ws.l(cos_i.o)
    0x0800b468   0x000000aa   Code   RO         1347    i.__kernel_poly     m_ws.l(poly.o)
    0x0800b512   0x00000002   PAD
    0x0800b514   0x000000ec   Code   RO         1355    i.__kernel_sin      m_ws.l(sin_i.o)
    0x0800b600   0x0000027c   Code   RO         1361    i.__kernel_tan      m_ws.l(tan_i.o)
    0x0800b87c   0x00000010   Code   RO         1331    i.__mathlib_dbl_divzero  m_ws.l(dunder.o)
    0x0800b88c   0x00000006   Code   RO         1332    i.__mathlib_dbl_infnan  m_ws.l(dunder.o)
    0x0800b892   0x00000004   Code   RO         1333    i.__mathlib_dbl_infnan2  m_ws.l(dunder.o)
    0x0800b896   0x0000000c   Code   RO         1334    i.__mathlib_dbl_invalid  m_ws.l(dunder.o)
    0x0800b8a2   0x0000000e   Code   RO         1335    i.__mathlib_dbl_overflow  m_ws.l(dunder.o)
    0x0800b8b0   0x00000010   Code   RO         1337    i.__mathlib_dbl_underflow  m_ws.l(dunder.o)
    0x0800b8c0   0x0000000e   Code   RO         1437    i.__scatterload_copy  mc_w.l(handlers.o)
    0x0800b8ce   0x00000002   Code   RO         1438    i.__scatterload_null  mc_w.l(handlers.o)
    0x0800b8d0   0x0000000e   Code   RO         1439    i.__scatterload_zeroinit  mc_w.l(handlers.o)
    0x0800b8de   0x00000002   PAD
    0x0800b8e0   0x0000000c   Code   RO         1394    i.__set_errno       mc_w.l(errno.o)
    0x0800b8ec   0x00000164   Code   RO         1263    i._fp_digits        mc_w.l(printfa.o)
    0x0800ba50   0x0000000e   Code   RO         1420    i._is_digit         mc_w.l(scanf_fp.o)
    0x0800ba5e   0x00000002   PAD
    0x0800ba60   0x000006dc   Code   RO         1264    i._printf_core      mc_w.l(printfa.o)
    0x0800c13c   0x00000024   Code   RO         1265    i._printf_post_padding  mc_w.l(printfa.o)
    0x0800c160   0x0000002e   Code   RO         1266    i._printf_pre_padding  mc_w.l(printfa.o)
    0x0800c18e   0x00000016   Code   RO         1267    i._snputc           mc_w.l(printfa.o)
    0x0800c1a4   0x0000027c   Code   RO          884    i.acos              m_ws.l(acos.o)
    0x0800c420   0x00000270   Code   RO          894    i.asin              m_ws.l(asin.o)
    0x0800c690   0x00000220   Code   RO          904    i.atan              m_ws.l(atan.o)
    0x0800c8b0   0x00000180   Code   RO          914    i.atan2             m_ws.l(atan2.o)
    0x0800ca30   0x0000009c   Code   RO          926    i.cos               m_ws.l(cos.o)
    0x0800cacc   0x00000050   Code   RO         1284    i.free              mc_w.l(malloc.o)
    0x0800cb1c   0x0000006c   Code   RO         1285    i.malloc            mc_w.l(malloc.o)
    0x0800cb88   0x00000098   Code   RO          934    i.modf              m_ws.l(modf.o)
    0x0800cc20   0x000009b8   Code   RO          938    i.pow               m_ws.l(pow.o)
    0x0800d5d8   0x000000a0   Code   RO          948    i.sin               m_ws.l(sin.o)
    0x0800d678   0x0000004c   Code   RO          956    i.sqrt              m_ws.l(sqrt.o)
    0x0800d6c4   0x0000001c   Code   RO          964    i.strtod            m_ws.l(strtod.o)
    0x0800d6e0   0x00000064   Code   RO          968    i.tan               m_ws.l(tan.o)
    0x0800d744   0x000000ba   Data   RO          585    .constdata          ff.o
    0x0800d7fe   0x000008b8   Data   RO          653    .constdata          ccsbcs.o
    0x0800e0b6   0x00000002   PAD
    0x0800e0b8   0x00000050   Data   RO          885    .constdata          m_ws.l(acos.o)
    0x0800e108   0x00000050   Data   RO          895    .constdata          m_ws.l(asin.o)
    0x0800e158   0x00000098   Data   RO          905    .constdata          m_ws.l(atan.o)
    0x0800e1f0   0x00000088   Data   RO          939    .constdata          m_ws.l(pow.o)
    0x0800e278   0x00000081   Data   RO          981    .constdata          mc_w.l(ctype_o.o)
    0x0800e2f9   0x00000003   PAD
    0x0800e2fc   0x00000004   Data   RO          982    .constdata          mc_w.l(ctype_o.o)
    0x0800e300   0x00000030   Data   RO         1329    .constdata          m_ws.l(cos_i.o)
    0x0800e330   0x00000008   Data   RO         1349    .constdata          m_ws.l(qnan.o)
    0x0800e338   0x000000c8   Data   RO         1352    .constdata          m_ws.l(rred.o)
    0x0800e400   0x00000028   Data   RO         1356    .constdata          m_ws.l(sin_i.o)
    0x0800e428   0x00000060   Data   RO         1362    .constdata          m_ws.l(tan_i.o)
    0x0800e488   0x0000004b   Data   RO          475    .conststring        nema_decode_test.o
    0x0800e4d3   0x00000001   PAD
    0x0800e4d4   0x000000ee   Data   RO          794    .conststring        parse.o
    0x0800e5c2   0x00000002   PAD
    0x0800e5c4   0x00000020   Data   RO         1435    Region$$Table       anon$$obj.o


    Execution Region RW_IRAM1 (Base: 0x20000000, Size: 0x000074d0, Max: 0x00010000, ABSOLUTE)

    Base Addr    Size         Type   Attr      Idx    E Section Name        Object

    0x20000000   0x00000014   Data   RW           11    .data               system_stm32f10x.o
    0x20000014   0x00000014   Data   RW          308    .data               stm32f10x_rcc.o
    0x20000028   0x0000000c   Data   RW          476    .data               nema_decode_test.o
    0x20000034   0x00000002   Data   RW          501    .data               bsp_gps.o
    0x20000036   0x00000002   PAD
    0x20000038   0x0000000a   Data   RW          586    .data               ff.o
    0x20000042   0x00000002   PAD
    0x20000044   0x00000015   Data   RW          610    .data               bsp_sdio_sdcard.o
    0x20000059   0x00000003   PAD
    0x2000005c   0x00000005   Data   RW          636    .data               bsp_spi_flash.o
    0x20000061   0x00000003   PAD
    0x20000064   0x00000010   Data   RW          676    .data               context.o
    0x20000074   0x00000034   Data   RW          795    .data               parse.o
    0x200000a8   0x00000004   Data   RW         1381    .data               mc_w.l(stdout.o)
    0x200000ac   0x00000004   Data   RW         1390    .data               mc_w.l(mvars.o)
    0x200000b0   0x00000004   Data   RW         1391    .data               mc_w.l(mvars.o)
    0x200000b4   0x00000004   Data   RW         1395    .data               mc_w.l(errno.o)
    0x200000b8   0x00002054   Zero   RW          474    .bss                nema_decode_test.o
    0x2000210c   0x00000200   Zero   RW          500    .bss                bsp_gps.o
    0x2000230c   0x000000c4   Zero   RW          609    .bss                bsp_sdio_sdcard.o
    0x200023d0   0x00000100   Zero   RW          793    .bss                parse.o
    0x200024d0   0x00001000   Zero   RW            2    HEAP                startup_stm32f10x_hd.o
    0x200034d0   0x00004000   Zero   RW            1    STACK               startup_stm32f10x_hd.o


==============================================================================

Image component sizes


      Code (inc. data)   RO Data    RW Data    ZI Data      Debug   Object Name

       784         26          0          2        512       3742   bsp_gps.o
        96          6          0          0          0        550   bsp_led.o
      6392        214          0         21        196      25933   bsp_sdio_sdcard.o
      1860        134          0          5          0       6883   bsp_spi_flash.o
       184          8          0          0          0       1011   bsp_usart.o
       168         14       2232          0          0       2085   ccsbcs.o
       244          6          0         16          0       2864   context.o
       288          6          0          0          0       9882   diskio.o
     12212        128        186         10          0      35336   ff.o
         0          0          0          0          0       3844   generate.o
      5066        226          0          0          0       8667   gmath.o
        30          0          0          0          0        921   info.o
       232        176          0          0          0       3819   main.o
       220         22          0          0          0       1837   misc.o
       768        370         75         12       8276       4283   nema_decode_test.o
      4972       1148        238         52        256      11441   parse.o
      1596         24          0          0          0       5390   parser.o
        36          8        304          0      20480        876   startup_stm32f10x_hd.o
       596          8          0          0          0       4366   stm32f10x_dma.o
       860         38          0          0          0       5681   stm32f10x_gpio.o
        34          0          0          0          0       1419   stm32f10x_it.o
       932         36          0         20          0       8868   stm32f10x_rcc.o
       468         22          0          0          0       7124   stm32f10x_sdio.o
       780         14          0          0          0       6566   stm32f10x_spi.o
      1032         22          0          0          0       8408   stm32f10x_usart.o
       480         38          0         20          0     260591   system_stm32f10x.o
        22          0          0          0          0        892   time.o
       776          8          0          0          0       2583   tok.o

    ----------------------------------------------------------------------
     41132       2702       3072        168      29720     435862   Object Totals
         0          0         32          0          0          0   (incl. Generated)
         4          0          5         10          0          0   (incl. Padding)

    ----------------------------------------------------------------------

      Code (inc. data)   RO Data    RW Data    ZI Data      Debug   Library Member Name

       636         62         80          0          0        188   acos.o
       624         52         80          0          0        168   asin.o
       544         70        152          0          0        124   atan.o
       384         38          0          0          0        144   atan2.o
       156          8          0          0          0        104   cos.o
       252         22         48          0          0        124   cos_i.o
        68         10          0          0          0        408   dunder.o
        40          0          0          0          0         68   fpclassify.o
       152          8          0          0          0        116   modf.o
       170          0          0          0          0         96   poly.o
      2488        190        136          0          0        300   pow.o
         0          0          8          0          0          0   qnan.o
       904         76        200          0          0        140   rred.o
       160         10          0          0          0        108   sin.o
       236         12         40          0          0        128   sin_i.o
        76          0          0          0          0         84   sqrt.o
        28          0          0          0          0         80   strtod.o
       100         10          0          0          0         96   tan.o
       636         50         96          0          0        168   tan_i.o
        28          0          0          0          0         68   _chval.o
        64          0          0          0          0         84   _sgetc.o
       158          0          0          0          0         92   _strtoul.o
         8          4        133          0          0         68   ctype_o.o
         0          0          0          0          0          0   entry.o
         0          0          0          0          0          0   entry10a.o
         0          0          0          0          0          0   entry11a.o
         8          4          0          0          0          0   entry2.o
         4          0          0          0          0          0   entry5.o
         0          0          0          0          0          0   entry7b.o
         0          0          0          0          0          0   entry8b.o
         8          4          0          0          0          0   entry9a.o
        20         10          0          4          0        136   errno.o
        30          0          0          0          0          0   handlers.o
        36          8          0          0          0         68   init.o
        18          0          0          0          0         76   isspace_o.o
         0          0          0          0          0          0   iusefp.o
        30          0          0          0          0         68   llshl.o
        36          0          0          0          0         68   llsshr.o
        32          0          0          0          0         68   llushr.o
       188         20          0          0          0        160   malloc.o
        20          0          0          0          0         68   memchr.o
        26          0          0          0          0         80   memcmp.o
        36          0          0          0          0         68   memcpya.o
        36          0          0          0          0        108   memseta.o
         0          0          0          8          0          0   mvars.o
      2324         98          0          0          0        676   printfa.o
       838         12          0          0          0        216   scanf_fp.o
         0          0          0          4          0          0   stdout.o
        14          0          0          0          0         68   strlen.o
       156         14          0          0          0        120   strtod.o
       112          0          0          0          0         88   strtol.o
        44          0          0          0          0         80   uidiv.o
        98          0          0          0          0         92   uldiv.o
        48          0          0          0          0         68   cdcmple.o
        48          0          0          0          0         68   cdrcmple.o
        56          0          0          0          0         88   d2f.o
       334          0          0          0          0        148   dadd.o
       222          0          0          0          0        100   ddiv.o
       186          0          0          0          0        176   depilogue.o
        62          0          0          0          0         80   dfixi.o
        48          0          0          0          0         68   dfixul.o
        34          0          0          0          0         76   dflti.o
        26          0          0          0          0         76   dfltui.o
        24          0          0          0          0         76   dfltul.o
       228          0          0          0          0         96   dmul.o
        46          0          0          0          0         80   dscalb.o
       162          0          0          0          0        100   dsqrt.o
       110          0          0          0          0        168   fepilogue.o

    ----------------------------------------------------------------------
     13672        792        976         16          0       6732   Library Totals
        12          0          3          0          0          0   (incl. Padding)

    ----------------------------------------------------------------------

      Code (inc. data)   RO Data    RW Data    ZI Data      Debug   Library Name

      7654        618        840          0          0       2644   m_ws.l
      4372        174        133         16          0       2620   mc_w.l
      1634          0          0          0          0       1468   mf_w.l

    ----------------------------------------------------------------------
     13672        792        976         16          0       6732   Library Totals

    ----------------------------------------------------------------------

==============================================================================


      Code (inc. data)   RO Data    RW Data    ZI Data      Debug   

     54804       3494       4048        184      29720     436922   Grand Totals
     54804       3494       4048        184      29720     436922   ELF Image Totals
     54804       3494       4048        184          0          0   ROM Totals

==============================================================================

    Total RO  Size (Code + RO Data)                58852 (  57.47kB)
    Total RW  Size (RW Data + ZI Data)             29904 (  29.20kB)
    Total ROM Size (Code + RO Data + RW Data)      59036 (  57.65kB)

==============================================================================

